May 19 17:50:21 mailserv postfix/qmgr[5252]: D591BA0057D: from=<jjones@network.test>, size=9059, nrcpt=3 (queue active)
May 19 17:50:21 mailserv postfix/smtp[26911]: D591BA0057D: to=<p3vy5uko0m@someuser.test>, relay=127.0.0.1[127.0.0.1]:25, delay=0.9, delays=0.44/0.01/0.16/0.3, dsn=2.0.0, status=sent (250 2.0.0 OK 1456292320 l4si1610122wja.105 - gsmtp)
May 19 17:50:21 mailserv postfix/qmgr[5252]: D591BA0057D: removed
May 19 17:50:51 mailserv postfix/smtpd[26118]: B26219BF3C6: client=58.9.264.19.com[58.9.264.19], sasl_method=PLAIN, sasl_username=sandra_clark
May 19 17:50:51 mailserv postfix/cleanup[17455]: B26219BF3C6: message-id=<4237917618@domain.test>
May 19 17:51:21 mailserv postfix/smtpd[26118]: 82EB83A63FD: client=24.267.98.35.com[24.267.98.35], sasl_method=PLAIN, sasl_username=nelson_carter
May 19 17:51:21 mailserv postfix/cleanup[17455]: 82EB83A63FD: message-id=<4237917619@domain.test>
May 19 17:52:01 mailserv postfix/qmgr[5252]: 0E6C9A004CE: from=<sjones@terraforms.test>, size=13529, nrcpt=3 (queue active)
May 19 17:52:01 mailserv postfix/smtp[26911]: 0E6C9A004CE: to=<nclfw54ziu@someuser.test>, relay=127.0.0.1[127.0.0.1]:25, delay=0.9, delays=0.44/0.01/0.16/0.3, dsn=2.0.0, status=sent (250 2.0.0 OK 1456292320 l4si1610122wja.105 - gsmtp)
May 19 17:52:01 mailserv postfix/qmgr[5252]: 0E6C9A004CE: removed
May 19 17:52:20 mailserv postfix/smtpd[26118]: A937F8310B3: client=242.293.7.54.com[242.293.7.54], sasl_method=PLAIN, sasl_username=fred_hammond
May 19 17:52:20 mailserv postfix/cleanup[17455]: A937F8310B3: message-id=<4237917620@domain.test>
May 19 17:52:36 mailserv postfix/qmgr[5252]: 0E6C9A004CE: from=<robert1983@robots.test>, size=11701, nrcpt=3 (queue active)
May 19 17:52:36 mailserv postfix/smtp[26911]: 0E6C9A004CE: to=<jks6q2xiq4@someuser.test>, relay=127.0.0.1[127.0.0.1]:25, delay=0.9, delays=0.44/0.01/0.16/0.3, dsn=2.0.0, status=sent (250 2.0.0 OK 1456292320 l4si1610122wja.105 - gsmtp)
May 19 17:52:36 mailserv postfix/qmgr[5252]: 0E6C9A004CE: removed
May 19 17:52:44 mailserv postfix/qmgr[5252]: B26219BF3C6: from=<sandra@clarkfoods.test>, size=14767, nrcpt=3 (queue active)
May 19 17:52:44 mailserv postfix/smtp[26911]: B26219BF3C6: to=<53xczjmtra@someuser.test>, relay=127.0.0.1[127.0.0.1]:25, delay=0.9, delays=0.44/0.01/0.16/0.3, dsn=2.0.0, status=sent (250 2.0.0 OK 1456292320 l4si1610122wja.105 - gsmtp)
May 19 17:52:44 mailserv postfix/qmgr[5252]: B26219BF3C6: removed
May 19 17:53:04 mailserv postfix/smtpd[26118]: D591BA0057D: client=182.261.93.102.com[182.261.93.102], sasl_method=PLAIN, sasl_username=james_joseph
May 19 17:53:04 mailserv postfix/cleanup[17455]: D591BA0057D: message-id=<4237917621@domain.test>
May 19 17:53:09 mailserv postfix/smtpd[26118]: 3A836DF172B: client=140.16.183.261.com[140.16.183.261], sasl_method=PLAIN, sasl_username=summer_white
May 19 17:53:09 mailserv postfix/cleanup[17455]: 3A836DF172B: message-id=<4237917622@domain.test>
May 19 17:53:38 mailserv postfix/qmgr[5252]: A937F8310B3: from=<fredh16@meager.test>, size=7870, nrcpt=3 (queue active)
May 19 17:53:38 mailserv postfix/smtp[26911]: A937F8310B3: to=<t30ypogfuk@someuser.test>, relay=127.0.0.1[127.0.0.1]:25, delay=0.9, delays=0.44/0.01/0.16/0.3, dsn=2.0.0, status=sent (250 2.0.0 OK 1456292320 l4si1610122wja.105 - gsmtp)
May 19 17:53:38 mailserv postfix/qmgr[5252]: A937F8310B3: removed
May 19 17:53:51 mailserv postfix/smtpd[26118]: 3A836DF172B: client=140.16.183.261.com[140.16.183.261], sasl_method=PLAIN, sasl_username=summer_white
May 19 17:53:51 mailserv postfix/cleanup[17455]: 3A836DF172B: message-id=<4237917623@domain.test>
May 19 17:54:14 mailserv postfix/qmgr[5252]: 4C80AD2937B: from=<abeatty92@newdawn.test>, size=13200, nrcpt=3 (queue active)
May 19 17:54:14 mailserv postfix/smtp[26911]: 4C80AD2937B: to=<5pfw0hl93f@someuser.test>, relay=127.0.0.1[127.0.0.1]:25, delay=0.9, delays=0.44/0.01/0.16/0.3, dsn=2.0.0, status=sent (250 2.0.0 OK 1456292320 l4si1610122wja.105 - gsmtp)
May 19 17:54:14 mailserv postfix/qmgr[5252]: 4C80AD2937B: removed
May 19 17:54:28 mailserv postfix/smtpd[26118]: 01E30A005AE: client=76.240.191.283.com[76.240.191.283], sasl_method=PLAIN, sasl_username=edward_birch
May 19 17:54:28 mailserv postfix/cleanup[17455]: 01E30A005AE: message-id=<4237917624@domain.test>
May 19 17:55:02 mailserv postfix/smtpd[26118]: D591BA0057D: client=182.261.93.102.com[182.261.93.102], sasl_method=PLAIN, sasl_username=james_joseph
May 19 17:55:02 mailserv postfix/cleanup[17455]: D591BA0057D: message-id=<4237917625@domain.test>
May 19 17:55:07 mailserv postfix/smtpd[26118]: D591BA0057D: client=182.261.93.102.com[182.261.93.102], sasl_method=PLAIN, sasl_username=james_joseph
May 19 17:55:07 mailserv postfix/cleanup[17455]: D591BA0057D: message-id=<4237917626@domain.test>
May 19 17:55:12 mailserv postfix/smtpd[26118]: 3BF108C5F37: client=94.3.197.258.com[94.3.197.258], sasl_method=PLAIN, sasl_username=lola_noorfuld
May 19 17:55:12 mailserv postfix/cleanup[17455]: 3BF108C5F37: message-id=<4237917627@domain.test>
May 19 17:55:29 mailserv postfix/qmgr[5252]: D591BA0057D: from=<jjones@network.test>, size=9627, nrcpt=3 (queue active)
May 19 17:55:29 mailserv postfix/smtp[26911]: D591BA0057D: to=<i39j0jke83@someuser.test>, relay=127.0.0.1[127.0.0.1]:25, delay=0.9, delays=0.44/0.01/0.16/0.3, dsn=2.0.0, status=sent (250 2.0.0 OK 1456292320 l4si1610122wja.105 - gsmtp)
May 19 17:55:29 mailserv postfix/qmgr[5252]: D591BA0057D: removed
May 19 17:55:46 mailserv postfix/qmgr[5252]: 3A836DF172B: from=<summerflowers@arkel.test>, size=9962, nrcpt=3 (queue active)
May 19 17:55:46 mailserv postfix/smtp[26911]: 3A836DF172B: to=<wv0sgl4ng6@someuser.test>, relay=127.0.0.1[127.0.0.1]:25, delay=0.9, delays=0.44/0.01/0.16/0.3, dsn=2.0.0, status=sent (250 2.0.0 OK 1456292320 l4si1610122wja.105 - gsmtp)
May 19 17:55:46 mailserv postfix/qmgr[5252]: 3A836DF172B: removed
May 19 17:55:49 mailserv postfix/qmgr[5252]: 82EB83A63FD: from=<nelson@fastfoodfast.test>, size=7807, nrcpt=3 (queue active)
May 19 17:55:49 mailserv postfix/smtp[26911]: 82EB83A63FD: to=<84kvinnqg4@someuser.test>, relay=127.0.0.1[127.0.0.1]:25, delay=0.9, delays=0.44/0.01/0.16/0.3, dsn=2.0.0, status=sent (250 2.0.0 OK 1456292320 l4si1610122wja.105 - gsmtp)
May 19 17:55:49 mailserv postfix/qmgr[5252]: 82EB83A63FD: removed
May 19 17:55:57 mailserv postfix/qmgr[5252]: D591BA0057D: from=<jjones@network.test>, size=14824, nrcpt=3 (queue active)
May 19 17:55:57 mailserv postfix/smtp[26911]: D591BA0057D: to=<mivg8vj5h6@someuser.test>, relay=127.0.0.1[127.0.0.1]:25, delay=0.9, delays=0.44/0.01/0.16/0.3, dsn=2.0.0, status=sent (250 2.0.0 OK 1456292320 l4si1610122wja.105 - gsmtp)
May 19 17:55:57 mailserv postfix/qmgr[5252]: D591BA0057D: removed
May 19 17:56:03 mailserv postfix/smtpd[26118]: C837B51A8E6: client=38.14.296.47.com[38.14.296.47], sasl_method=PLAIN, sasl_username=alice_smith
May 19 17:56:03 mailserv postfix/cleanup[17455]: C837B51A8E6: message-id=<4237917628@domain.test>
May 19 17:56:17 mailserv postfix/qmgr[5252]: 01E30A005AE: from=<eddyb@grading.test>, size=3242, nrcpt=3 (queue active)
May 19 17:56:17 mailserv postfix/smtp[26911]: 01E30A005AE: to=<q50c0mgzx3@someuser.test>, relay=127.0.0.1[127.0.0.1]:25, delay=0.9, delays=0.44/0.01/0.16/0.3, dsn=2.0.0, status=sent (250 2.0.0 OK 1456292320 l4si1610122wja.105 - gsmtp)
May 19 17:56:17 mailserv postfix/qmgr[5252]: 01E30A005AE: removed
May 19 17:56:26 mailserv postfix/qmgr[5252]: 3BF108C5F37: from=<lolan@noorfulds.test>, size=8066, nrcpt=3 (queue active)
May 19 17:56:26 mailserv postfix/smtp[26911]: 3BF108C5F37: to=<m7qzxx0m1z@someuser.test>, relay=127.0.0.1[127.0.0.1]:25, delay=0.9, delays=0.44/0.01/0.16/0.3, dsn=2.0.0, status=sent (250 2.0.0 OK 1456292320 l4si1610122wja.105 - gsmtp)
May 19 17:56:26 mailserv postfix/qmgr[5252]: 3BF108C5F37: removed
May 19 17:56:43 mailserv postfix/smtpd[26118]: 93AF9EC0382: client=84.62.272.91.com[84.62.272.91], sasl_method=PLAIN, sasl_username=george_parker
May 19 17:56:43 mailserv postfix/cleanup[17455]: 93AF9EC0382: message-id=<4237917629@domain.test>
May 19 17:56:48 mailserv postfix/qmgr[5252]: D591BA0057D: from=<jjones@network.test>, size=8960, nrcpt=3 (queue active)
May 19 17:56:48 mailserv postfix/smtp[26911]: D591BA0057D: to=<7u6zb8fh5k@someuser.test>, relay=127.0.0.1[127.0.0.1]:25, delay=0.9, delays=0.44/0.01/0.16/0.3, dsn=2.0.0, status=sent (250 2.0.0 OK 1456292320 l4si1610122wja.105 - gsmtp)
May 19 17:56:48 mailserv postfix/qmgr[5252]: D591BA0057D: removed
May 19 17:57:16 mailserv postfix/smtpd[26118]: D591BA0057D: client=182.261.93.102.com[182.261.93.102], sasl_method=PLAIN, sasl_username=james_joseph
May 19 17:57:16 mailserv postfix/cleanup[17455]: D591BA0057D: message-id=<4237917630@domain.test>
May 19 17:57:21 mailserv postfix/smtpd[26118]: F6DB28A7490: client=217.259.17.34.com[217.259.17.34], sasl_method=PLAIN, sasl_username=oskar_shwarz
May 19 17:57:21 mailserv postfix/cleanup[17455]: F6DB28A7490: message-id=<4237917631@domain.test>
May 19 17:57:37 mailserv postfix/qmgr[5252]: 3A836DF172B: from=<summerflowers@arkel.test>, size=5758, nrcpt=3 (queue active)
May 19 17:57:37 mailserv postfix/smtp[26911]: 3A836DF172B: to=<rdblu52de1@someuser.test>, relay=127.0.0.1[127.0.0.1]:25, delay=0.9, delays=0.44/0.01/0.16/0.3, dsn=2.0.0, status=sent (250 2.0.0 OK 1456292320 l4si1610122wja.105 - gsmtp)
May 19 17:57:37 mailserv postfix/qmgr[5252]: 3A836DF172B: removed
May 19 17:57:55 mailserv postfix/qmgr[5252]: D591BA0057D: from=<jjones@network.test>, size=4747, nrcpt=3 (queue active)
May 19 17:57:55 mailserv postfix/smtp[26911]: D591BA0057D: to=<mu6x5ke1e1@someuser.test>, relay=127.0.0.1[127.0.0.1]:25, delay=0.9, delays=0.44/0.01/0.16/0.3, dsn=2.0.0, status=sent (250 2.0.0 OK 1456292320 l4si1610122wja.105 - gsmtp)
May 19 17:57:55 mailserv postfix/qmgr[5252]: D591BA0057D: removed
May 19 17:58:00 mailserv postfix/smtpd[26118]: D591BA0057D: client=182.261.93.102.com[182.261.93.102], sasl_method=PLAIN, sasl_username=james_joseph
May 19 17:58:00 mailserv postfix/cleanup[17455]: D591BA0057D: message-id=<4237917632@domain.test>
May 19 17:58:05 mailserv postfix/smtpd[26118]: 3984BF28AC6: client=57.3.260.67.com[57.3.260.67], sasl_method=PLAIN, sasl_username=mandy_hill
May 19 17:58:05 mailserv postfix/cleanup[17455]: 3984BF28AC6: message-id=<4237917633@domain.test>
May 19 17:58:36 mailserv postfix/smtpd[26118]: 092BE29C374: client=208.44.259.61.com[208.44.259.61], sasl_method=PLAIN, sasl_username=chuck_bintar
May 19 17:58:36 mailserv postfix/cleanup[17455]: 092BE29C374: message-id=<4237917634@domain.test>
May 19 17:59:08 mailserv postfix/qmgr[5252]: 93AF9EC0382: from=<gp@helipads.test>, size=8052, nrcpt=3 (queue active)
May 19 17:59:08 mailserv postfix/smtp[26911]: 93AF9EC0382: to=<2qf4qz3xpm@someuser.test>, relay=127.0.0.1[127.0.0.1]:25, delay=0.9, delays=0.44/0.01/0.16/0.3, dsn=2.0.0, status=sent (250 2.0.0 OK 1456292320 l4si1610122wja.105 - gsmtp)
May 19 17:59:08 mailserv postfix/qmgr[5252]: 93AF9EC0382: removed
May 19 17:59:12 mailserv postfix/qmgr[5252]: 092BE29C374: from=<chuckbintar@octopusgloves.test>, size=4910, nrcpt=3 (queue active)
May 19 17:59:12 mailserv postfix/smtp[26911]: 092BE29C374: to=<5brzr64efs@someuser.test>, relay=127.0.0.1[127.0.0.1]:25, delay=0.9, delays=0.44/0.01/0.16/0.3, dsn=2.0.0, status=sent (250 2.0.0 OK 1456292320 l4si1610122wja.105 - gsmtp)
May 19 17:59:12 mailserv postfix/qmgr[5252]: 092BE29C374: removed
May 19 17:59:13 mailserv postfix/smtpd[26118]: 5A93DF738D3: client=103.77.258.19.com[103.77.258.19], sasl_method=PLAIN, sasl_username=suni_ruhl
May 19 17:59:13 mailserv postfix/cleanup[17455]: 5A93DF738D3: message-id=<4237917635@domain.test>
May 19 17:59:14 mailserv postfix/qmgr[5252]: F6DB28A7490: from=<schwarzy@alpine.test>, size=3286, nrcpt=3 (queue active)
May 19 17:59:14 mailserv postfix/smtp[26911]: F6DB28A7490: to=<h7gut3wbs5@someuser.test>, relay=127.0.0.1[127.0.0.1]:25, delay=0.9, delays=0.44/0.01/0.16/0.3, dsn=2.0.0, status=sent (250 2.0.0 OK 1456292320 l4si1610122wja.105 - gsmtp)
May 19 17:59:14 mailserv postfix/qmgr[5252]: F6DB28A7490: removed
May 19 17:59:19 mailserv postfix/qmgr[5252]: 3984BF28AC6: from=<mandyhill@lastindex.test>, size=8324, nrcpt=3 (queue active)
May 19 17:59:19 mailserv postfix/smtp[26911]: 3984BF28AC6: to=<is15y1ekm6@someuser.test>, relay=127.0.0.1[127.0.0.1]:25, delay=0.9, delays=0.44/0.01/0.16/0.3, dsn=2.0.0, status=sent (250 2.0.0 OK 1456292320 l4si1610122wja.105 - gsmtp)
May 19 17:59:19 mailserv postfix/qmgr[5252]: 3984BF28AC6: removed
May 19 18:00:11 mailserv postfix/smtpd[26118]: C837B51A8E6: client=38.14.296.47.com[38.14.296.47], sasl_method=PLAIN, sasl_username=alice_smith
May 19 18:00:11 mailserv postfix/cleanup[17455]: C837B51A8E6: message-id=<4237917636@domain.test>
May 19 18:00:55 mailserv postfix/qmgr[5252]: C837B51A8E6: from=<alicesmith7@nosite.test>, size=14626, nrcpt=3 (queue active)
May 19 18:00:55 mailserv postfix/smtp[26911]: C837B51A8E6: to=<uslk6bfega@someuser.test>, relay=127.0.0.1[127.0.0.1]:25, delay=0.9, delays=0.44/0.01/0.16/0.3, dsn=2.0.0, status=sent (250 2.0.0 OK 1456292320 l4si1610122wja.105 - gsmtp)
May 19 18:00:55 mailserv postfix/qmgr[5252]: C837B51A8E6: removed
May 19 18:01:01 mailserv postfix/qmgr[5252]: 5A93DF738D3: from=<suni@ruhlpackaging.test>, size=3862, nrcpt=3 (queue active)
May 19 18:01:01 mailserv postfix/smtp[26911]: 5A93DF738D3: to=<o541gtyjjf@someuser.test>, relay=127.0.0.1[127.0.0.1]:25, delay=0.9, delays=0.44/0.01/0.16/0.3, dsn=2.0.0, status=sent (250 2.0.0 OK 1456292320 l4si1610122wja.105 - gsmtp)
May 19 18:01:01 mailserv postfix/qmgr[5252]: 5A93DF738D3: removed
May 19 18:01:05 mailserv postfix/smtpd[26118]: 5EBC72D19B2: client=42.182.273.80.com[42.182.273.80], sasl_method=PLAIN, sasl_username=claire_rogers
May 19 18:01:05 mailserv postfix/cleanup[17455]: 5EBC72D19B2: message-id=<4237917637@domain.test>
May 19 18:01:10 mailserv postfix/qmgr[5252]: C837B51A8E6: from=<alicesmith7@nosite.test>, size=8806, nrcpt=3 (queue active)
May 19 18:01:10 mailserv postfix/smtp[26911]: C837B51A8E6: to=<ipy6xtjcv0@someuser.test>, relay=127.0.0.1[127.0.0.1]:25, delay=0.9, delays=0.44/0.01/0.16/0.3, dsn=2.0.0, status=sent (250 2.0.0 OK 1456292320 l4si1610122wja.105 - gsmtp)
May 19 18:01:10 mailserv postfix/qmgr[5252]: C837B51A8E6: removed
May 19 18:01:57 mailserv postfix/qmgr[5252]: D591BA0057D: from=<jjones@network.test>, size=7357, nrcpt=3 (queue active)
May 19 18:01:57 mailserv postfix/smtp[26911]: D591BA0057D: to=<qituesw5ft@someuser.test>, relay=127.0.0.1[127.0.0.1]:25, delay=0.9, delays=0.44/0.01/0.16/0.3, dsn=2.0.0, status=sent (250 2.0.0 OK 1456292320 l4si1610122wja.105 - gsmtp)
May 19 18:01:57 mailserv postfix/qmgr[5252]: D591BA0057D: removed
May 19 18:01:59 mailserv postfix/smtpd[26118]: 7AB42F0E8B5: client=81.19.266.57.com[81.19.266.57], sasl_method=PLAIN, sasl_username=evandar_park
May 19 18:01:59 mailserv postfix/cleanup[17455]: 7AB42F0E8B5: message-id=<4237917638@domain.test>
May 19 18:02:49 mailserv postfix/smtpd[26118]: 5A93DF738D3: client=103.77.258.19.com[103.77.258.19], sasl_method=PLAIN, sasl_username=suni_ruhl
May 19 18:02:49 mailserv postfix/cleanup[17455]: 5A93DF738D3: message-id=<4237917639@domain.test>
May 19 18:03:16 mailserv postfix/qmgr[5252]: 5EBC72D19B2: from=<claire2001@appleby.test>, size=3831, nrcpt=3 (queue active)
May 19 18:03:16 mailserv postfix/smtp[26911]: 5EBC72D19B2: to=<fbmzv6mdot@someuser.test>, relay=127.0.0.1[127.0.0.1]:25, delay=0.9, delays=0.44/0.01/0.16/0.3, dsn=2.0.0, status=sent (250 2.0.0 OK 1456292320 l4si1610122wja.105 - gsmtp)
May 19 18:03:16 mailserv postfix/qmgr[5252]: 5EBC72D19B2: removed
May 19 18:03:24 mailserv postfix/smtpd[26118]: 82EB83A63FD: client=24.267.98.35.com[24.267.98.35], sasl_method=PLAIN, sasl_username=nelson_carter
May 19 18:03:24 mailserv postfix/cleanup[17455]: 82EB83A63FD: message-id=<4237917640@domain.test>
May 19 18:03:50 mailserv postfix/qmgr[5252]: 5A93DF738D3: from=<suni@ruhlpackaging.test>, size=10259, nrcpt=3 (queue active)
May 19 18:03:50 mailserv postfix/smtp[26911]: 5A93DF738D3: to=<aqsf2nb63y@someuser.test>, relay=127.0.0.1[127.0.0.1]:25, delay=0.9, delays=0.44/0.01/0.16/0.3, dsn=2.0.0, status=sent (250 2.0.0 OK 1456292320 l4si1610122wja.105 - gsmtp)
May 19 18:03:50 mailserv postfix/qmgr[5252]: 5A93DF738D3: removed
May 19 18:04:09 mailserv postfix/smtpd[26118]: D591BA0057D: client=182.261.93.102.com[182.261.93.102], sasl_method=PLAIN, sasl_username=james_joseph
May 19 18:04:09 mailserv postfix/cleanup[17455]: D591BA0057D: message-id=<4237917641@domain.test>
May 19 18:04:14 mailserv postfix/smtpd[26118]: D3B01768216: client=128.16.264.17.com[128.16.264.17], sasl_method=PLAIN, sasl_username=vihn_okbar
May 19 18:04:14 mailserv postfix/cleanup[17455]: D3B01768216: message-id=<4237917642@domain.test>
May 19 18:04:49 mailserv postfix/qmgr[5252]: 7AB42F0E8B5: from=<evandar9@massima.test>, size=14217, nrcpt=3 (queue active)
May 19 18:04:49 mailserv postfix/smtp[26911]: 7AB42F0E8B5: to=<hmshg2si84@someuser.test>, relay=127.0.0.1[127.0.0.1]:25, delay=0.9, delays=0.44/0.01/0.16/0.3, dsn=2.0.0, status=sent (250 2.0.0 OK 1456292320 l4si1610122wja.105 - gsmtp)
May 19 18:04:49 mailserv postfix/qmgr[5252]: 7AB42F0E8B5: removed
May 19 18:05:00 mailserv postfix/smtpd[26118]: D591BA0057D: client=182.261.93.102.com[182.261.93.102], sasl_method=PLAIN, sasl_username=james_joseph
May 19 18:05:00 mailserv postfix/cleanup[17455]: D591BA0057D: message-id=<4237917643@domain.test>
May 19 18:05:04 mailserv postfix/smtpd[26118]: 29AF38ED938: client=86.104.265.92.com[86.104.265.92], sasl_method=PLAIN, sasl_username=walter_robinson
May 19 18:05:04 mailserv postfix/cleanup[17455]: 29AF38ED938: message-id=<4237917644@domain.test>
May 19 18:06:03 mailserv postfix/smtpd[26118]: E9F38AC7B53: client=107.54.262.81.com[107.54.262.81], sasl_method=PLAIN, sasl_username=frank_lewis
May 19 18:06:03 mailserv postfix/cleanup[17455]: E9F38AC7B53: message-id=<4237917645@domain.test>
May 19 18:06:15 mailserv postfix/qmgr[5252]: 29AF38ED938: from=<wrobinson@springsales.test>, size=10819, nrcpt=3 (queue active)
May 19 18:06:15 mailserv postfix/smtp[26911]: 29AF38ED938: to=<jqrlilbisi@someuser.test>, relay=127.0.0.1[127.0.0.1]:25, delay=0.9, delays=0.44/0.01/0.16/0.3, dsn=2.0.0, status=sent (250 2.0.0 OK 1456292320 l4si1610122wja.105 - gsmtp)
May 19 18:06:15 mailserv postfix/qmgr[5252]: 29AF38ED938: removed
May 19 18:06:21 mailserv postfix/qmgr[5252]: D591BA0057D: from=<jjones@network.test>, size=6334, nrcpt=3 (queue active)
May 19 18:06:21 mailserv postfix/smtp[26911]: D591BA0057D: to=<19h6n50nmb@someuser.test>, relay=127.0.0.1[127.0.0.1]:25, delay=0.9, delays=0.44/0.01/0.16/0.3, dsn=2.0.0, status=sent (250 2.0.0 OK 1456292320 l4si1610122wja.105 - gsmtp)
May 19 18:06:21 mailserv postfix/qmgr[5252]: D591BA0057D: removed
May 19 18:07:00 mailserv postfix/smtpd[26118]: E9578A0057C: client=62.266.8.94.com[62.266.8.94], sasl_method=PLAIN, sasl_username=tony_andrews
May 19 18:07:00 mailserv postfix/cleanup[17455]: E9578A0057C: message-id=<4237917646@domain.test>
May 19 18:07:43 mailserv postfix/qmgr[5252]: D3B01768216: from=<vihnokbar@outlands.test>, size=3697, nrcpt=3 (queue active)
May 19 18:07:43 mailserv postfix/smtp[26911]: D3B01768216: to=<8zt7k8gakh@someuser.test>, relay=127.0.0.1[127.0.0.1]:25, delay=0.9, delays=0.44/0.01/0.16/0.3, dsn=2.0.0, status=sent (250 2.0.0 OK 1456292320 l4si1610122wja.105 - gsmtp)
May 19 18:07:43 mailserv postfix/qmgr[5252]: D3B01768216: removed
May 19 18:07:49 mailserv postfix/qmgr[5252]: E9F38AC7B53: from=<frankl@aardkvarks.test>, size=10389, nrcpt=3 (queue active)
May 19 18:07:49 mailserv postfix/smtp[26911]: E9F38AC7B53: to=<zt263r7f04@someuser.test>, relay=127.0.0.1[127.0.0.1]:25, delay=0.9, delays=0.44/0.01/0.16/0.3, dsn=2.0.0, status=sent (250 2.0.0 OK 1456292320 l4si1610122wja.105 - gsmtp)
May 19 18:07:49 mailserv postfix/qmgr[5252]: E9F38AC7B53: removed
May 19 18:07:50 mailserv postfix/smtpd[26118]: 4C80AD2937B: client=52.21.263.17.com[52.21.263.17], sasl_method=PLAIN, sasl_username=angus_beatty
May 19 18:07:50 mailserv postfix/cleanup[17455]: 4C80AD2937B: message-id=<4237917647@domain.test>
May 19 18:07:58 mailserv postfix/qmgr[5252]: 82EB83A63FD: from=<nelson@fastfoodfast.test>, size=6406, nrcpt=3 (queue active)
May 19 18:07:58 mailserv postfix/smtp[26911]: 82EB83A63FD: to=<0i8xnc02ez@someuser.test>, relay=127.0.0.1[127.0.0.1]:25, delay=0.9, delays=0.44/0.01/0.16/0.3, dsn=2.0.0, status=sent (250 2.0.0 OK 1456292320 l4si1610122wja.105 - gsmtp)
May 19 18:07:58 mailserv postfix/qmgr[5252]: 82EB83A63FD: removed
May 19 18:08:32 mailserv postfix/qmgr[5252]: D591BA0057D: from=<jjones@network.test>, size=12982, nrcpt=3 (queue active)
May 19 18:08:32 mailserv postfix/smtp[26911]: D591BA0057D: to=<cigpa91e4v@someuser.test>, relay=127.0.0.1[127.0.0.1]:25, delay=0.9, delays=0.44/0.01/0.16/0.3, dsn=2.0.0, status=sent (250 2.0.0 OK 1456292320 l4si1610122wja.105 - gsmtp)
May 19 18:08:32 mailserv postfix/qmgr[5252]: D591BA0057D: removed
May 19 18:08:43 mailserv postfix/smtpd[26118]: D591BA0057D: client=182.261.93.102.com[182.261.93.102], sasl_method=PLAIN, sasl_username=james_joseph
May 19 18:08:43 mailserv postfix/cleanup[17455]: D591BA0057D: message-id=<4237917648@domain.test>
May 19 18:08:45 mailserv postfix/qmgr[5252]: E9578A0057C: from=<tonytigger@ashfield.test>, size=11914, nrcpt=3 (queue active)
May 19 18:08:45 mailserv postfix/smtp[26911]: E9578A0057C: to=<65cvwfwksp@someuser.test>, relay=127.0.0.1[127.0.0.1]:25, delay=0.9, delays=0.44/0.01/0.16/0.3, dsn=2.0.0, status=sent (250 2.0.0 OK 1456292320 l4si1610122wja.105 - gsmtp)
May 19 18:08:45 mailserv postfix/qmgr[5252]: E9578A0057C: removed
May 19 18:08:48 mailserv postfix/smtpd[26118]: 5A93DF738D3: client=103.77.258.19.com[103.77.258.19], sasl_method=PLAIN, sasl_username=suni_ruhl
May 19 18:08:48 mailserv postfix/cleanup[17455]: 5A93DF738D3: message-id=<4237917649@domain.test>
May 19 18:09:23 mailserv postfix/smtpd[26118]: 5A93DF738D3: client=103.77.258.19.com[103.77.258.19], sasl_method=PLAIN, sasl_username=suni_ruhl
May 19 18:09:23 mailserv postfix/cleanup[17455]: 5A93DF738D3: message-id=<4237917650@domain.test>
May 19 18:09:55 mailserv postfix/smtpd[26118]: 9B74AC38174: client=94.152.264.82.com[94.152.264.82], sasl_method=PLAIN, sasl_username=kai_xavier
May 19 18:09:55 mailserv postfix/cleanup[17455]: 9B74AC38174: message-id=<4237917651@domain.test>
May 19 18:10:32 mailserv postfix/qmgr[5252]: D591BA0057D: from=<jjones@network.test>, size=7731, nrcpt=3 (queue active)
May 19 18:10:32 mailserv postfix/smtp[26911]: D591BA0057D: to=<ym1jy7q6sm@someuser.test>, relay=127.0.0.1[127.0.0.1]:25, delay=0.9, delays=0.44/0.01/0.16/0.3, dsn=2.0.0, status=sent (250 2.0.0 OK 1456292320 l4si1610122wja.105 - gsmtp)
May 19 18:10:32 mailserv postfix/qmgr[5252]: D591BA0057D: removed
May 19 18:10:36 mailserv postfix/smtpd[26118]: BC8263D02E9: client=57.288.91.104.com[57.288.91.104], sasl_method=PLAIN, sasl_username=ray_von
May 19 18:10:36 mailserv postfix/cleanup[17455]: BC8263D02E9: message-id=<4237917652@domain.test>
May 19 18:11:11 mailserv postfix/smtpd[26118]: 1F9E3B29C39: client=259.21.83.128.com[259.21.83.128], sasl_method=PLAIN, sasl_username=mia_doijan
May 19 18:11:11 mailserv postfix/cleanup[17455]: 1F9E3B29C39: message-id=<4237917653@domain.test>
May 19 18:11:30 mailserv postfix/qmgr[5252]: 5A93DF738D3: from=<suni@ruhlpackaging.test>, size=5219, nrcpt=3 (queue active)
May 19 18:11:30 mailserv postfix/smtp[26911]: 5A93DF738D3: to=<mqe2xoyuwy@someuser.test>, relay=127.0.0.1[127.0.0.1]:25, delay=0.9, delays=0.44/0.01/0.16/0.3, dsn=2.0.0, status=sent (250 2.0.0 OK 1456292320 l4si1610122wja.105 - gsmtp)
May 19 18:11:30 mailserv postfix/qmgr[5252]: 5A93DF738D3: removed
May 19 18:11:49 mailserv postfix/qmgr[5252]: BC8263D02E9: from=<rayvon@jenkins.test>, size=4793, nrcpt=3 (queue active)
May 19 18:11:49 mailserv postfix/smtp[26911]: BC8263D02E9: to=<42mthaajbd@someuser.test>, relay=127.0.0.1[127.0.0.1]:25, delay=0.9, delays=0.44/0.01/0.16/0.3, dsn=2.0.0, status=sent (250 2.0.0 OK 1456292320 l4si1610122wja.105 - gsmtp)
May 19 18:11:49 mailserv postfix/qmgr[5252]: BC8263D02E9: removed
May 19 18:12:05 mailserv postfix/smtpd[26118]: D591BA0057D: client=182.261.93.102.com[182.261.93.102], sasl_method=PLAIN, sasl_username=james_joseph
May 19 18:12:05 mailserv postfix/cleanup[17455]: D591BA0057D: message-id=<4237917654@domain.test>
May 19 18:12:09 mailserv postfix/smtpd[26118]: 5BA8D63F20F: client=59.261.17.138.com[59.261.17.138], sasl_method=PLAIN, sasl_username=anika_zuu
May 19 18:12:09 mailserv postfix/cleanup[17455]: 5BA8D63F20F: message-id=<4237917655@domain.test>
May 19 18:12:46 mailserv postfix/qmgr[5252]: 1F9E3B29C39: from=<miaiam@singstarz.test>, size=3930, nrcpt=3 (queue active)
May 19 18:12:46 mailserv postfix/smtp[26911]: 1F9E3B29C39: to=<ybdbpgw5ts@someuser.test>, relay=127.0.0.1[127.0.0.1]:25, delay=0.9, delays=0.44/0.01/0.16/0.3, dsn=2.0.0, status=sent (250 2.0.0 OK 1456292320 l4si1610122wja.105 - gsmtp)
May 19 18:12:46 mailserv postfix/qmgr[5252]: 1F9E3B29C39: removed
May 19 18:13:02 mailserv postfix/smtpd[26118]: D591BA0057D: client=182.261.93.102.com[182.261.93.102], sasl_method=PLAIN, sasl_username=james_joseph
May 19 18:13:02 mailserv postfix/cleanup[17455]: D591BA0057D: message-id=<4237917656@domain.test>
May 19 18:13:07 mailserv postfix/smtpd[26118]: D591BA0057D: client=182.261.93.102.com[182.261.93.102], sasl_method=PLAIN, sasl_username=james_joseph
May 19 18:13:07 mailserv postfix/cleanup[17455]: D591BA0057D: message-id=<4237917657@domain.test>
May 19 18:13:12 mailserv postfix/smtpd[26118]: 9B74AC38174: client=94.152.264.82.com[94.152.264.82], sasl_method=PLAIN, sasl_username=kai_xavier
May 19 18:13:12 mailserv postfix/cleanup[17455]: 9B74AC38174: message-id=<4237917658@domain.test>
May 19 18:13:15 mailserv postfix/qmgr[5252]: 9B74AC38174: from=<kaix@pinkton.test>, size=7764, nrcpt=3 (queue active)
May 19 18:13:15 mailserv postfix/smtp[26911]: 9B74AC38174: to=<ibhl8d1jyv@someuser.test>, relay=127.0.0.1[127.0.0.1]:25, delay=0.9, delays=0.44/0.01/0.16/0.3, dsn=2.0.0, status=sent (250 2.0.0 OK 1456292320 l4si1610122wja.105 - gsmtp)
May 19 18:13:15 mailserv postfix/qmgr[5252]: 9B74AC38174: removed
May 19 18:13:45 mailserv postfix/qmgr[5252]: D591BA0057D: from=<jjones@network.test>, size=10590, nrcpt=3 (queue active)
May 19 18:13:45 mailserv postfix/smtp[26911]: D591BA0057D: to=<yxl7zad062@someuser.test>, relay=127.0.0.1[127.0.0.1]:25, delay=0.9, delays=0.44/0.01/0.16/0.3, dsn=2.0.0, status=sent (250 2.0.0 OK 1456292320 l4si1610122wja.105 - gsmtp)
May 19 18:13:45 mailserv postfix/qmgr[5252]: D591BA0057D: removed
May 19 18:13:57 mailserv postfix/qmgr[5252]: D591BA0057D: from=<jjones@network.test>, size=6004, nrcpt=3 (queue active)
May 19 18:13:57 mailserv postfix/smtp[26911]: D591BA0057D: to=<g62wsaugfc@someuser.test>, relay=127.0.0.1[127.0.0.1]:25, delay=0.9, delays=0.44/0.01/0.16/0.3, dsn=2.0.0, status=sent (250 2.0.0 OK 1456292320 l4si1610122wja.105 - gsmtp)
May 19 18:13:57 mailserv postfix/qmgr[5252]: D591BA0057D: removed
May 19 18:14:06 mailserv postfix/smtpd[26118]: 82EB83A63FD: client=24.267.98.35.com[24.267.98.35], sasl_method=PLAIN, sasl_username=nelson_carter
May 19 18:14:06 mailserv postfix/cleanup[17455]: 82EB83A63FD: message-id=<4237917659@domain.test>
May 19 18:14:15 mailserv postfix/qmgr[5252]: 5A93DF738D3: from=<suni@ruhlpackaging.test>, size=9937, nrcpt=3 (queue active)
May 19 18:14:15 mailserv postfix/smtp[26911]: 5A93DF738D3: to=<l5c6iqwa4q@someuser.test>, relay=127.0.0.1[127.0.0.1]:25, delay=0.9, delays=0.44/0.01/0.16/0.3, dsn=2.0.0, status=sent (250 2.0.0 OK 1456292320 l4si1610122wja.105 - gsmtp)
May 19 18:14:15 mailserv postfix/qmgr[5252]: 5A93DF738D3: removed
May 19 18:14:22 mailserv postfix/qmgr[5252]: 9B74AC38174: from=<kaix@pinkton.test>, size=12901, nrcpt=3 (queue active)
May 19 18:14:22 mailserv postfix/smtp[26911]: 9B74AC38174: to=<8asstdxmep@someuser.test>, relay=127.0.0.1[127.0.0.1]:25, delay=0.9, delays=0.44/0.01/0.16/0.3, dsn=2.0.0, status=sent (250 2.0.0 OK 1456292320 l4si1610122wja.105 - gsmtp)
May 19 18:14:22 mailserv postfix/qmgr[5252]: 9B74AC38174: removed
May 19 18:14:39 mailserv postfix/smtpd[26118]: 82EB83A63FD: client=24.267.98.35.com[24.267.98.35], sasl_method=PLAIN, sasl_username=nelson_carter
May 19 18:14:39 mailserv postfix/cleanup[17455]: 82EB83A63FD: message-id=<4237917660@domain.test>
May 19 18:15:05 mailserv postfix/qmgr[5252]: 82EB83A63FD: from=<nelson@fastfoodfast.test>, size=13643, nrcpt=3 (queue active)
May 19 18:15:05 mailserv postfix/smtp[26911]: 82EB83A63FD: to=<gul747fcsv@someuser.test>, relay=127.0.0.1[127.0.0.1]:25, delay=0.9, delays=0.44/0.01/0.16/0.3, dsn=2.0.0, status=sent (250 2.0.0 OK 1456292320 l4si1610122wja.105 - gsmtp)
May 19 18:15:05 mailserv postfix/qmgr[5252]: 82EB83A63FD: removed
May 19 18:15:14 mailserv postfix/smtpd[26118]: 5BA8D63F20F: client=59.261.17.138.com[59.261.17.138], sasl_method=PLAIN, sasl_username=anika_zuu
May 19 18:15:14 mailserv postfix/cleanup[17455]: 5BA8D63F20F: message-id=<4237917661@domain.test>
May 19 18:15:45 mailserv postfix/smtpd[26118]: 7AB42F0E8B5: client=81.19.266.57.com[81.19.266.57], sasl_method=PLAIN, sasl_username=evandar_park
May 19 18:15:45 mailserv postfix/cleanup[17455]: 7AB42F0E8B5: message-id=<4237917662@domain.test>
May 19 18:16:03 mailserv postfix/qmgr[5252]: 7AB42F0E8B5: from=<evandar9@massima.test>, size=5286, nrcpt=3 (queue active)
May 19 18:16:03 mailserv postfix/smtp[26911]: 7AB42F0E8B5: to=<h7coyhgbzh@someuser.test>, relay=127.0.0.1[127.0.0.1]:25, delay=0.9, delays=0.44/0.01/0.16/0.3, dsn=2.0.0, status=sent (250 2.0.0 OK 1456292320 l4si1610122wja.105 - gsmtp)
May 19 18:16:03 mailserv postfix/qmgr[5252]: 7AB42F0E8B5: removed
May 19 18:16:17 mailserv postfix/smtpd[26118]: B49D3C10DA4: client=192.90.268.87.com[192.90.268.87], sasl_method=PLAIN, sasl_username=sakae_hee
May 19 18:16:17 mailserv postfix/cleanup[17455]: B49D3C10DA4: message-id=<4237917663@domain.test>
May 19 18:16:18 mailserv postfix/qmgr[5252]: 82EB83A63FD: from=<nelson@fastfoodfast.test>, size=12737, nrcpt=3 (queue active)
May 19 18:16:18 mailserv postfix/smtp[26911]: 82EB83A63FD: to=<szxcmglmtb@someuser.test>, relay=127.0.0.1[127.0.0.1]:25, delay=0.9, delays=0.44/0.01/0.16/0.3, dsn=2.0.0, status=sent (250 2.0.0 OK 1456292320 l4si1610122wja.105 - gsmtp)
May 19 18:16:18 mailserv postfix/qmgr[5252]: 82EB83A63FD: removed
May 19 18:16:33 mailserv postfix/qmgr[5252]: D591BA0057D: from=<jjones@network.test>, size=3348, nrcpt=3 (queue active)
May 19 18:16:33 mailserv postfix/smtp[26911]: D591BA0057D: to=<7yeldnfp3c@someuser.test>, relay=127.0.0.1[127.0.0.1]:25, delay=0.9, delays=0.44/0.01/0.16/0.3, dsn=2.0.0, status=sent (250 2.0.0 OK 1456292320 l4si1610122wja.105 - gsmtp)
May 19 18:16:33 mailserv postfix/qmgr[5252]: D591BA0057D: removed
May 19 18:16:39 mailserv postfix/qmgr[5252]: 5BA8D63F20F: from=<anikazuu@fitfarms.test>, size=9164, nrcpt=3 (queue active)
May 19 18:16:39 mailserv postfix/smtp[26911]: 5BA8D63F20F: to=<a138z4gb98@someuser.test>, relay=127.0.0.1[127.0.0.1]:25, delay=0.9, delays=0.44/0.01/0.16/0.3, dsn=2.0.0, status=sent (250 2.0.0 OK 1456292320 l4si1610122wja.105 - gsmtp)
May 19 18:16:39 mailserv postfix/qmgr[5252]: 5BA8D63F20F: removed
May 19 18:16:48 mailserv postfix/smtpd[26118]: D591BA0057D: client=182.261.93.102.com[182.261.93.102], sasl_method=PLAIN, sasl_username=james_joseph
May 19 18:16:48 mailserv postfix/cleanup[17455]: D591BA0057D: message-id=<4237917664@domain.test>
May 19 18:16:53 mailserv postfix/smtpd[26118]: 7AB42F0E8B5: client=81.19.266.57.com[81.19.266.57], sasl_method=PLAIN, sasl_username=evandar_park
May 19 18:16:53 mailserv postfix/cleanup[17455]: 7AB42F0E8B5: message-id=<4237917665@domain.test>
May 19 18:17:38 mailserv postfix/smtpd[26118]: 5BA8D63F20F: client=59.261.17.138.com[59.261.17.138], sasl_method=PLAIN, sasl_username=anika_zuu
May 19 18:17:38 mailserv postfix/cleanup[17455]: 5BA8D63F20F: message-id=<4237917666@domain.test>
May 19 18:18:23 mailserv postfix/qmgr[5252]: B49D3C10DA4: from=<sakaehee@techsolvers.test>, size=5096, nrcpt=3 (queue active)
May 19 18:18:23 mailserv postfix/smtp[26911]: B49D3C10DA4: to=<xr2al09b8g@someuser.test>, relay=127.0.0.1[127.0.0.1]:25, delay=0.9, delays=0.44/0.01/0.16/0.3, dsn=2.0.0, status=sent (250 2.0.0 OK 1456292320 l4si1610122wja.105 - gsmtp)
May 19 18:18:23 mailserv postfix/qmgr[5252]: B49D3C10DA4: removed
May 19 18:18:36 mailserv postfix/smtpd[26118]: D591BA0057D: client=182.261.93.102.com[182.261.93.102], sasl_method=PLAIN, sasl_username=james_joseph
May 19 18:18:36 mailserv postfix/cleanup[17455]: D591BA0057D: message-id=<4237917667@domain.test>
May 19 18:18:40 mailserv postfix/smtpd[26118]: 7AB42F0E8B5: client=81.19.266.57.com[81.19.266.57], sasl_method=PLAIN, sasl_username=evandar_park
May 19 18:18:40 mailserv postfix/cleanup[17455]: 7AB42F0E8B5: message-id=<4237917668@domain.test>
May 19 18:19:11 mailserv postfix/smtpd[26118]: EE2C8A0059A: client=206.44.268.14.com[206.44.268.14], sasl_method=PLAIN, sasl_username=susan_march
May 19 18:19:11 mailserv postfix/cleanup[17455]: EE2C8A0059A: message-id=<4237917669@domain.test>
May 19 18:20:00 mailserv postfix/smtpd[26118]: D591BA0057D: client=182.261.93.102.com[182.261.93.102], sasl_method=PLAIN, sasl_username=james_joseph
May 19 18:20:00 mailserv postfix/cleanup[17455]: D591BA0057D: message-id=<4237917670@domain.test>
May 19 18:20:04 mailserv postfix/smtpd[26118]: D591BA0057D: client=182.261.93.102.com[182.261.93.102], sasl_method=PLAIN, sasl_username=james_joseph
May 19 18:20:04 mailserv postfix/cleanup[17455]: D591BA0057D: message-id=<4237917671@domain.test>
May 19 18:20:09 mailserv postfix/smtpd[26118]: 29AF38ED938: client=86.104.265.92.com[86.104.265.92], sasl_method=PLAIN, sasl_username=walter_robinson
May 19 18:20:09 mailserv postfix/cleanup[17455]: 29AF38ED938: message-id=<4237917672@domain.test>
May 19 18:20:44 mailserv postfix/qmgr[5252]: 5BA8D63F20F: from=<anikazuu@fitfarms.test>, size=5568, nrcpt=3 (queue active)
May 19 18:20:44 mailserv postfix/smtp[26911]: 5BA8D63F20F: to=<nli0rgwbes@someuser.test>, relay=127.0.0.1[127.0.0.1]:25, delay=0.9, delays=0.44/0.01/0.16/0.3, dsn=2.0.0, status=sent (250 2.0.0 OK 1456292320 l4si1610122wja.105 - gsmtp)
May 19 18:20:44 mailserv postfix/qmgr[5252]: 5BA8D63F20F: removed
May 19 18:20:45 mailserv postfix/smtpd[26118]: 392D83B38AE: client=259.127.6.92.com[259.127.6.92], sasl_method=PLAIN, sasl_username=jim_philips
May 19 18:20:45 mailserv postfix/cleanup[17455]: 392D83B38AE: message-id=<4237917673@domain.test>
May 19 18:20:53 mailserv postfix/qmgr[5252]: 7AB42F0E8B5: from=<evandar9@massima.test>, size=9782, nrcpt=3 (queue active)
May 19 18:20:53 mailserv postfix/smtp[26911]: 7AB42F0E8B5: to=<ov0z172mh0@someuser.test>, relay=127.0.0.1[127.0.0.1]:25, delay=0.9, delays=0.44/0.01/0.16/0.3, dsn=2.0.0, status=sent (250 2.0.0 OK 1456292320 l4si1610122wja.105 - gsmtp)
May 19 18:20:53 mailserv postfix/qmgr[5252]: 7AB42F0E8B5: removed
May 19 18:21:25 mailserv postfix/smtpd[26118]: B49D3C10DA4: client=192.90.268.87.com[192.90.268.87], sasl_method=PLAIN, sasl_username=sakae_hee
May 19 18:21:25 mailserv postfix/cleanup[17455]: B49D3C10DA4: message-id=<4237917674@domain.test>
May 19 18:21:30 mailserv postfix/qmgr[5252]: 29AF38ED938: from=<wrobinson@springsales.test>, size=4046, nrcpt=3 (queue active)
May 19 18:21:30 mailserv postfix/smtp[26911]: 29AF38ED938: to=<6pyacjh4q7@someuser.test>, relay=127.0.0.1[127.0.0.1]:25, delay=0.9, delays=0.44/0.01/0.16/0.3, dsn=2.0.0, status=sent (250 2.0.0 OK 1456292320 l4si1610122wja.105 - gsmtp)
May 19 18:21:30 mailserv postfix/qmgr[5252]: 29AF38ED938: removed
May 19 18:22:06 mailserv postfix/smtpd[26118]: D591BA0057D: client=182.261.93.102.com[182.261.93.102], sasl_method=PLAIN, sasl_username=james_joseph
May 19 18:22:06 mailserv postfix/cleanup[17455]: D591BA0057D: message-id=<4237917675@domain.test>
May 19 18:22:11 mailserv postfix/smtpd[26118]: 1F9E3B29C39: client=259.21.83.128.com[259.21.83.128], sasl_method=PLAIN, sasl_username=mia_doijan
May 19 18:22:11 mailserv postfix/cleanup[17455]: 1F9E3B29C39: message-id=<4237917676@domain.test>
May 19 18:22:14 mailserv postfix/qmgr[5252]: D591BA0057D: from=<jjones@network.test>, size=11035, nrcpt=3 (queue active)
May 19 18:22:14 mailserv postfix/smtp[26911]: D591BA0057D: to=<laczexwetu@someuser.test>, relay=127.0.0.1[127.0.0.1]:25, delay=0.9, delays=0.44/0.01/0.16/0.3, dsn=2.0.0, status=sent (250 2.0.0 OK 1456292320 l4si1610122wja.105 - gsmtp)
May 19 18:22:14 mailserv postfix/qmgr[5252]: D591BA0057D: removed
May 19 18:22:18 mailserv postfix/qmgr[5252]: 1F9E3B29C39: from=<miaiam@singstarz.test>, size=13337, nrcpt=3 (queue active)
May 19 18:22:18 mailserv postfix/smtp[26911]: 1F9E3B29C39: to=<8wriob38on@someuser.test>, relay=127.0.0.1[127.0.0.1]:25, delay=0.9, delays=0.44/0.01/0.16/0.3, dsn=2.0.0, status=sent (250 2.0.0 OK 1456292320 l4si1610122wja.105 - gsmtp)
May 19 18:22:18 mailserv postfix/qmgr[5252]: 1F9E3B29C39: removed
May 19 18:22:51 mailserv postfix/qmgr[5252]: 7AB42F0E8B5: from=<evandar9@massima.test>, size=4760, nrcpt=3 (queue active)
May 19 18:22:51 mailserv postfix/smtp[26911]: 7AB42F0E8B5: to=<1xt4loljh9@someuser.test>, relay=127.0.0.1[127.0.0.1]:25, delay=0.9, delays=0.44/0.01/0.16/0.3, dsn=2.0.0, status=sent (250 2.0.0 OK 1456292320 l4si1610122wja.105 - gsmtp)
May 19 18:22:51 mailserv postfix/qmgr[5252]: 7AB42F0E8B5: removed
May 19 18:23:00 mailserv postfix/qmgr[5252]: D591BA0057D: from=<jjones@network.test>, size=14636, nrcpt=3 (queue active)
May 19 18:23:00 mailserv postfix/smtp[26911]: D591BA0057D: to=<ff38k3q97f@someuser.test>, relay=127.0.0.1[127.0.0.1]:25, delay=0.9, delays=0.44/0.01/0.16/0.3, dsn=2.0.0, status=sent (250 2.0.0 OK 1456292320 l4si1610122wja.105 - gsmtp)
May 19 18:23:00 mailserv postfix/qmgr[5252]: D591BA0057D: removed
May 19 18:23:06 mailserv postfix/smtpd[26118]: 1E9B67CA436: client=75.268.15.92.com[75.268.15.92], sasl_method=PLAIN, sasl_username=malai_landar
May 19 18:23:06 mailserv postfix/cleanup[17455]: 1E9B67CA436: message-id=<4237917677@domain.test>
May 19 18:23:13 mailserv postfix/qmgr[5252]: 392D83B38AE: from=<jimbo@allclips.test>, size=13371, nrcpt=3 (queue active)
May 19 18:23:13 mailserv postfix/smtp[26911]: 392D83B38AE: to=<rbrqbuvzp0@someuser.test>, relay=127.0.0.1[127.0.0.1]:25, delay=0.9, delays=0.44/0.01/0.16/0.3, dsn=2.0.0, status=sent (250 2.0.0 OK 1456292320 l4si1610122wja.105 - gsmtp)
May 19 18:23:13 mailserv postfix/qmgr[5252]: 392D83B38AE: removed
May 19 18:23:22 mailserv postfix/qmgr[5252]: B49D3C10DA4: from=<sakaehee@techsolvers.test>, size=5838, nrcpt=3 (queue active)
May 19 18:23:22 mailserv postfix/smtp[26911]: B49D3C10DA4: to=<lxadg2e95b@someuser.test>, relay=127.0.0.1[127.0.0.1]:25, delay=0.9, delays=0.44/0.01/0.16/0.3, dsn=2.0.0, status=sent (250 2.0.0 OK 1456292320 l4si1610122wja.105 - gsmtp)
May 19 18:23:22 mailserv postfix/qmgr[5252]: B49D3C10DA4: removed
May 19 18:23:45 mailserv postfix/qmgr[5252]: EE2C8A0059A: from=<susanftw@jobsite.test>, size=4674, nrcpt=3 (queue active)
May 19 18:23:45 mailserv postfix/smtp[26911]: EE2C8A0059A: to=<ksc1fk7hz6@someuser.test>, relay=127.0.0.1[127.0.0.1]:25, delay=0.9, delays=0.44/0.01/0.16/0.3, dsn=2.0.0, status=sent (250 2.0.0 OK 1456292320 l4si1610122wja.105 - gsmtp)
May 19 18:23:45 mailserv postfix/qmgr[5252]: EE2C8A0059A: removed
May 19 18:23:50 mailserv postfix/smtpd[26118]: 5A93DF738D3: client=103.77.258.19.com[103.77.258.19], sasl_method=PLAIN, sasl_username=suni_ruhl
May 19 18:23:50 mailserv postfix/cleanup[17455]: 5A93DF738D3: message-id=<4237917678@domain.test>
May 19 18:24:05 mailserv postfix/qmgr[5252]: D591BA0057D: from=<jjones@network.test>, size=8521, nrcpt=3 (queue active)
May 19 18:24:05 mailserv postfix/smtp[26911]: D591BA0057D: to=<i6zyv2ojd0@someuser.test>, relay=127.0.0.1[127.0.0.1]:25, delay=0.9, delays=0.44/0.01/0.16/0.3, dsn=2.0.0, status=sent (250 2.0.0 OK 1456292320 l4si1610122wja.105 - gsmtp)
May 19 18:24:05 mailserv postfix/qmgr[5252]: D591BA0057D: removed
May 19 18:24:36 mailserv postfix/qmgr[5252]: D591BA0057D: from=<jjones@network.test>, size=4561, nrcpt=3 (queue active)
May 19 18:24:36 mailserv postfix/smtp[26911]: D591BA0057D: to=<hzeo7a9lt3@someuser.test>, relay=127.0.0.1[127.0.0.1]:25, delay=0.9, delays=0.44/0.01/0.16/0.3, dsn=2.0.0, status=sent (250 2.0.0 OK 1456292320 l4si1610122wja.105 - gsmtp)
May 19 18:24:36 mailserv postfix/qmgr[5252]: D591BA0057D: removed
May 19 18:24:43 mailserv postfix/smtpd[26118]: D591BA0057D: client=182.261.93.102.com[182.261.93.102], sasl_method=PLAIN, sasl_username=james_joseph
May 19 18:24:43 mailserv postfix/cleanup[17455]: D591BA0057D: message-id=<4237917679@domain.test>
May 19 18:24:48 mailserv postfix/smtpd[26118]: 8A27B3FE436: client=267.81.97.162.com[267.81.97.162], sasl_method=PLAIN, sasl_username=tyler_crisp
May 19 18:24:48 mailserv postfix/cleanup[17455]: 8A27B3FE436: message-id=<4237917680@domain.test>
May 19 18:25:35 mailserv postfix/smtpd[26118]: 3984BF28AC6: client=57.3.260.67.com[57.3.260.67], sasl_method=PLAIN, sasl_username=mandy_hill
May 19 18:25:35 mailserv postfix/cleanup[17455]: 3984BF28AC6: message-id=<4237917681@domain.test>
May 19 18:25:52 mailserv postfix/qmgr[5252]: 1E9B67CA436: from=<malailandar@sunrise.test>, size=7911, nrcpt=3 (queue active)
May 19 18:25:52 mailserv postfix/smtp[26911]: 1E9B67CA436: to=<5pvd2933am@someuser.test>, relay=127.0.0.1[127.0.0.1]:25, delay=0.9, delays=0.44/0.01/0.16/0.3, dsn=2.0.0, status=sent (250 2.0.0 OK 1456292320 l4si1610122wja.105 - gsmtp)
May 19 18:25:52 mailserv postfix/qmgr[5252]: 1E9B67CA436: removed
May 19 18:25:58 mailserv postfix/qmgr[5252]: 5A93DF738D3: from=<suni@ruhlpackaging.test>, size=9780, nrcpt=3 (queue active)
May 19 18:25:58 mailserv postfix/smtp[26911]: 5A93DF738D3: to=<oscmgfldqv@someuser.test>, relay=127.0.0.1[127.0.0.1]:25, delay=0.9, delays=0.44/0.01/0.16/0.3, dsn=2.0.0, status=sent (250 2.0.0 OK 1456292320 l4si1610122wja.105 - gsmtp)
May 19 18:25:58 mailserv postfix/qmgr[5252]: 5A93DF738D3: removed
May 19 18:26:08 mailserv postfix/smtpd[26118]: D591BA0057D: client=182.261.93.102.com[182.261.93.102], sasl_method=PLAIN, sasl_username=james_joseph
May 19 18:26:08 mailserv postfix/cleanup[17455]: D591BA0057D: message-id=<4237917682@domain.test>
May 19 18:26:13 mailserv postfix/smtpd[26118]: 01E30A005AE: client=76.240.191.283.com[76.240.191.283], sasl_method=PLAIN, sasl_username=edward_birch
May 19 18:26:13 mailserv postfix/cleanup[17455]: 01E30A005AE: message-id=<4237917683@domain.test>
May 19 18:26:49 mailserv postfix/smtpd[26118]: 7AB42F0E8B5: client=81.19.266.57.com[81.19.266.57], sasl_method=PLAIN, sasl_username=evandar_park
May 19 18:26:49 mailserv postfix/cleanup[17455]: 7AB42F0E8B5: message-id=<4237917684@domain.test>
May 19 18:27:24 mailserv postfix/smtpd[26118]: D591BA0057D: client=182.261.93.102.com[182.261.93.102], sasl_method=PLAIN, sasl_username=james_joseph
May 19 18:27:24 mailserv postfix/cleanup[17455]: D591BA0057D: message-id=<4237917685@domain.test>
May 19 18:27:28 mailserv postfix/smtpd[26118]: D591BA0057D: client=182.261.93.102.com[182.261.93.102], sasl_method=PLAIN, sasl_username=james_joseph
May 19 18:27:28 mailserv postfix/cleanup[17455]: D591BA0057D: message-id=<4237917686@domain.test>
May 19 18:27:33 mailserv postfix/smtpd[26118]: D591BA0057D: client=182.261.93.102.com[182.261.93.102], sasl_method=PLAIN, sasl_username=james_joseph
May 19 18:27:33 mailserv postfix/cleanup[17455]: D591BA0057D: message-id=<4237917687@domain.test>
May 19 18:27:37 mailserv postfix/smtpd[26118]: 5A93DF738D3: client=103.77.258.19.com[103.77.258.19], sasl_method=PLAIN, sasl_username=suni_ruhl
May 19 18:27:37 mailserv postfix/cleanup[17455]: 5A93DF738D3: message-id=<4237917688@domain.test>
May 19 18:28:31 mailserv postfix/smtpd[26118]: 4C80AD2937B: client=52.21.263.17.com[52.21.263.17], sasl_method=PLAIN, sasl_username=angus_beatty
May 19 18:28:31 mailserv postfix/cleanup[17455]: 4C80AD2937B: message-id=<4237917689@domain.test>
May 19 18:29:00 mailserv postfix/qmgr[5252]: 01E30A005AE: from=<eddyb@grading.test>, size=6658, nrcpt=3 (queue active)
May 19 18:29:00 mailserv postfix/smtp[26911]: 01E30A005AE: to=<dok6f642qf@someuser.test>, relay=127.0.0.1[127.0.0.1]:25, delay=0.9, delays=0.44/0.01/0.16/0.3, dsn=2.0.0, status=sent (250 2.0.0 OK 1456292320 l4si1610122wja.105 - gsmtp)
May 19 18:29:00 mailserv postfix/qmgr[5252]: 01E30A005AE: removed
May 19 18:29:19 mailserv postfix/smtpd[26118]: 3984BF28AC6: client=57.3.260.67.com[57.3.260.67], sasl_method=PLAIN, sasl_username=mandy_hill
May 19 18:29:19 mailserv postfix/cleanup[17455]: 3984BF28AC6: message-id=<4237917690@domain.test>
May 19 18:29:34 mailserv postfix/qmgr[5252]: D591BA0057D: from=<jjones@network.test>, size=14413, nrcpt=3 (queue active)
May 19 18:29:34 mailserv postfix/smtp[26911]: D591BA0057D: to=<ge6xp91m4n@someuser.test>, relay=127.0.0.1[127.0.0.1]:25, delay=0.9, delays=0.44/0.01/0.16/0.3, dsn=2.0.0, status=sent (250 2.0.0 OK 1456292320 l4si1610122wja.105 - gsmtp)
May 19 18:29:34 mailserv postfix/qmgr[5252]: D591BA0057D: removed
May 19 18:29:42 mailserv postfix/qmgr[5252]: 5A93DF738D3: from=<suni@ruhlpackaging.test>, size=6481, nrcpt=3 (queue active)
May 19 18:29:42 mailserv postfix/smtp[26911]: 5A93DF738D3: to=<no9agqjl16@someuser.test>, relay=127.0.0.1[127.0.0.1]:25, delay=0.9, delays=0.44/0.01/0.16/0.3, dsn=2.0.0, status=sent (250 2.0.0 OK 1456292320 l4si1610122wja.105 - gsmtp)
May 19 18:29:42 mailserv postfix/qmgr[5252]: 5A93DF738D3: removed
May 19 18:29:46 mailserv postfix/qmgr[5252]: 8A27B3FE436: from=<tcrisp97@kuhl.test>, size=7626, nrcpt=3 (queue active)
May 19 18:29:46 mailserv postfix/smtp[26911]: 8A27B3FE436: to=<5dhrolnydr@someuser.test>, relay=127.0.0.1[127.0.0.1]:25, delay=0.9, delays=0.44/0.01/0.16/0.3, dsn=2.0.0, status=sent (250 2.0.0 OK 1456292320 l4si1610122wja.105 - gsmtp)
May 19 18:29:46 mailserv postfix/qmgr[5252]: 8A27B3FE436: removed
May 19 18:29:52 mailserv postfix/qmgr[5252]: D591BA0057D: from=<jjones@network.test>, size=5989, nrcpt=3 (queue active)
May 19 18:29:52 mailserv postfix/smtp[26911]: D591BA0057D: to=<bw02496tnw@someuser.test>, relay=127.0.0.1[127.0.0.1]:25, delay=0.9, delays=0.44/0.01/0.16/0.3, dsn=2.0.0, status=sent (250 2.0.0 OK 1456292320 l4si1610122wja.105 - gsmtp)
May 19 18:29:52 mailserv postfix/qmgr[5252]: D591BA0057D: removed
May 19 18:29:58 mailserv postfix/smtpd[26118]: C982C3B392E: client=257.82.34.128.com[257.82.34.128], sasl_method=PLAIN, sasl_username=finn_adams
May 19 18:29:58 mailserv postfix/cleanup[17455]: C982C3B392E: message-id=<4237917691@domain.test>
May 19 18:30:37 mailserv postfix/smtpd[26118]: 5BA8D63F20F: client=59.261.17.138.com[59.261.17.138], sasl_method=PLAIN, sasl_username=anika_zuu
May 19 18:30:37 mailserv postfix/cleanup[17455]: 5BA8D63F20F: message-id=<4237917692@domain.test>
May 19 18:30:43 mailserv postfix/qmgr[5252]: 7AB42F0E8B5: from=<evandar9@massima.test>, size=11388, nrcpt=3 (queue active)
May 19 18:30:43 mailserv postfix/smtp[26911]: 7AB42F0E8B5: to=<6vm43agqph@someuser.test>, relay=127.0.0.1[127.0.0.1]:25, delay=0.9, delays=0.44/0.01/0.16/0.3, dsn=2.0.0, status=sent (250 2.0.0 OK 1456292320 l4si1610122wja.105 - gsmtp)
May 19 18:30:43 mailserv postfix/qmgr[5252]: 7AB42F0E8B5: removed
May 19 18:31:01 mailserv postfix/qmgr[5252]: 5BA8D63F20F: from=<anikazuu@fitfarms.test>, size=3708, nrcpt=3 (queue active)
May 19 18:31:01 mailserv postfix/smtp[26911]: 5BA8D63F20F: to=<y1tb9jfaqv@someuser.test>, relay=127.0.0.1[127.0.0.1]:25, delay=0.9, delays=0.44/0.01/0.16/0.3, dsn=2.0.0, status=sent (250 2.0.0 OK 1456292320 l4si1610122wja.105 - gsmtp)
May 19 18:31:01 mailserv postfix/qmgr[5252]: 5BA8D63F20F: removed
May 19 18:31:20 mailserv postfix/qmgr[5252]: 4C80AD2937B: from=<abeatty92@newdawn.test>, size=6986, nrcpt=3 (queue active)
May 19 18:31:20 mailserv postfix/smtp[26911]: 4C80AD2937B: to=<whfiots3bd@someuser.test>, relay=127.0.0.1[127.0.0.1]:25, delay=0.9, delays=0.44/0.01/0.16/0.3, dsn=2.0.0, status=sent (250 2.0.0 OK 1456292320 l4si1610122wja.105 - gsmtp)
May 19 18:31:20 mailserv postfix/qmgr[5252]: 4C80AD2937B: removed
May 19 18:31:21 mailserv postfix/smtpd[26118]: E492CA9175D: client=79.192.257.81.com[79.192.257.81], sasl_method=PLAIN, sasl_username=yi_lang
May 19 18:31:21 mailserv postfix/cleanup[17455]: E492CA9175D: message-id=<4237917693@domain.test>
May 19 18:31:27 mailserv postfix/qmgr[5252]: C982C3B392E: from=<finnadams@remvisions.test>, size=13367, nrcpt=3 (queue active)
May 19 18:31:27 mailserv postfix/smtp[26911]: C982C3B392E: to=<uki4bfn2a0@someuser.test>, relay=127.0.0.1[127.0.0.1]:25, delay=0.9, delays=0.44/0.01/0.16/0.3, dsn=2.0.0, status=sent (250 2.0.0 OK 1456292320 l4si1610122wja.105 - gsmtp)
May 19 18:31:27 mailserv postfix/qmgr[5252]: C982C3B392E: removed
May 19 18:32:00 mailserv postfix/smtpd[26118]: 928FA28BE82: client=23.259.44.76.com[23.259.44.76], sasl_method=PLAIN, sasl_username=mohammed_abu
May 19 18:32:00 mailserv postfix/cleanup[17455]: 928FA28BE82: message-id=<4237917694@domain.test>
May 19 18:32:23 mailserv postfix/qmgr[5252]: D591BA0057D: from=<jjones@network.test>, size=4398, nrcpt=3 (queue active)
May 19 18:32:23 mailserv postfix/smtp[26911]: D591BA0057D: to=<ttb2a0911x@someuser.test>, relay=127.0.0.1[127.0.0.1]:25, delay=0.9, delays=0.44/0.01/0.16/0.3, dsn=2.0.0, status=sent (250 2.0.0 OK 1456292320 l4si1610122wja.105 - gsmtp)
May 19 18:32:23 mailserv postfix/qmgr[5252]: D591BA0057D: removed
May 19 18:32:38 mailserv postfix/smtpd[26118]: 3BF108C5F37: client=94.3.197.258.com[94.3.197.258], sasl_method=PLAIN, sasl_username=lola_noorfuld
May 19 18:32:38 mailserv postfix/cleanup[17455]: 3BF108C5F37: message-id=<4237917695@domain.test>
May 19 18:33:01 mailserv postfix/qmgr[5252]: 3984BF28AC6: from=<mandyhill@lastindex.test>, size=13664, nrcpt=3 (queue active)
May 19 18:33:01 mailserv postfix/smtp[26911]: 3984BF28AC6: to=<hzabl0bnbz@someuser.test>, relay=127.0.0.1[127.0.0.1]:25, delay=0.9, delays=0.44/0.01/0.16/0.3, dsn=2.0.0, status=sent (250 2.0.0 OK 1456292320 l4si1610122wja.105 - gsmtp)
May 19 18:33:01 mailserv postfix/qmgr[5252]: 3984BF28AC6: removed
