May 19 10:25:51 mailserv postfix/smtpd[26118]: 7AB42F0E8B5: client=81.19.266.57.com[81.19.266.57], sasl_method=PLAIN, sasl_username=evandar_park
May 19 10:25:51 mailserv postfix/cleanup[17455]: 7AB42F0E8B5: message-id=<4237916928@domain.test>
May 19 10:26:20 mailserv postfix/qmgr[5252]: 7AB42F0E8B5: from=<evandar9@massima.test>, size=7702, nrcpt=3 (queue active)
May 19 10:26:20 mailserv postfix/smtp[26911]: 7AB42F0E8B5: to=<hwlnnizppa@someuser.test>, relay=127.0.0.1[127.0.0.1]:25, delay=0.9, delays=0.44/0.01/0.16/0.3, dsn=2.0.0, status=sent (250 2.0.0 OK 1456292320 l4si1610122wja.105 - gsmtp)
May 19 10:26:20 mailserv postfix/qmgr[5252]: 7AB42F0E8B5: removed
May 19 10:26:38 mailserv postfix/smtpd[26118]: 37BF508A6CD: client=52.260.193.74.com[52.260.193.74], sasl_method=PLAIN, sasl_username=malakai_brim
May 19 10:26:38 mailserv postfix/cleanup[17455]: 37BF508A6CD: message-id=<4237916929@domain.test>
May 19 10:27:31 mailserv postfix/smtpd[26118]: 7AB42F0E8B5: client=81.19.266.57.com[81.19.266.57], sasl_method=PLAIN, sasl_username=evandar_park
May 19 10:27:31 mailserv postfix/cleanup[17455]: 7AB42F0E8B5: message-id=<4237916930@domain.test>
May 19 10:27:32 mailserv postfix/qmgr[5252]: 7AB42F0E8B5: from=<evandar9@massima.test>, size=9037, nrcpt=3 (queue active)
May 19 10:27:32 mailserv postfix/smtp[26911]: 7AB42F0E8B5: to=<v0ods6uhbk@someuser.test>, relay=127.0.0.1[127.0.0.1]:25, delay=0.9, delays=0.44/0.01/0.16/0.3, dsn=2.0.0, status=sent (250 2.0.0 OK 1456292320 l4si1610122wja.105 - gsmtp)
May 19 10:27:32 mailserv postfix/qmgr[5252]: 7AB42F0E8B5: removed
May 19 10:27:42 mailserv postfix/qmgr[5252]: 37BF508A6CD: from=<malakiab@storefast.test>, size=9912, nrcpt=3 (queue active)
May 19 10:27:42 mailserv postfix/smtp[26911]: 37BF508A6CD: to=<0rupso9w11@someuser.test>, relay=127.0.0.1[127.0.0.1]:25, delay=0.9, delays=0.44/0.01/0.16/0.3, dsn=2.0.0, status=sent (250 2.0.0 OK 1456292320 l4si1610122wja.105 - gsmtp)
May 19 10:27:42 mailserv postfix/qmgr[5252]: 37BF508A6CD: removed
May 19 10:28:18 mailserv postfix/smtpd[26118]: C837B51A8E6: client=38.14.296.47.com[38.14.296.47], sasl_method=PLAIN, sasl_username=alice_smith
May 19 10:28:18 mailserv postfix/cleanup[17455]: C837B51A8E6: message-id=<4237916931@domain.test>
May 19 10:29:06 mailserv postfix/smtpd[26118]: 5BA8D63F20F: client=59.261.17.138.com[59.261.17.138], sasl_method=PLAIN, sasl_username=anika_zuu
May 19 10:29:06 mailserv postfix/cleanup[17455]: 5BA8D63F20F: message-id=<4237916932@domain.test>
May 19 10:30:06 mailserv postfix/smtpd[26118]: 3A836DF172B: client=140.16.183.261.com[140.16.183.261], sasl_method=PLAIN, sasl_username=summer_white
May 19 10:30:06 mailserv postfix/cleanup[17455]: 3A836DF172B: message-id=<4237916933@domain.test>
May 19 10:30:59 mailserv postfix/smtpd[26118]: 8C193AD93FD: client=61.90.263.71.com[61.90.263.71], sasl_method=PLAIN, sasl_username=quincy_young
May 19 10:30:59 mailserv postfix/cleanup[17455]: 8C193AD93FD: message-id=<4237916934@domain.test>
May 19 10:31:36 mailserv postfix/smtpd[26118]: 7AB42F0E8B5: client=81.19.266.57.com[81.19.266.57], sasl_method=PLAIN, sasl_username=evandar_park
May 19 10:31:36 mailserv postfix/cleanup[17455]: 7AB42F0E8B5: message-id=<4237916935@domain.test>
May 19 10:31:56 mailserv postfix/qmgr[5252]: C837B51A8E6: from=<alicesmith7@nosite.test>, size=10316, nrcpt=3 (queue active)
May 19 10:31:56 mailserv postfix/smtp[26911]: C837B51A8E6: to=<ydgq1584qr@someuser.test>, relay=127.0.0.1[127.0.0.1]:25, delay=0.9, delays=0.44/0.01/0.16/0.3, dsn=2.0.0, status=sent (250 2.0.0 OK 1456292320 l4si1610122wja.105 - gsmtp)
May 19 10:31:56 mailserv postfix/qmgr[5252]: C837B51A8E6: removed
May 19 10:32:25 mailserv postfix/smtpd[26118]: 3F07A64BE32: client=204.192.273.15.com[204.192.273.15], sasl_method=PLAIN, sasl_username=zahara_oswald
May 19 10:32:25 mailserv postfix/cleanup[17455]: 3F07A64BE32: message-id=<4237916936@domain.test>
May 19 10:33:10 mailserv postfix/qmgr[5252]: 5BA8D63F20F: from=<anikazuu@fitfarms.test>, size=12620, nrcpt=3 (queue active)
May 19 10:33:10 mailserv postfix/smtp[26911]: 5BA8D63F20F: to=<paotz53h4x@someuser.test>, relay=127.0.0.1[127.0.0.1]:25, delay=0.9, delays=0.44/0.01/0.16/0.3, dsn=2.0.0, status=sent (250 2.0.0 OK 1456292320 l4si1610122wja.105 - gsmtp)
May 19 10:33:10 mailserv postfix/qmgr[5252]: 5BA8D63F20F: removed
May 19 10:33:16 mailserv postfix/smtpd[26118]: F6DB28A7490: client=217.259.17.34.com[217.259.17.34], sasl_method=PLAIN, sasl_username=oskar_shwarz
May 19 10:33:16 mailserv postfix/cleanup[17455]: F6DB28A7490: message-id=<4237916937@domain.test>
May 19 10:34:10 mailserv postfix/qmgr[5252]: 3A836DF172B: from=<summerflowers@arkel.test>, size=12334, nrcpt=3 (queue active)
May 19 10:34:10 mailserv postfix/smtp[26911]: 3A836DF172B: to=<4703h2tz8h@someuser.test>, relay=127.0.0.1[127.0.0.1]:25, delay=0.9, delays=0.44/0.01/0.16/0.3, dsn=2.0.0, status=sent (250 2.0.0 OK 1456292320 l4si1610122wja.105 - gsmtp)
May 19 10:34:10 mailserv postfix/qmgr[5252]: 3A836DF172B: removed
May 19 10:34:11 mailserv postfix/smtpd[26118]: 8A27B3FE436: client=267.81.97.162.com[267.81.97.162], sasl_method=PLAIN, sasl_username=tyler_crisp
May 19 10:34:11 mailserv postfix/cleanup[17455]: 8A27B3FE436: message-id=<4237916938@domain.test>
May 19 10:34:43 mailserv postfix/smtpd[26118]: 5EBC72D19B2: client=42.182.273.80.com[42.182.273.80], sasl_method=PLAIN, sasl_username=claire_rogers
May 19 10:34:43 mailserv postfix/cleanup[17455]: 5EBC72D19B2: message-id=<4237916939@domain.test>
May 19 10:35:14 mailserv postfix/qmgr[5252]: 8A27B3FE436: from=<tcrisp97@kuhl.test>, size=10714, nrcpt=3 (queue active)
May 19 10:35:14 mailserv postfix/smtp[26911]: 8A27B3FE436: to=<zrwao09txh@someuser.test>, relay=127.0.0.1[127.0.0.1]:25, delay=0.9, delays=0.44/0.01/0.16/0.3, dsn=2.0.0, status=sent (250 2.0.0 OK 1456292320 l4si1610122wja.105 - gsmtp)
May 19 10:35:14 mailserv postfix/qmgr[5252]: 8A27B3FE436: removed
May 19 10:35:22 mailserv postfix/qmgr[5252]: 7AB42F0E8B5: from=<evandar9@massima.test>, size=9846, nrcpt=3 (queue active)
May 19 10:35:22 mailserv postfix/smtp[26911]: 7AB42F0E8B5: to=<t3b1kuqu5x@someuser.test>, relay=127.0.0.1[127.0.0.1]:25, delay=0.9, delays=0.44/0.01/0.16/0.3, dsn=2.0.0, status=sent (250 2.0.0 OK 1456292320 l4si1610122wja.105 - gsmtp)
May 19 10:35:22 mailserv postfix/qmgr[5252]: 7AB42F0E8B5: removed
May 19 10:35:23 mailserv postfix/smtpd[26118]: 3F07A64BE32: client=204.192.273.15.com[204.192.273.15], sasl_method=PLAIN, sasl_username=zahara_oswald
May 19 10:35:23 mailserv postfix/cleanup[17455]: 3F07A64BE32: message-id=<4237916940@domain.test>
May 19 10:35:32 mailserv postfix/qmgr[5252]: F6DB28A7490: from=<schwarzy@alpine.test>, size=7784, nrcpt=3 (queue active)
May 19 10:35:32 mailserv postfix/smtp[26911]: F6DB28A7490: to=<rcyfknkqpg@someuser.test>, relay=127.0.0.1[127.0.0.1]:25, delay=0.9, delays=0.44/0.01/0.16/0.3, dsn=2.0.0, status=sent (250 2.0.0 OK 1456292320 l4si1610122wja.105 - gsmtp)
May 19 10:35:32 mailserv postfix/qmgr[5252]: F6DB28A7490: removed
May 19 10:35:58 mailserv postfix/smtpd[26118]: B26219BF3C6: client=58.9.264.19.com[58.9.264.19], sasl_method=PLAIN, sasl_username=sandra_clark
May 19 10:35:58 mailserv postfix/cleanup[17455]: B26219BF3C6: message-id=<4237916941@domain.test>
May 19 10:36:17 mailserv postfix/qmgr[5252]: B26219BF3C6: from=<sandra@clarkfoods.test>, size=10286, nrcpt=3 (queue active)
May 19 10:36:17 mailserv postfix/smtp[26911]: B26219BF3C6: to=<ady6ag7so9@someuser.test>, relay=127.0.0.1[127.0.0.1]:25, delay=0.9, delays=0.44/0.01/0.16/0.3, dsn=2.0.0, status=sent (250 2.0.0 OK 1456292320 l4si1610122wja.105 - gsmtp)
May 19 10:36:17 mailserv postfix/qmgr[5252]: B26219BF3C6: removed
May 19 10:36:29 mailserv postfix/qmgr[5252]: 3F07A64BE32: from=<zo@victory.test>, size=12642, nrcpt=3 (queue active)
May 19 10:36:29 mailserv postfix/smtp[26911]: 3F07A64BE32: to=<oked8rm10f@someuser.test>, relay=127.0.0.1[127.0.0.1]:25, delay=0.9, delays=0.44/0.01/0.16/0.3, dsn=2.0.0, status=sent (250 2.0.0 OK 1456292320 l4si1610122wja.105 - gsmtp)
May 19 10:36:29 mailserv postfix/qmgr[5252]: 3F07A64BE32: removed
May 19 10:36:36 mailserv postfix/qmgr[5252]: 5EBC72D19B2: from=<claire2001@appleby.test>, size=7979, nrcpt=3 (queue active)
May 19 10:36:36 mailserv postfix/smtp[26911]: 5EBC72D19B2: to=<o5iivj7aye@someuser.test>, relay=127.0.0.1[127.0.0.1]:25, delay=0.9, delays=0.44/0.01/0.16/0.3, dsn=2.0.0, status=sent (250 2.0.0 OK 1456292320 l4si1610122wja.105 - gsmtp)
May 19 10:36:36 mailserv postfix/qmgr[5252]: 5EBC72D19B2: removed
May 19 10:36:52 mailserv postfix/smtpd[26118]: BC8263D02E9: client=57.288.91.104.com[57.288.91.104], sasl_method=PLAIN, sasl_username=ray_von
May 19 10:36:52 mailserv postfix/cleanup[17455]: BC8263D02E9: message-id=<4237916942@domain.test>
May 19 10:37:25 mailserv postfix/smtpd[26118]: 82EB83A63FD: client=24.267.98.35.com[24.267.98.35], sasl_method=PLAIN, sasl_username=nelson_carter
May 19 10:37:25 mailserv postfix/cleanup[17455]: 82EB83A63FD: message-id=<4237916943@domain.test>
May 19 10:37:37 mailserv postfix/qmgr[5252]: 3F07A64BE32: from=<zo@victory.test>, size=4557, nrcpt=3 (queue active)
May 19 10:37:37 mailserv postfix/smtp[26911]: 3F07A64BE32: to=<ooq36kdwvy@someuser.test>, relay=127.0.0.1[127.0.0.1]:25, delay=0.9, delays=0.44/0.01/0.16/0.3, dsn=2.0.0, status=sent (250 2.0.0 OK 1456292320 l4si1610122wja.105 - gsmtp)
May 19 10:37:37 mailserv postfix/qmgr[5252]: 3F07A64BE32: removed
May 19 10:37:53 mailserv postfix/qmgr[5252]: 82EB83A63FD: from=<nelson@fastfoodfast.test>, size=11959, nrcpt=3 (queue active)
May 19 10:37:53 mailserv postfix/smtp[26911]: 82EB83A63FD: to=<xmjnfjg0lt@someuser.test>, relay=127.0.0.1[127.0.0.1]:25, delay=0.9, delays=0.44/0.01/0.16/0.3, dsn=2.0.0, status=sent (250 2.0.0 OK 1456292320 l4si1610122wja.105 - gsmtp)
May 19 10:37:53 mailserv postfix/qmgr[5252]: 82EB83A63FD: removed
May 19 10:38:10 mailserv postfix/smtpd[26118]: 82EB83A63FD: client=24.267.98.35.com[24.267.98.35], sasl_method=PLAIN, sasl_username=nelson_carter
May 19 10:38:10 mailserv postfix/cleanup[17455]: 82EB83A63FD: message-id=<4237916944@domain.test>
May 19 10:38:53 mailserv postfix/smtpd[26118]: 7AB42F0E8B5: client=81.19.266.57.com[81.19.266.57], sasl_method=PLAIN, sasl_username=evandar_park
May 19 10:38:53 mailserv postfix/cleanup[17455]: 7AB42F0E8B5: message-id=<4237916945@domain.test>
May 19 10:39:37 mailserv postfix/smtpd[26118]: A937F8310B3: client=242.293.7.54.com[242.293.7.54], sasl_method=PLAIN, sasl_username=fred_hammond
May 19 10:39:37 mailserv postfix/cleanup[17455]: A937F8310B3: message-id=<4237916946@domain.test>
May 19 10:40:04 mailserv postfix/qmgr[5252]: 7AB42F0E8B5: from=<evandar9@massima.test>, size=13688, nrcpt=3 (queue active)
May 19 10:40:04 mailserv postfix/smtp[26911]: 7AB42F0E8B5: to=<qs44urymgt@someuser.test>, relay=127.0.0.1[127.0.0.1]:25, delay=0.9, delays=0.44/0.01/0.16/0.3, dsn=2.0.0, status=sent (250 2.0.0 OK 1456292320 l4si1610122wja.105 - gsmtp)
May 19 10:40:04 mailserv postfix/qmgr[5252]: 7AB42F0E8B5: removed
May 19 10:40:19 mailserv postfix/qmgr[5252]: A937F8310B3: from=<fredh16@meager.test>, size=13986, nrcpt=3 (queue active)
May 19 10:40:19 mailserv postfix/smtp[26911]: A937F8310B3: to=<izb3ahydi9@someuser.test>, relay=127.0.0.1[127.0.0.1]:25, delay=0.9, delays=0.44/0.01/0.16/0.3, dsn=2.0.0, status=sent (250 2.0.0 OK 1456292320 l4si1610122wja.105 - gsmtp)
May 19 10:40:19 mailserv postfix/qmgr[5252]: A937F8310B3: removed
May 19 10:40:28 mailserv postfix/smtpd[26118]: 93AF9EC0382: client=84.62.272.91.com[84.62.272.91], sasl_method=PLAIN, sasl_username=george_parker
May 19 10:40:28 mailserv postfix/cleanup[17455]: 93AF9EC0382: message-id=<4237916947@domain.test>
May 19 10:41:11 mailserv postfix/qmgr[5252]: BC8263D02E9: from=<rayvon@jenkins.test>, size=4371, nrcpt=3 (queue active)
May 19 10:41:11 mailserv postfix/smtp[26911]: BC8263D02E9: to=<cqpay6eo1d@someuser.test>, relay=127.0.0.1[127.0.0.1]:25, delay=0.9, delays=0.44/0.01/0.16/0.3, dsn=2.0.0, status=sent (250 2.0.0 OK 1456292320 l4si1610122wja.105 - gsmtp)
May 19 10:41:11 mailserv postfix/qmgr[5252]: BC8263D02E9: removed
May 19 10:41:12 mailserv postfix/smtpd[26118]: 3BF108C5F37: client=94.3.197.258.com[94.3.197.258], sasl_method=PLAIN, sasl_username=lola_noorfuld
May 19 10:41:12 mailserv postfix/cleanup[17455]: 3BF108C5F37: message-id=<4237916948@domain.test>
May 19 10:41:30 mailserv postfix/qmgr[5252]: 82EB83A63FD: from=<nelson@fastfoodfast.test>, size=8555, nrcpt=3 (queue active)
May 19 10:41:30 mailserv postfix/smtp[26911]: 82EB83A63FD: to=<t2fosf4ocb@someuser.test>, relay=127.0.0.1[127.0.0.1]:25, delay=0.9, delays=0.44/0.01/0.16/0.3, dsn=2.0.0, status=sent (250 2.0.0 OK 1456292320 l4si1610122wja.105 - gsmtp)
May 19 10:41:30 mailserv postfix/qmgr[5252]: 82EB83A63FD: removed
May 19 10:41:46 mailserv postfix/smtpd[26118]: E9578A0057C: client=62.266.8.94.com[62.266.8.94], sasl_method=PLAIN, sasl_username=tony_andrews
May 19 10:41:46 mailserv postfix/cleanup[17455]: E9578A0057C: message-id=<4237916949@domain.test>
May 19 10:42:18 mailserv postfix/smtpd[26118]: 42BA9F385DE: client=203.55.89.261.com[203.55.89.261], sasl_method=PLAIN, sasl_username=lalo_rodrigeuez
May 19 10:42:18 mailserv postfix/cleanup[17455]: 42BA9F385DE: message-id=<4237916950@domain.test>
May 19 10:42:37 mailserv postfix/qmgr[5252]: 93AF9EC0382: from=<gp@helipads.test>, size=7413, nrcpt=3 (queue active)
May 19 10:42:37 mailserv postfix/smtp[26911]: 93AF9EC0382: to=<2krhbqkkgu@someuser.test>, relay=127.0.0.1[127.0.0.1]:25, delay=0.9, delays=0.44/0.01/0.16/0.3, dsn=2.0.0, status=sent (250 2.0.0 OK 1456292320 l4si1610122wja.105 - gsmtp)
May 19 10:42:37 mailserv postfix/qmgr[5252]: 93AF9EC0382: removed
May 19 10:43:18 mailserv postfix/smtpd[26118]: D3B01768216: client=128.16.264.17.com[128.16.264.17], sasl_method=PLAIN, sasl_username=vihn_okbar
May 19 10:43:18 mailserv postfix/cleanup[17455]: D3B01768216: message-id=<4237916951@domain.test>
May 19 10:43:31 mailserv postfix/qmgr[5252]: 3BF108C5F37: from=<lolan@noorfulds.test>, size=8721, nrcpt=3 (queue active)
May 19 10:43:31 mailserv postfix/smtp[26911]: 3BF108C5F37: to=<7b0x52msfe@someuser.test>, relay=127.0.0.1[127.0.0.1]:25, delay=0.9, delays=0.44/0.01/0.16/0.3, dsn=2.0.0, status=sent (250 2.0.0 OK 1456292320 l4si1610122wja.105 - gsmtp)
May 19 10:43:31 mailserv postfix/qmgr[5252]: 3BF108C5F37: removed
May 19 10:44:16 mailserv postfix/smtpd[26118]: 8A27B3FE436: client=267.81.97.162.com[267.81.97.162], sasl_method=PLAIN, sasl_username=tyler_crisp
May 19 10:44:16 mailserv postfix/cleanup[17455]: 8A27B3FE436: message-id=<4237916952@domain.test>
May 19 10:44:49 mailserv postfix/smtpd[26118]: 01E30A005AE: client=76.240.191.283.com[76.240.191.283], sasl_method=PLAIN, sasl_username=edward_birch
May 19 10:44:49 mailserv postfix/cleanup[17455]: 01E30A005AE: message-id=<4237916953@domain.test>
May 19 10:45:00 mailserv postfix/qmgr[5252]: D3B01768216: from=<vihnokbar@outlands.test>, size=10318, nrcpt=3 (queue active)
May 19 10:45:00 mailserv postfix/smtp[26911]: D3B01768216: to=<kkdir5ii3s@someuser.test>, relay=127.0.0.1[127.0.0.1]:25, delay=0.9, delays=0.44/0.01/0.16/0.3, dsn=2.0.0, status=sent (250 2.0.0 OK 1456292320 l4si1610122wja.105 - gsmtp)
May 19 10:45:00 mailserv postfix/qmgr[5252]: D3B01768216: removed
May 19 10:45:10 mailserv postfix/qmgr[5252]: 42BA9F385DE: from=<lalo@vanrentals.test>, size=11839, nrcpt=3 (queue active)
May 19 10:45:10 mailserv postfix/smtp[26911]: 42BA9F385DE: to=<dhg4wm1ifc@someuser.test>, relay=127.0.0.1[127.0.0.1]:25, delay=0.9, delays=0.44/0.01/0.16/0.3, dsn=2.0.0, status=sent (250 2.0.0 OK 1456292320 l4si1610122wja.105 - gsmtp)
May 19 10:45:10 mailserv postfix/qmgr[5252]: 42BA9F385DE: removed
May 19 10:45:47 mailserv postfix/smtpd[26118]: 3F07A64BE32: client=204.192.273.15.com[204.192.273.15], sasl_method=PLAIN, sasl_username=zahara_oswald
May 19 10:45:47 mailserv postfix/cleanup[17455]: 3F07A64BE32: message-id=<4237916954@domain.test>
May 19 10:45:58 mailserv postfix/qmgr[5252]: 8A27B3FE436: from=<tcrisp97@kuhl.test>, size=10760, nrcpt=3 (queue active)
May 19 10:45:58 mailserv postfix/smtp[26911]: 8A27B3FE436: to=<9cb5tnfv4h@someuser.test>, relay=127.0.0.1[127.0.0.1]:25, delay=0.9, delays=0.44/0.01/0.16/0.3, dsn=2.0.0, status=sent (250 2.0.0 OK 1456292320 l4si1610122wja.105 - gsmtp)
May 19 10:45:58 mailserv postfix/qmgr[5252]: 8A27B3FE436: removed
May 19 10:46:33 mailserv postfix/smtpd[26118]: 3BF108C5F37: client=94.3.197.258.com[94.3.197.258], sasl_method=PLAIN, sasl_username=lola_noorfuld
May 19 10:46:33 mailserv postfix/cleanup[17455]: 3BF108C5F37: message-id=<4237916955@domain.test>
May 19 10:46:43 mailserv postfix/qmgr[5252]: E9578A0057C: from=<tonytigger@ashfield.test>, size=4788, nrcpt=3 (queue active)
May 19 10:46:43 mailserv postfix/smtp[26911]: E9578A0057C: to=<ksfmr768a2@someuser.test>, relay=127.0.0.1[127.0.0.1]:25, delay=0.9, delays=0.44/0.01/0.16/0.3, dsn=2.0.0, status=sent (250 2.0.0 OK 1456292320 l4si1610122wja.105 - gsmtp)
May 19 10:46:43 mailserv postfix/qmgr[5252]: E9578A0057C: removed
May 19 10:47:09 mailserv postfix/qmgr[5252]: 3F07A64BE32: from=<zo@victory.test>, size=3301, nrcpt=3 (queue active)
May 19 10:47:09 mailserv postfix/smtp[26911]: 3F07A64BE32: to=<nl2pdutv6a@someuser.test>, relay=127.0.0.1[127.0.0.1]:25, delay=0.9, delays=0.44/0.01/0.16/0.3, dsn=2.0.0, status=sent (250 2.0.0 OK 1456292320 l4si1610122wja.105 - gsmtp)
May 19 10:47:09 mailserv postfix/qmgr[5252]: 3F07A64BE32: removed
May 19 10:47:20 mailserv postfix/smtpd[26118]: F6DB28A7490: client=217.259.17.34.com[217.259.17.34], sasl_method=PLAIN, sasl_username=oskar_shwarz
May 19 10:47:20 mailserv postfix/cleanup[17455]: F6DB28A7490: message-id=<4237916956@domain.test>
May 19 10:47:37 mailserv postfix/qmgr[5252]: 01E30A005AE: from=<eddyb@grading.test>, size=12108, nrcpt=3 (queue active)
May 19 10:47:37 mailserv postfix/smtp[26911]: 01E30A005AE: to=<hbfuhfvqxg@someuser.test>, relay=127.0.0.1[127.0.0.1]:25, delay=0.9, delays=0.44/0.01/0.16/0.3, dsn=2.0.0, status=sent (250 2.0.0 OK 1456292320 l4si1610122wja.105 - gsmtp)
May 19 10:47:37 mailserv postfix/qmgr[5252]: 01E30A005AE: removed
May 19 10:48:05 mailserv postfix/qmgr[5252]: 3BF108C5F37: from=<lolan@noorfulds.test>, size=6147, nrcpt=3 (queue active)
May 19 10:48:05 mailserv postfix/smtp[26911]: 3BF108C5F37: to=<rbxjeckxd2@someuser.test>, relay=127.0.0.1[127.0.0.1]:25, delay=0.9, delays=0.44/0.01/0.16/0.3, dsn=2.0.0, status=sent (250 2.0.0 OK 1456292320 l4si1610122wja.105 - gsmtp)
May 19 10:48:05 mailserv postfix/qmgr[5252]: 3BF108C5F37: removed
May 19 10:48:15 mailserv postfix/smtpd[26118]: 7AB42F0E8B5: client=81.19.266.57.com[81.19.266.57], sasl_method=PLAIN, sasl_username=evandar_park
May 19 10:48:15 mailserv postfix/cleanup[17455]: 7AB42F0E8B5: message-id=<4237916957@domain.test>
May 19 10:49:04 mailserv postfix/smtpd[26118]: B26219BF3C6: client=58.9.264.19.com[58.9.264.19], sasl_method=PLAIN, sasl_username=sandra_clark
May 19 10:49:04 mailserv postfix/cleanup[17455]: B26219BF3C6: message-id=<4237916958@domain.test>
May 19 10:49:11 mailserv postfix/qmgr[5252]: F6DB28A7490: from=<schwarzy@alpine.test>, size=9833, nrcpt=3 (queue active)
May 19 10:49:11 mailserv postfix/smtp[26911]: F6DB28A7490: to=<p9vgtuay5x@someuser.test>, relay=127.0.0.1[127.0.0.1]:25, delay=0.9, delays=0.44/0.01/0.16/0.3, dsn=2.0.0, status=sent (250 2.0.0 OK 1456292320 l4si1610122wja.105 - gsmtp)
May 19 10:49:11 mailserv postfix/qmgr[5252]: F6DB28A7490: removed
May 19 10:49:37 mailserv postfix/smtpd[26118]: D3B01768216: client=128.16.264.17.com[128.16.264.17], sasl_method=PLAIN, sasl_username=vihn_okbar
May 19 10:49:37 mailserv postfix/cleanup[17455]: D3B01768216: message-id=<4237916959@domain.test>
May 19 10:50:17 mailserv postfix/qmgr[5252]: B26219BF3C6: from=<sandra@clarkfoods.test>, size=13873, nrcpt=3 (queue active)
May 19 10:50:17 mailserv postfix/smtp[26911]: B26219BF3C6: to=<gkao1ucnu2@someuser.test>, relay=127.0.0.1[127.0.0.1]:25, delay=0.9, delays=0.44/0.01/0.16/0.3, dsn=2.0.0, status=sent (250 2.0.0 OK 1456292320 l4si1610122wja.105 - gsmtp)
May 19 10:50:17 mailserv postfix/qmgr[5252]: B26219BF3C6: removed
May 19 10:50:31 mailserv postfix/smtpd[26118]: 1F9E3B29C39: client=259.21.83.128.com[259.21.83.128], sasl_method=PLAIN, sasl_username=mia_doijan
May 19 10:50:31 mailserv postfix/cleanup[17455]: 1F9E3B29C39: message-id=<4237916960@domain.test>
May 19 10:50:34 mailserv postfix/qmgr[5252]: 7AB42F0E8B5: from=<evandar9@massima.test>, size=4834, nrcpt=3 (queue active)
May 19 10:50:34 mailserv postfix/smtp[26911]: 7AB42F0E8B5: to=<7pbrykdew5@someuser.test>, relay=127.0.0.1[127.0.0.1]:25, delay=0.9, delays=0.44/0.01/0.16/0.3, dsn=2.0.0, status=sent (250 2.0.0 OK 1456292320 l4si1610122wja.105 - gsmtp)
May 19 10:50:34 mailserv postfix/qmgr[5252]: 7AB42F0E8B5: removed
May 19 10:51:21 mailserv postfix/smtpd[26118]: 42BA9F385DE: client=203.55.89.261.com[203.55.89.261], sasl_method=PLAIN, sasl_username=lalo_rodrigeuez
May 19 10:51:21 mailserv postfix/cleanup[17455]: 42BA9F385DE: message-id=<4237916961@domain.test>
May 19 10:51:41 mailserv postfix/qmgr[5252]: 1F9E3B29C39: from=<miaiam@singstarz.test>, size=7558, nrcpt=3 (queue active)
May 19 10:51:41 mailserv postfix/smtp[26911]: 1F9E3B29C39: to=<wh80lmloc5@someuser.test>, relay=127.0.0.1[127.0.0.1]:25, delay=0.9, delays=0.44/0.01/0.16/0.3, dsn=2.0.0, status=sent (250 2.0.0 OK 1456292320 l4si1610122wja.105 - gsmtp)
May 19 10:51:41 mailserv postfix/qmgr[5252]: 1F9E3B29C39: removed
May 19 10:51:53 mailserv postfix/smtpd[26118]: 3F07A64BE32: client=204.192.273.15.com[204.192.273.15], sasl_method=PLAIN, sasl_username=zahara_oswald
May 19 10:51:53 mailserv postfix/cleanup[17455]: 3F07A64BE32: message-id=<4237916962@domain.test>
May 19 10:52:03 mailserv postfix/qmgr[5252]: D3B01768216: from=<vihnokbar@outlands.test>, size=4650, nrcpt=3 (queue active)
May 19 10:52:03 mailserv postfix/smtp[26911]: D3B01768216: to=<tjswfpfdpu@someuser.test>, relay=127.0.0.1[127.0.0.1]:25, delay=0.9, delays=0.44/0.01/0.16/0.3, dsn=2.0.0, status=sent (250 2.0.0 OK 1456292320 l4si1610122wja.105 - gsmtp)
May 19 10:52:03 mailserv postfix/qmgr[5252]: D3B01768216: removed
May 19 10:52:11 mailserv postfix/qmgr[5252]: 42BA9F385DE: from=<lalo@vanrentals.test>, size=13101, nrcpt=3 (queue active)
May 19 10:52:11 mailserv postfix/smtp[26911]: 42BA9F385DE: to=<8sgdgv3fo4@someuser.test>, relay=127.0.0.1[127.0.0.1]:25, delay=0.9, delays=0.44/0.01/0.16/0.3, dsn=2.0.0, status=sent (250 2.0.0 OK 1456292320 l4si1610122wja.105 - gsmtp)
May 19 10:52:11 mailserv postfix/qmgr[5252]: 42BA9F385DE: removed
May 19 10:52:28 mailserv postfix/smtpd[26118]: 3BF108C5F37: client=94.3.197.258.com[94.3.197.258], sasl_method=PLAIN, sasl_username=lola_noorfuld
May 19 10:52:28 mailserv postfix/cleanup[17455]: 3BF108C5F37: message-id=<4237916963@domain.test>
May 19 10:53:00 mailserv postfix/smtpd[26118]: C982C3B392E: client=257.82.34.128.com[257.82.34.128], sasl_method=PLAIN, sasl_username=finn_adams
May 19 10:53:00 mailserv postfix/cleanup[17455]: C982C3B392E: message-id=<4237916964@domain.test>
May 19 10:53:44 mailserv postfix/qmgr[5252]: C982C3B392E: from=<finnadams@remvisions.test>, size=4102, nrcpt=3 (queue active)
May 19 10:53:44 mailserv postfix/smtp[26911]: C982C3B392E: to=<1zomcmp6gz@someuser.test>, relay=127.0.0.1[127.0.0.1]:25, delay=0.9, delays=0.44/0.01/0.16/0.3, dsn=2.0.0, status=sent (250 2.0.0 OK 1456292320 l4si1610122wja.105 - gsmtp)
May 19 10:53:44 mailserv postfix/qmgr[5252]: C982C3B392E: removed
May 19 10:53:54 mailserv postfix/qmgr[5252]: 3BF108C5F37: from=<lolan@noorfulds.test>, size=5755, nrcpt=3 (queue active)
May 19 10:53:54 mailserv postfix/smtp[26911]: 3BF108C5F37: to=<bc7hq3gvs1@someuser.test>, relay=127.0.0.1[127.0.0.1]:25, delay=0.9, delays=0.44/0.01/0.16/0.3, dsn=2.0.0, status=sent (250 2.0.0 OK 1456292320 l4si1610122wja.105 - gsmtp)
May 19 10:53:54 mailserv postfix/qmgr[5252]: 3BF108C5F37: removed
May 19 10:53:58 mailserv postfix/smtpd[26118]: 092BE29C374: client=208.44.259.61.com[208.44.259.61], sasl_method=PLAIN, sasl_username=chuck_bintar
May 19 10:53:58 mailserv postfix/cleanup[17455]: 092BE29C374: message-id=<4237916965@domain.test>
May 19 10:54:23 mailserv postfix/qmgr[5252]: 3F07A64BE32: from=<zo@victory.test>, size=7448, nrcpt=3 (queue active)
May 19 10:54:23 mailserv postfix/smtp[26911]: 3F07A64BE32: to=<t1xdws8v4z@someuser.test>, relay=127.0.0.1[127.0.0.1]:25, delay=0.9, delays=0.44/0.01/0.16/0.3, dsn=2.0.0, status=sent (250 2.0.0 OK 1456292320 l4si1610122wja.105 - gsmtp)
May 19 10:54:23 mailserv postfix/qmgr[5252]: 3F07A64BE32: removed
May 19 10:54:52 mailserv postfix/smtpd[26118]: 37BF508A6CD: client=52.260.193.74.com[52.260.193.74], sasl_method=PLAIN, sasl_username=malakai_brim
May 19 10:54:52 mailserv postfix/cleanup[17455]: 37BF508A6CD: message-id=<4237916966@domain.test>
May 19 10:55:45 mailserv postfix/smtpd[26118]: 29AF38ED938: client=86.104.265.92.com[86.104.265.92], sasl_method=PLAIN, sasl_username=walter_robinson
May 19 10:55:45 mailserv postfix/cleanup[17455]: 29AF38ED938: message-id=<4237916967@domain.test>
May 19 10:56:41 mailserv postfix/smtpd[26118]: 1E9B67CA436: client=75.268.15.92.com[75.268.15.92], sasl_method=PLAIN, sasl_username=malai_landar
May 19 10:56:41 mailserv postfix/cleanup[17455]: 1E9B67CA436: message-id=<4237916968@domain.test>
May 19 10:57:25 mailserv postfix/qmgr[5252]: 092BE29C374: from=<chuckbintar@octopusgloves.test>, size=12947, nrcpt=3 (queue active)
May 19 10:57:25 mailserv postfix/smtp[26911]: 092BE29C374: to=<dd0fc4cnyh@someuser.test>, relay=127.0.0.1[127.0.0.1]:25, delay=0.9, delays=0.44/0.01/0.16/0.3, dsn=2.0.0, status=sent (250 2.0.0 OK 1456292320 l4si1610122wja.105 - gsmtp)
May 19 10:57:25 mailserv postfix/qmgr[5252]: 092BE29C374: removed
May 19 10:57:37 mailserv postfix/smtpd[26118]: 64CB3BF918A: client=162.24.93.260.com[162.24.93.260], sasl_method=PLAIN, sasl_username=tracie_wright
May 19 10:57:37 mailserv postfix/cleanup[17455]: 64CB3BF918A: message-id=<4237916969@domain.test>
May 19 10:58:12 mailserv postfix/qmgr[5252]: 29AF38ED938: from=<wrobinson@springsales.test>, size=9507, nrcpt=3 (queue active)
May 19 10:58:12 mailserv postfix/smtp[26911]: 29AF38ED938: to=<vmbsy0yeyr@someuser.test>, relay=127.0.0.1[127.0.0.1]:25, delay=0.9, delays=0.44/0.01/0.16/0.3, dsn=2.0.0, status=sent (250 2.0.0 OK 1456292320 l4si1610122wja.105 - gsmtp)
May 19 10:58:12 mailserv postfix/qmgr[5252]: 29AF38ED938: removed
May 19 10:58:36 mailserv postfix/smtpd[26118]: 29AF38ED938: client=86.104.265.92.com[86.104.265.92], sasl_method=PLAIN, sasl_username=walter_robinson
May 19 10:58:36 mailserv postfix/cleanup[17455]: 29AF38ED938: message-id=<4237916970@domain.test>
May 19 10:59:15 mailserv postfix/smtpd[26118]: E9578A0057C: client=62.266.8.94.com[62.266.8.94], sasl_method=PLAIN, sasl_username=tony_andrews
May 19 10:59:15 mailserv postfix/cleanup[17455]: E9578A0057C: message-id=<4237916971@domain.test>
May 19 10:59:28 mailserv postfix/qmgr[5252]: E9578A0057C: from=<tonytigger@ashfield.test>, size=12218, nrcpt=3 (queue active)
May 19 10:59:28 mailserv postfix/smtp[26911]: E9578A0057C: to=<5ssg0hgscd@someuser.test>, relay=127.0.0.1[127.0.0.1]:25, delay=0.9, delays=0.44/0.01/0.16/0.3, dsn=2.0.0, status=sent (250 2.0.0 OK 1456292320 l4si1610122wja.105 - gsmtp)
May 19 10:59:28 mailserv postfix/qmgr[5252]: E9578A0057C: removed
May 19 10:59:41 mailserv postfix/qmgr[5252]: 37BF508A6CD: from=<malakiab@storefast.test>, size=12634, nrcpt=3 (queue active)
May 19 10:59:41 mailserv postfix/smtp[26911]: 37BF508A6CD: to=<9kzmc2tf08@someuser.test>, relay=127.0.0.1[127.0.0.1]:25, delay=0.9, delays=0.44/0.01/0.16/0.3, dsn=2.0.0, status=sent (250 2.0.0 OK 1456292320 l4si1610122wja.105 - gsmtp)
May 19 10:59:41 mailserv postfix/qmgr[5252]: 37BF508A6CD: removed
May 19 11:00:12 mailserv postfix/smtpd[26118]: 0E6C9A004CE: client=18.278.94.126.com[18.278.94.126], sasl_method=PLAIN, sasl_username=sam_jones
May 19 11:00:12 mailserv postfix/cleanup[17455]: 0E6C9A004CE: message-id=<4237916972@domain.test>
May 19 11:00:44 mailserv postfix/qmgr[5252]: 1E9B67CA436: from=<malailandar@sunrise.test>, size=4190, nrcpt=3 (queue active)
May 19 11:00:44 mailserv postfix/smtp[26911]: 1E9B67CA436: to=<gdgab2nvnr@someuser.test>, relay=127.0.0.1[127.0.0.1]:25, delay=0.9, delays=0.44/0.01/0.16/0.3, dsn=2.0.0, status=sent (250 2.0.0 OK 1456292320 l4si1610122wja.105 - gsmtp)
May 19 11:00:44 mailserv postfix/qmgr[5252]: 1E9B67CA436: removed
May 19 11:01:03 mailserv postfix/qmgr[5252]: 64CB3BF918A: from=<tracie4@limejello.test>, size=9127, nrcpt=3 (queue active)
May 19 11:01:03 mailserv postfix/smtp[26911]: 64CB3BF918A: to=<cubq9l09eo@someuser.test>, relay=127.0.0.1[127.0.0.1]:25, delay=0.9, delays=0.44/0.01/0.16/0.3, dsn=2.0.0, status=sent (250 2.0.0 OK 1456292320 l4si1610122wja.105 - gsmtp)
May 19 11:01:03 mailserv postfix/qmgr[5252]: 64CB3BF918A: removed
May 19 11:01:10 mailserv postfix/smtpd[26118]: 0E6C9A004CE: client=103.97.278.82.com[103.97.278.82], sasl_method=PLAIN, sasl_username=robert_biggins
May 19 11:01:10 mailserv postfix/cleanup[17455]: 0E6C9A004CE: message-id=<4237916973@domain.test>
May 19 11:01:53 mailserv postfix/smtpd[26118]: 4C80AD2937B: client=52.21.263.17.com[52.21.263.17], sasl_method=PLAIN, sasl_username=angus_beatty
May 19 11:01:53 mailserv postfix/cleanup[17455]: 4C80AD2937B: message-id=<4237916974@domain.test>
May 19 11:01:59 mailserv postfix/qmgr[5252]: 0E6C9A004CE: from=<robert1983@robots.test>, size=6995, nrcpt=3 (queue active)
May 19 11:01:59 mailserv postfix/smtp[26911]: 0E6C9A004CE: to=<mzhusrz3cc@someuser.test>, relay=127.0.0.1[127.0.0.1]:25, delay=0.9, delays=0.44/0.01/0.16/0.3, dsn=2.0.0, status=sent (250 2.0.0 OK 1456292320 l4si1610122wja.105 - gsmtp)
May 19 11:01:59 mailserv postfix/qmgr[5252]: 0E6C9A004CE: removed
May 19 11:02:11 mailserv postfix/qmgr[5252]: 0E6C9A004CE: from=<sjones@terraforms.test>, size=14677, nrcpt=3 (queue active)
May 19 11:02:11 mailserv postfix/smtp[26911]: 0E6C9A004CE: to=<r50t2l1330@someuser.test>, relay=127.0.0.1[127.0.0.1]:25, delay=0.9, delays=0.44/0.01/0.16/0.3, dsn=2.0.0, status=sent (250 2.0.0 OK 1456292320 l4si1610122wja.105 - gsmtp)
May 19 11:02:11 mailserv postfix/qmgr[5252]: 0E6C9A004CE: removed
May 19 11:02:25 mailserv postfix/qmgr[5252]: 29AF38ED938: from=<wrobinson@springsales.test>, size=10436, nrcpt=3 (queue active)
May 19 11:02:25 mailserv postfix/smtp[26911]: 29AF38ED938: to=<67md6mc3tf@someuser.test>, relay=127.0.0.1[127.0.0.1]:25, delay=0.9, delays=0.44/0.01/0.16/0.3, dsn=2.0.0, status=sent (250 2.0.0 OK 1456292320 l4si1610122wja.105 - gsmtp)
May 19 11:02:25 mailserv postfix/qmgr[5252]: 29AF38ED938: removed
May 19 11:02:49 mailserv postfix/smtpd[26118]: E9578A0057C: client=62.266.8.94.com[62.266.8.94], sasl_method=PLAIN, sasl_username=tony_andrews
May 19 11:02:49 mailserv postfix/cleanup[17455]: E9578A0057C: message-id=<4237916975@domain.test>
May 19 11:03:40 mailserv postfix/smtpd[26118]: 5B3AF08C581: client=97.6.263.84.com[97.6.263.84], sasl_method=PLAIN, sasl_username=mike_redman
May 19 11:03:40 mailserv postfix/cleanup[17455]: 5B3AF08C581: message-id=<4237916976@domain.test>
May 19 11:04:12 mailserv postfix/smtpd[26118]: 5EBC72D19B2: client=42.182.273.80.com[42.182.273.80], sasl_method=PLAIN, sasl_username=claire_rogers
May 19 11:04:12 mailserv postfix/cleanup[17455]: 5EBC72D19B2: message-id=<4237916977@domain.test>
May 19 11:05:12 mailserv postfix/smtpd[26118]: 2BFA93DB287: client=90.47.264.53.com[90.47.264.53], sasl_method=PLAIN, sasl_username=paula_hamilton
May 19 11:05:12 mailserv postfix/cleanup[17455]: 2BFA93DB287: message-id=<4237916978@domain.test>
May 19 11:05:17 mailserv postfix/qmgr[5252]: 4C80AD2937B: from=<abeatty92@newdawn.test>, size=8040, nrcpt=3 (queue active)
May 19 11:05:17 mailserv postfix/smtp[26911]: 4C80AD2937B: to=<u1c5qa10fw@someuser.test>, relay=127.0.0.1[127.0.0.1]:25, delay=0.9, delays=0.44/0.01/0.16/0.3, dsn=2.0.0, status=sent (250 2.0.0 OK 1456292320 l4si1610122wja.105 - gsmtp)
May 19 11:05:17 mailserv postfix/qmgr[5252]: 4C80AD2937B: removed
May 19 11:05:41 mailserv postfix/qmgr[5252]: E9578A0057C: from=<tonytigger@ashfield.test>, size=13933, nrcpt=3 (queue active)
May 19 11:05:41 mailserv postfix/smtp[26911]: E9578A0057C: to=<1vfx61ln5g@someuser.test>, relay=127.0.0.1[127.0.0.1]:25, delay=0.9, delays=0.44/0.01/0.16/0.3, dsn=2.0.0, status=sent (250 2.0.0 OK 1456292320 l4si1610122wja.105 - gsmtp)
May 19 11:05:41 mailserv postfix/qmgr[5252]: E9578A0057C: removed
May 19 11:05:57 mailserv postfix/smtpd[26118]: E9578A0057C: client=62.266.8.94.com[62.266.8.94], sasl_method=PLAIN, sasl_username=tony_andrews
May 19 11:05:57 mailserv postfix/cleanup[17455]: E9578A0057C: message-id=<4237916979@domain.test>
May 19 11:05:59 mailserv postfix/qmgr[5252]: E9578A0057C: from=<tonytigger@ashfield.test>, size=7109, nrcpt=3 (queue active)
May 19 11:05:59 mailserv postfix/smtp[26911]: E9578A0057C: to=<xa3h9qvl26@someuser.test>, relay=127.0.0.1[127.0.0.1]:25, delay=0.9, delays=0.44/0.01/0.16/0.3, dsn=2.0.0, status=sent (250 2.0.0 OK 1456292320 l4si1610122wja.105 - gsmtp)
May 19 11:05:59 mailserv postfix/qmgr[5252]: E9578A0057C: removed
May 19 11:06:28 mailserv postfix/smtpd[26118]: 928FA28BE82: client=23.259.44.76.com[23.259.44.76], sasl_method=PLAIN, sasl_username=mohammed_abu
May 19 11:06:28 mailserv postfix/cleanup[17455]: 928FA28BE82: message-id=<4237916980@domain.test>
May 19 11:07:02 mailserv postfix/qmgr[5252]: 5EBC72D19B2: from=<claire2001@appleby.test>, size=3792, nrcpt=3 (queue active)
May 19 11:07:02 mailserv postfix/smtp[26911]: 5EBC72D19B2: to=<rwuln6x13y@someuser.test>, relay=127.0.0.1[127.0.0.1]:25, delay=0.9, delays=0.44/0.01/0.16/0.3, dsn=2.0.0, status=sent (250 2.0.0 OK 1456292320 l4si1610122wja.105 - gsmtp)
May 19 11:07:02 mailserv postfix/qmgr[5252]: 5EBC72D19B2: removed
May 19 11:07:14 mailserv postfix/qmgr[5252]: 5B3AF08C581: from=<mredman@redenterprises.test>, size=14680, nrcpt=3 (queue active)
May 19 11:07:14 mailserv postfix/smtp[26911]: 5B3AF08C581: to=<q3otx2amuz@someuser.test>, relay=127.0.0.1[127.0.0.1]:25, delay=0.9, delays=0.44/0.01/0.16/0.3, dsn=2.0.0, status=sent (250 2.0.0 OK 1456292320 l4si1610122wja.105 - gsmtp)
May 19 11:07:14 mailserv postfix/qmgr[5252]: 5B3AF08C581: removed
May 19 11:07:23 mailserv postfix/smtpd[26118]: EE2C8A0059A: client=206.44.268.14.com[206.44.268.14], sasl_method=PLAIN, sasl_username=susan_march
May 19 11:07:23 mailserv postfix/cleanup[17455]: EE2C8A0059A: message-id=<4237916981@domain.test>
May 19 11:07:59 mailserv postfix/smtpd[26118]: C837B51A8E6: client=38.14.296.47.com[38.14.296.47], sasl_method=PLAIN, sasl_username=alice_smith
May 19 11:07:59 mailserv postfix/cleanup[17455]: C837B51A8E6: message-id=<4237916982@domain.test>
May 19 11:08:36 mailserv postfix/smtpd[26118]: 4C80AD2937B: client=52.21.263.17.com[52.21.263.17], sasl_method=PLAIN, sasl_username=angus_beatty
May 19 11:08:36 mailserv postfix/cleanup[17455]: 4C80AD2937B: message-id=<4237916983@domain.test>
May 19 11:09:01 mailserv postfix/qmgr[5252]: 928FA28BE82: from=<moabu@bigadmin.test>, size=10818, nrcpt=3 (queue active)
May 19 11:09:01 mailserv postfix/smtp[26911]: 928FA28BE82: to=<hyl5u5ywje@someuser.test>, relay=127.0.0.1[127.0.0.1]:25, delay=0.9, delays=0.44/0.01/0.16/0.3, dsn=2.0.0, status=sent (250 2.0.0 OK 1456292320 l4si1610122wja.105 - gsmtp)
May 19 11:09:01 mailserv postfix/qmgr[5252]: 928FA28BE82: removed
May 19 11:09:17 mailserv postfix/smtpd[26118]: 0E6C9A004CE: client=103.97.278.82.com[103.97.278.82], sasl_method=PLAIN, sasl_username=robert_biggins
May 19 11:09:17 mailserv postfix/cleanup[17455]: 0E6C9A004CE: message-id=<4237916984@domain.test>
May 19 11:09:56 mailserv postfix/qmgr[5252]: 2BFA93DB287: from=<phamilton@radars.test>, size=7424, nrcpt=3 (queue active)
May 19 11:09:56 mailserv postfix/smtp[26911]: 2BFA93DB287: to=<sdtms8obst@someuser.test>, relay=127.0.0.1[127.0.0.1]:25, delay=0.9, delays=0.44/0.01/0.16/0.3, dsn=2.0.0, status=sent (250 2.0.0 OK 1456292320 l4si1610122wja.105 - gsmtp)
May 19 11:09:56 mailserv postfix/qmgr[5252]: 2BFA93DB287: removed
May 19 11:09:58 mailserv postfix/smtpd[26118]: 1E9B67CA436: client=75.268.15.92.com[75.268.15.92], sasl_method=PLAIN, sasl_username=malai_landar
May 19 11:09:58 mailserv postfix/cleanup[17455]: 1E9B67CA436: message-id=<4237916985@domain.test>
May 19 11:10:24 mailserv postfix/qmgr[5252]: C837B51A8E6: from=<alicesmith7@nosite.test>, size=3528, nrcpt=3 (queue active)
May 19 11:10:24 mailserv postfix/smtp[26911]: C837B51A8E6: to=<dx8ifmkywa@someuser.test>, relay=127.0.0.1[127.0.0.1]:25, delay=0.9, delays=0.44/0.01/0.16/0.3, dsn=2.0.0, status=sent (250 2.0.0 OK 1456292320 l4si1610122wja.105 - gsmtp)
May 19 11:10:24 mailserv postfix/qmgr[5252]: C837B51A8E6: removed
May 19 11:10:26 mailserv postfix/qmgr[5252]: 4C80AD2937B: from=<abeatty92@newdawn.test>, size=10459, nrcpt=3 (queue active)
May 19 11:10:26 mailserv postfix/smtp[26911]: 4C80AD2937B: to=<8seked98ly@someuser.test>, relay=127.0.0.1[127.0.0.1]:25, delay=0.9, delays=0.44/0.01/0.16/0.3, dsn=2.0.0, status=sent (250 2.0.0 OK 1456292320 l4si1610122wja.105 - gsmtp)
May 19 11:10:26 mailserv postfix/qmgr[5252]: 4C80AD2937B: removed
May 19 11:10:40 mailserv postfix/smtpd[26118]: 29AF38ED938: client=86.104.265.92.com[86.104.265.92], sasl_method=PLAIN, sasl_username=walter_robinson
May 19 11:10:40 mailserv postfix/cleanup[17455]: 29AF38ED938: message-id=<4237916986@domain.test>
May 19 11:10:51 mailserv postfix/qmgr[5252]: 0E6C9A004CE: from=<robert1983@robots.test>, size=3896, nrcpt=3 (queue active)
May 19 11:10:51 mailserv postfix/smtp[26911]: 0E6C9A004CE: to=<tsz54lxhpb@someuser.test>, relay=127.0.0.1[127.0.0.1]:25, delay=0.9, delays=0.44/0.01/0.16/0.3, dsn=2.0.0, status=sent (250 2.0.0 OK 1456292320 l4si1610122wja.105 - gsmtp)
May 19 11:10:51 mailserv postfix/qmgr[5252]: 0E6C9A004CE: removed
May 19 11:11:35 mailserv postfix/smtpd[26118]: 092BE29C374: client=208.44.259.61.com[208.44.259.61], sasl_method=PLAIN, sasl_username=chuck_bintar
May 19 11:11:35 mailserv postfix/cleanup[17455]: 092BE29C374: message-id=<4237916987@domain.test>
May 19 11:11:36 mailserv postfix/qmgr[5252]: 1E9B67CA436: from=<malailandar@sunrise.test>, size=10644, nrcpt=3 (queue active)
May 19 11:11:36 mailserv postfix/smtp[26911]: 1E9B67CA436: to=<io9buzzfrh@someuser.test>, relay=127.0.0.1[127.0.0.1]:25, delay=0.9, delays=0.44/0.01/0.16/0.3, dsn=2.0.0, status=sent (250 2.0.0 OK 1456292320 l4si1610122wja.105 - gsmtp)
May 19 11:11:36 mailserv postfix/qmgr[5252]: 1E9B67CA436: removed
May 19 11:12:10 mailserv postfix/smtpd[26118]: 8C193AD93FD: client=61.90.263.71.com[61.90.263.71], sasl_method=PLAIN, sasl_username=quincy_young
May 19 11:12:10 mailserv postfix/cleanup[17455]: 8C193AD93FD: message-id=<4237916988@domain.test>
May 19 11:12:46 mailserv postfix/smtpd[26118]: 392D83B38AE: client=259.127.6.92.com[259.127.6.92], sasl_method=PLAIN, sasl_username=jim_philips
May 19 11:12:46 mailserv postfix/cleanup[17455]: 392D83B38AE: message-id=<4237916989@domain.test>
May 19 11:12:50 mailserv postfix/qmgr[5252]: 092BE29C374: from=<chuckbintar@octopusgloves.test>, size=12009, nrcpt=3 (queue active)
May 19 11:12:50 mailserv postfix/smtp[26911]: 092BE29C374: to=<js5z7yg7zb@someuser.test>, relay=127.0.0.1[127.0.0.1]:25, delay=0.9, delays=0.44/0.01/0.16/0.3, dsn=2.0.0, status=sent (250 2.0.0 OK 1456292320 l4si1610122wja.105 - gsmtp)
May 19 11:12:50 mailserv postfix/qmgr[5252]: 092BE29C374: removed
May 19 11:13:05 mailserv postfix/qmgr[5252]: 29AF38ED938: from=<wrobinson@springsales.test>, size=8238, nrcpt=3 (queue active)
May 19 11:13:05 mailserv postfix/smtp[26911]: 29AF38ED938: to=<r40jbq6wgc@someuser.test>, relay=127.0.0.1[127.0.0.1]:25, delay=0.9, delays=0.44/0.01/0.16/0.3, dsn=2.0.0, status=sent (250 2.0.0 OK 1456292320 l4si1610122wja.105 - gsmtp)
May 19 11:13:05 mailserv postfix/qmgr[5252]: 29AF38ED938: removed
May 19 11:13:43 mailserv postfix/smtpd[26118]: D3B01768216: client=128.16.264.17.com[128.16.264.17], sasl_method=PLAIN, sasl_username=vihn_okbar
May 19 11:13:43 mailserv postfix/cleanup[17455]: D3B01768216: message-id=<4237916990@domain.test>
May 19 11:13:48 mailserv postfix/qmgr[5252]: 8C193AD93FD: from=<quicny@everyoung.test>, size=13974, nrcpt=3 (queue active)
May 19 11:13:48 mailserv postfix/smtp[26911]: 8C193AD93FD: to=<1q32w2tfgn@someuser.test>, relay=127.0.0.1[127.0.0.1]:25, delay=0.9, delays=0.44/0.01/0.16/0.3, dsn=2.0.0, status=sent (250 2.0.0 OK 1456292320 l4si1610122wja.105 - gsmtp)
May 19 11:13:48 mailserv postfix/qmgr[5252]: 8C193AD93FD: removed
May 19 11:14:33 mailserv postfix/smtpd[26118]: 3F07A64BE32: client=204.192.273.15.com[204.192.273.15], sasl_method=PLAIN, sasl_username=zahara_oswald
May 19 11:14:33 mailserv postfix/cleanup[17455]: 3F07A64BE32: message-id=<4237916991@domain.test>
May 19 11:14:53 mailserv postfix/qmgr[5252]: 3F07A64BE32: from=<zo@victory.test>, size=11055, nrcpt=3 (queue active)
May 19 11:14:53 mailserv postfix/smtp[26911]: 3F07A64BE32: to=<fts9v13otl@someuser.test>, relay=127.0.0.1[127.0.0.1]:25, delay=0.9, delays=0.44/0.01/0.16/0.3, dsn=2.0.0, status=sent (250 2.0.0 OK 1456292320 l4si1610122wja.105 - gsmtp)
May 19 11:14:53 mailserv postfix/qmgr[5252]: 3F07A64BE32: removed
May 19 11:15:16 mailserv postfix/smtpd[26118]: 928FA28BE82: client=23.259.44.76.com[23.259.44.76], sasl_method=PLAIN, sasl_username=mohammed_abu
May 19 11:15:16 mailserv postfix/cleanup[17455]: 928FA28BE82: message-id=<4237916992@domain.test>
May 19 11:15:24 mailserv postfix/qmgr[5252]: 392D83B38AE: from=<jimbo@allclips.test>, size=8425, nrcpt=3 (queue active)
May 19 11:15:24 mailserv postfix/smtp[26911]: 392D83B38AE: to=<kuv41r4qg0@someuser.test>, relay=127.0.0.1[127.0.0.1]:25, delay=0.9, delays=0.44/0.01/0.16/0.3, dsn=2.0.0, status=sent (250 2.0.0 OK 1456292320 l4si1610122wja.105 - gsmtp)
May 19 11:15:24 mailserv postfix/qmgr[5252]: 392D83B38AE: removed
May 19 11:15:26 mailserv postfix/qmgr[5252]: D3B01768216: from=<vihnokbar@outlands.test>, size=6575, nrcpt=3 (queue active)
May 19 11:15:26 mailserv postfix/smtp[26911]: D3B01768216: to=<gnq0yf0bi3@someuser.test>, relay=127.0.0.1[127.0.0.1]:25, delay=0.9, delays=0.44/0.01/0.16/0.3, dsn=2.0.0, status=sent (250 2.0.0 OK 1456292320 l4si1610122wja.105 - gsmtp)
May 19 11:15:26 mailserv postfix/qmgr[5252]: D3B01768216: removed
May 19 11:16:13 mailserv postfix/smtpd[26118]: EE2C8A0059A: client=206.44.268.14.com[206.44.268.14], sasl_method=PLAIN, sasl_username=susan_march
May 19 11:16:13 mailserv postfix/cleanup[17455]: EE2C8A0059A: message-id=<4237916993@domain.test>
May 19 11:17:02 mailserv postfix/smtpd[26118]: 93AF9EC0382: client=84.62.272.91.com[84.62.272.91], sasl_method=PLAIN, sasl_username=george_parker
May 19 11:17:02 mailserv postfix/cleanup[17455]: 93AF9EC0382: message-id=<4237916994@domain.test>
May 19 11:17:50 mailserv postfix/smtpd[26118]: F6DB28A7490: client=217.259.17.34.com[217.259.17.34], sasl_method=PLAIN, sasl_username=oskar_shwarz
May 19 11:17:50 mailserv postfix/cleanup[17455]: F6DB28A7490: message-id=<4237916995@domain.test>
May 19 11:18:26 mailserv postfix/smtpd[26118]: 4C80AD2937B: client=52.21.263.17.com[52.21.263.17], sasl_method=PLAIN, sasl_username=angus_beatty
May 19 11:18:26 mailserv postfix/cleanup[17455]: 4C80AD2937B: message-id=<4237916996@domain.test>
May 19 11:18:27 mailserv postfix/qmgr[5252]: 928FA28BE82: from=<moabu@bigadmin.test>, size=10241, nrcpt=3 (queue active)
May 19 11:18:27 mailserv postfix/smtp[26911]: 928FA28BE82: to=<ojhebo8rhd@someuser.test>, relay=127.0.0.1[127.0.0.1]:25, delay=0.9, delays=0.44/0.01/0.16/0.3, dsn=2.0.0, status=sent (250 2.0.0 OK 1456292320 l4si1610122wja.105 - gsmtp)
May 19 11:18:27 mailserv postfix/qmgr[5252]: 928FA28BE82: removed
May 19 11:18:56 mailserv postfix/qmgr[5252]: EE2C8A0059A: from=<susanftw@jobsite.test>, size=4735, nrcpt=3 (queue active)
May 19 11:18:56 mailserv postfix/smtp[26911]: EE2C8A0059A: to=<h90b474dot@someuser.test>, relay=127.0.0.1[127.0.0.1]:25, delay=0.9, delays=0.44/0.01/0.16/0.3, dsn=2.0.0, status=sent (250 2.0.0 OK 1456292320 l4si1610122wja.105 - gsmtp)
May 19 11:18:56 mailserv postfix/qmgr[5252]: EE2C8A0059A: removed
May 19 11:19:23 mailserv postfix/smtpd[26118]: F6DB28A7490: client=217.259.17.34.com[217.259.17.34], sasl_method=PLAIN, sasl_username=oskar_shwarz
May 19 11:19:23 mailserv postfix/cleanup[17455]: F6DB28A7490: message-id=<4237916997@domain.test>
May 19 11:19:58 mailserv postfix/smtpd[26118]: E9578A0057C: client=62.266.8.94.com[62.266.8.94], sasl_method=PLAIN, sasl_username=tony_andrews
May 19 11:19:58 mailserv postfix/cleanup[17455]: E9578A0057C: message-id=<4237916998@domain.test>
May 19 11:20:29 mailserv postfix/smtpd[26118]: C837B51A8E6: client=38.14.296.47.com[38.14.296.47], sasl_method=PLAIN, sasl_username=alice_smith
May 19 11:20:29 mailserv postfix/cleanup[17455]: C837B51A8E6: message-id=<4237916999@domain.test>
May 19 11:20:59 mailserv postfix/qmgr[5252]: F6DB28A7490: from=<schwarzy@alpine.test>, size=15000, nrcpt=3 (queue active)
May 19 11:20:59 mailserv postfix/smtp[26911]: F6DB28A7490: to=<23bitln0ke@someuser.test>, relay=127.0.0.1[127.0.0.1]:25, delay=0.9, delays=0.44/0.01/0.16/0.3, dsn=2.0.0, status=sent (250 2.0.0 OK 1456292320 l4si1610122wja.105 - gsmtp)
May 19 11:20:59 mailserv postfix/qmgr[5252]: F6DB28A7490: removed
May 19 11:21:00 mailserv postfix/qmgr[5252]: 93AF9EC0382: from=<gp@helipads.test>, size=13938, nrcpt=3 (queue active)
May 19 11:21:00 mailserv postfix/smtp[26911]: 93AF9EC0382: to=<g96804is2m@someuser.test>, relay=127.0.0.1[127.0.0.1]:25, delay=0.9, delays=0.44/0.01/0.16/0.3, dsn=2.0.0, status=sent (250 2.0.0 OK 1456292320 l4si1610122wja.105 - gsmtp)
May 19 11:21:00 mailserv postfix/qmgr[5252]: 93AF9EC0382: removed
May 19 11:21:29 mailserv postfix/smtpd[26118]: 7AB42F0E8B5: client=81.19.266.57.com[81.19.266.57], sasl_method=PLAIN, sasl_username=evandar_park
May 19 11:21:29 mailserv postfix/cleanup[17455]: 7AB42F0E8B5: message-id=<4237917000@domain.test>
May 19 11:21:33 mailserv postfix/qmgr[5252]: E9578A0057C: from=<tonytigger@ashfield.test>, size=14807, nrcpt=3 (queue active)
May 19 11:21:33 mailserv postfix/smtp[26911]: E9578A0057C: to=<d2u6wkjxhl@someuser.test>, relay=127.0.0.1[127.0.0.1]:25, delay=0.9, delays=0.44/0.01/0.16/0.3, dsn=2.0.0, status=sent (250 2.0.0 OK 1456292320 l4si1610122wja.105 - gsmtp)
May 19 11:21:33 mailserv postfix/qmgr[5252]: E9578A0057C: removed
May 19 11:21:50 mailserv postfix/qmgr[5252]: 4C80AD2937B: from=<abeatty92@newdawn.test>, size=7890, nrcpt=3 (queue active)
May 19 11:21:50 mailserv postfix/smtp[26911]: 4C80AD2937B: to=<y8xaoi24fq@someuser.test>, relay=127.0.0.1[127.0.0.1]:25, delay=0.9, delays=0.44/0.01/0.16/0.3, dsn=2.0.0, status=sent (250 2.0.0 OK 1456292320 l4si1610122wja.105 - gsmtp)
May 19 11:21:50 mailserv postfix/qmgr[5252]: 4C80AD2937B: removed
May 19 11:22:06 mailserv postfix/smtpd[26118]: A937F8310B3: client=242.293.7.54.com[242.293.7.54], sasl_method=PLAIN, sasl_username=fred_hammond
May 19 11:22:06 mailserv postfix/cleanup[17455]: A937F8310B3: message-id=<4237917001@domain.test>
May 19 11:22:59 mailserv postfix/smtpd[26118]: 928FA28BE82: client=23.259.44.76.com[23.259.44.76], sasl_method=PLAIN, sasl_username=mohammed_abu
May 19 11:22:59 mailserv postfix/cleanup[17455]: 928FA28BE82: message-id=<4237917002@domain.test>
May 19 11:23:57 mailserv postfix/smtpd[26118]: B26219BF3C6: client=58.9.264.19.com[58.9.264.19], sasl_method=PLAIN, sasl_username=sandra_clark
May 19 11:23:57 mailserv postfix/cleanup[17455]: B26219BF3C6: message-id=<4237917003@domain.test>
May 19 11:24:02 mailserv postfix/qmgr[5252]: F6DB28A7490: from=<schwarzy@alpine.test>, size=5384, nrcpt=3 (queue active)
May 19 11:24:02 mailserv postfix/smtp[26911]: F6DB28A7490: to=<4iu015fzlp@someuser.test>, relay=127.0.0.1[127.0.0.1]:25, delay=0.9, delays=0.44/0.01/0.16/0.3, dsn=2.0.0, status=sent (250 2.0.0 OK 1456292320 l4si1610122wja.105 - gsmtp)
May 19 11:24:02 mailserv postfix/qmgr[5252]: F6DB28A7490: removed
May 19 11:24:30 mailserv postfix/qmgr[5252]: C837B51A8E6: from=<alicesmith7@nosite.test>, size=11350, nrcpt=3 (queue active)
May 19 11:24:30 mailserv postfix/smtp[26911]: C837B51A8E6: to=<xvc3jqjxn1@someuser.test>, relay=127.0.0.1[127.0.0.1]:25, delay=0.9, delays=0.44/0.01/0.16/0.3, dsn=2.0.0, status=sent (250 2.0.0 OK 1456292320 l4si1610122wja.105 - gsmtp)
May 19 11:24:30 mailserv postfix/qmgr[5252]: C837B51A8E6: removed
May 19 11:24:41 mailserv postfix/smtpd[26118]: B49D3C10DA4: client=192.90.268.87.com[192.90.268.87], sasl_method=PLAIN, sasl_username=sakae_hee
May 19 11:24:41 mailserv postfix/cleanup[17455]: B49D3C10DA4: message-id=<4237917004@domain.test>
May 19 11:25:09 mailserv postfix/qmgr[5252]: 7AB42F0E8B5: from=<evandar9@massima.test>, size=4817, nrcpt=3 (queue active)
May 19 11:25:09 mailserv postfix/smtp[26911]: 7AB42F0E8B5: to=<ltxmfe32sf@someuser.test>, relay=127.0.0.1[127.0.0.1]:25, delay=0.9, delays=0.44/0.01/0.16/0.3, dsn=2.0.0, status=sent (250 2.0.0 OK 1456292320 l4si1610122wja.105 - gsmtp)
May 19 11:25:09 mailserv postfix/qmgr[5252]: 7AB42F0E8B5: removed
May 19 11:25:19 mailserv postfix/smtpd[26118]: F6DB28A7490: client=217.259.17.34.com[217.259.17.34], sasl_method=PLAIN, sasl_username=oskar_shwarz
May 19 11:25:19 mailserv postfix/cleanup[17455]: F6DB28A7490: message-id=<4237917005@domain.test>
May 19 11:25:25 mailserv postfix/qmgr[5252]: B26219BF3C6: from=<sandra@clarkfoods.test>, size=10826, nrcpt=3 (queue active)
May 19 11:25:25 mailserv postfix/smtp[26911]: B26219BF3C6: to=<4bm9ze36bo@someuser.test>, relay=127.0.0.1[127.0.0.1]:25, delay=0.9, delays=0.44/0.01/0.16/0.3, dsn=2.0.0, status=sent (250 2.0.0 OK 1456292320 l4si1610122wja.105 - gsmtp)
May 19 11:25:25 mailserv postfix/qmgr[5252]: B26219BF3C6: removed
May 19 11:25:44 mailserv postfix/qmgr[5252]: 928FA28BE82: from=<moabu@bigadmin.test>, size=13889, nrcpt=3 (queue active)
May 19 11:25:44 mailserv postfix/smtp[26911]: 928FA28BE82: to=<yayrw7qt97@someuser.test>, relay=127.0.0.1[127.0.0.1]:25, delay=0.9, delays=0.44/0.01/0.16/0.3, dsn=2.0.0, status=sent (250 2.0.0 OK 1456292320 l4si1610122wja.105 - gsmtp)
May 19 11:25:44 mailserv postfix/qmgr[5252]: 928FA28BE82: removed
