May 19 13:59:30 mailserv postfix/qmgr[5252]: D3B01768216: from=<vihnokbar@outlands.test>, size=3000, nrcpt=3 (queue active)
May 19 13:59:30 mailserv postfix/smtp[26911]: D3B01768216: to=<mldrdaplbe@someuser.test>, relay=127.0.0.1[127.0.0.1]:25, delay=0.9, delays=0.44/0.01/0.16/0.3, dsn=2.0.0, status=sent (250 2.0.0 OK 1456292320 l4si1610122wja.105 - gsmtp)
May 19 13:59:30 mailserv postfix/qmgr[5252]: D3B01768216: removed
May 19 13:59:44 mailserv postfix/smtpd[26118]: D591BA0057D: client=182.261.93.102.com[182.261.93.102], sasl_method=PLAIN, sasl_username=james_joseph
May 19 13:59:44 mailserv postfix/cleanup[17455]: D591BA0057D: message-id=<4237917236@domain.test>
May 19 13:59:48 mailserv postfix/smtpd[26118]: 7AB42F0E8B5: client=81.19.266.57.com[81.19.266.57], sasl_method=PLAIN, sasl_username=evandar_park
May 19 13:59:48 mailserv postfix/cleanup[17455]: 7AB42F0E8B5: message-id=<4237917237@domain.test>
May 19 13:59:55 mailserv postfix/qmgr[5252]: 5A93DF738D3: from=<suni@ruhlpackaging.test>, size=6114, nrcpt=3 (queue active)
May 19 13:59:55 mailserv postfix/smtp[26911]: 5A93DF738D3: to=<5aknvs6aqq@someuser.test>, relay=127.0.0.1[127.0.0.1]:25, delay=0.9, delays=0.44/0.01/0.16/0.3, dsn=2.0.0, status=sent (250 2.0.0 OK 1456292320 l4si1610122wja.105 - gsmtp)
May 19 13:59:55 mailserv postfix/qmgr[5252]: 5A93DF738D3: removed
May 19 14:00:30 mailserv postfix/smtpd[26118]: 0E6C9A004CE: client=18.278.94.126.com[18.278.94.126], sasl_method=PLAIN, sasl_username=sam_jones
May 19 14:00:30 mailserv postfix/cleanup[17455]: 0E6C9A004CE: message-id=<4237917238@domain.test>
May 19 14:01:05 mailserv postfix/smtpd[26118]: C982C3B392E: client=257.82.34.128.com[257.82.34.128], sasl_method=PLAIN, sasl_username=finn_adams
May 19 14:01:05 mailserv postfix/cleanup[17455]: C982C3B392E: message-id=<4237917239@domain.test>
May 19 14:01:27 mailserv postfix/qmgr[5252]: C982C3B392E: from=<finnadams@remvisions.test>, size=11655, nrcpt=3 (queue active)
May 19 14:01:27 mailserv postfix/smtp[26911]: C982C3B392E: to=<4s55l2ftla@someuser.test>, relay=127.0.0.1[127.0.0.1]:25, delay=0.9, delays=0.44/0.01/0.16/0.3, dsn=2.0.0, status=sent (250 2.0.0 OK 1456292320 l4si1610122wja.105 - gsmtp)
May 19 14:01:27 mailserv postfix/qmgr[5252]: C982C3B392E: removed
May 19 14:01:45 mailserv postfix/smtpd[26118]: BC8263D02E9: client=57.288.91.104.com[57.288.91.104], sasl_method=PLAIN, sasl_username=ray_von
May 19 14:01:45 mailserv postfix/cleanup[17455]: BC8263D02E9: message-id=<4237917240@domain.test>
May 19 14:02:29 mailserv postfix/qmgr[5252]: 7AB42F0E8B5: from=<evandar9@massima.test>, size=3184, nrcpt=3 (queue active)
May 19 14:02:29 mailserv postfix/smtp[26911]: 7AB42F0E8B5: to=<9spu1468jl@someuser.test>, relay=127.0.0.1[127.0.0.1]:25, delay=0.9, delays=0.44/0.01/0.16/0.3, dsn=2.0.0, status=sent (250 2.0.0 OK 1456292320 l4si1610122wja.105 - gsmtp)
May 19 14:02:29 mailserv postfix/qmgr[5252]: 7AB42F0E8B5: removed
May 19 14:02:36 mailserv postfix/smtpd[26118]: 4C80AD2937B: client=52.21.263.17.com[52.21.263.17], sasl_method=PLAIN, sasl_username=angus_beatty
May 19 14:02:36 mailserv postfix/cleanup[17455]: 4C80AD2937B: message-id=<4237917241@domain.test>
May 19 14:02:43 mailserv postfix/qmgr[5252]: 0E6C9A004CE: from=<sjones@terraforms.test>, size=9761, nrcpt=3 (queue active)
May 19 14:02:43 mailserv postfix/smtp[26911]: 0E6C9A004CE: to=<3rgbfo9z1o@someuser.test>, relay=127.0.0.1[127.0.0.1]:25, delay=0.9, delays=0.44/0.01/0.16/0.3, dsn=2.0.0, status=sent (250 2.0.0 OK 1456292320 l4si1610122wja.105 - gsmtp)
May 19 14:02:43 mailserv postfix/qmgr[5252]: 0E6C9A004CE: removed
May 19 14:02:45 mailserv postfix/qmgr[5252]: BC8263D02E9: from=<rayvon@jenkins.test>, size=12604, nrcpt=3 (queue active)
May 19 14:02:45 mailserv postfix/smtp[26911]: BC8263D02E9: to=<ccidardeio@someuser.test>, relay=127.0.0.1[127.0.0.1]:25, delay=0.9, delays=0.44/0.01/0.16/0.3, dsn=2.0.0, status=sent (250 2.0.0 OK 1456292320 l4si1610122wja.105 - gsmtp)
May 19 14:02:45 mailserv postfix/qmgr[5252]: BC8263D02E9: removed
May 19 14:03:17 mailserv postfix/qmgr[5252]: D591BA0057D: from=<jjones@network.test>, size=8821, nrcpt=3 (queue active)
May 19 14:03:17 mailserv postfix/smtp[26911]: D591BA0057D: to=<bfv506f20w@someuser.test>, relay=127.0.0.1[127.0.0.1]:25, delay=0.9, delays=0.44/0.01/0.16/0.3, dsn=2.0.0, status=sent (250 2.0.0 OK 1456292320 l4si1610122wja.105 - gsmtp)
May 19 14:03:17 mailserv postfix/qmgr[5252]: D591BA0057D: removed
May 19 14:03:21 mailserv postfix/qmgr[5252]: 7AB42F0E8B5: from=<evandar9@massima.test>, size=12614, nrcpt=3 (queue active)
May 19 14:03:21 mailserv postfix/smtp[26911]: 7AB42F0E8B5: to=<395uj509wx@someuser.test>, relay=127.0.0.1[127.0.0.1]:25, delay=0.9, delays=0.44/0.01/0.16/0.3, dsn=2.0.0, status=sent (250 2.0.0 OK 1456292320 l4si1610122wja.105 - gsmtp)
May 19 14:03:21 mailserv postfix/qmgr[5252]: 7AB42F0E8B5: removed
May 19 14:03:33 mailserv postfix/qmgr[5252]: D591BA0057D: from=<jjones@network.test>, size=13614, nrcpt=3 (queue active)
May 19 14:03:33 mailserv postfix/smtp[26911]: D591BA0057D: to=<ship5j3k7h@someuser.test>, relay=127.0.0.1[127.0.0.1]:25, delay=0.9, delays=0.44/0.01/0.16/0.3, dsn=2.0.0, status=sent (250 2.0.0 OK 1456292320 l4si1610122wja.105 - gsmtp)
May 19 14:03:33 mailserv postfix/qmgr[5252]: D591BA0057D: removed
May 19 14:03:34 mailserv postfix/smtpd[26118]: C837B51A8E6: client=38.14.296.47.com[38.14.296.47], sasl_method=PLAIN, sasl_username=alice_smith
May 19 14:03:34 mailserv postfix/cleanup[17455]: C837B51A8E6: message-id=<4237917242@domain.test>
May 19 14:04:10 mailserv postfix/smtpd[26118]: D591BA0057D: client=182.261.93.102.com[182.261.93.102], sasl_method=PLAIN, sasl_username=james_joseph
May 19 14:04:10 mailserv postfix/cleanup[17455]: D591BA0057D: message-id=<4237917243@domain.test>
May 19 14:04:14 mailserv postfix/smtpd[26118]: 2BFA93DB287: client=90.47.264.53.com[90.47.264.53], sasl_method=PLAIN, sasl_username=paula_hamilton
May 19 14:04:14 mailserv postfix/cleanup[17455]: 2BFA93DB287: message-id=<4237917244@domain.test>
May 19 14:04:44 mailserv postfix/smtpd[26118]: 392D83B38AE: client=259.127.6.92.com[259.127.6.92], sasl_method=PLAIN, sasl_username=jim_philips
May 19 14:04:44 mailserv postfix/cleanup[17455]: 392D83B38AE: message-id=<4237917245@domain.test>
May 19 14:04:57 mailserv postfix/qmgr[5252]: 392D83B38AE: from=<jimbo@allclips.test>, size=3476, nrcpt=3 (queue active)
May 19 14:04:57 mailserv postfix/smtp[26911]: 392D83B38AE: to=<qpto9qpjju@someuser.test>, relay=127.0.0.1[127.0.0.1]:25, delay=0.9, delays=0.44/0.01/0.16/0.3, dsn=2.0.0, status=sent (250 2.0.0 OK 1456292320 l4si1610122wja.105 - gsmtp)
May 19 14:04:57 mailserv postfix/qmgr[5252]: 392D83B38AE: removed
May 19 14:05:25 mailserv postfix/qmgr[5252]: 2BFA93DB287: from=<phamilton@radars.test>, size=7691, nrcpt=3 (queue active)
May 19 14:05:25 mailserv postfix/smtp[26911]: 2BFA93DB287: to=<u98oxy4z9b@someuser.test>, relay=127.0.0.1[127.0.0.1]:25, delay=0.9, delays=0.44/0.01/0.16/0.3, dsn=2.0.0, status=sent (250 2.0.0 OK 1456292320 l4si1610122wja.105 - gsmtp)
May 19 14:05:25 mailserv postfix/qmgr[5252]: 2BFA93DB287: removed
May 19 14:05:43 mailserv postfix/smtpd[26118]: D591BA0057D: client=182.261.93.102.com[182.261.93.102], sasl_method=PLAIN, sasl_username=james_joseph
May 19 14:05:43 mailserv postfix/cleanup[17455]: D591BA0057D: message-id=<4237917246@domain.test>
May 19 14:05:44 mailserv postfix/qmgr[5252]: 4C80AD2937B: from=<abeatty92@newdawn.test>, size=9091, nrcpt=3 (queue active)
May 19 14:05:44 mailserv postfix/smtp[26911]: 4C80AD2937B: to=<m1xlyxfr6l@someuser.test>, relay=127.0.0.1[127.0.0.1]:25, delay=0.9, delays=0.44/0.01/0.16/0.3, dsn=2.0.0, status=sent (250 2.0.0 OK 1456292320 l4si1610122wja.105 - gsmtp)
May 19 14:05:44 mailserv postfix/qmgr[5252]: 4C80AD2937B: removed
May 19 14:05:48 mailserv postfix/smtpd[26118]: 0E6C9A004CE: client=103.97.278.82.com[103.97.278.82], sasl_method=PLAIN, sasl_username=robert_biggins
May 19 14:05:48 mailserv postfix/cleanup[17455]: 0E6C9A004CE: message-id=<4237917247@domain.test>
May 19 14:05:55 mailserv postfix/qmgr[5252]: D591BA0057D: from=<jjones@network.test>, size=12293, nrcpt=3 (queue active)
May 19 14:05:55 mailserv postfix/smtp[26911]: D591BA0057D: to=<5rxf8k5wpz@someuser.test>, relay=127.0.0.1[127.0.0.1]:25, delay=0.9, delays=0.44/0.01/0.16/0.3, dsn=2.0.0, status=sent (250 2.0.0 OK 1456292320 l4si1610122wja.105 - gsmtp)
May 19 14:05:55 mailserv postfix/qmgr[5252]: D591BA0057D: removed
May 19 14:06:39 mailserv postfix/smtpd[26118]: 8A27B3FE436: client=267.81.97.162.com[267.81.97.162], sasl_method=PLAIN, sasl_username=tyler_crisp
May 19 14:06:39 mailserv postfix/cleanup[17455]: 8A27B3FE436: message-id=<4237917248@domain.test>
May 19 14:06:46 mailserv postfix/qmgr[5252]: 8A27B3FE436: from=<tcrisp97@kuhl.test>, size=14012, nrcpt=3 (queue active)
May 19 14:06:46 mailserv postfix/smtp[26911]: 8A27B3FE436: to=<78g1a4fblm@someuser.test>, relay=127.0.0.1[127.0.0.1]:25, delay=0.9, delays=0.44/0.01/0.16/0.3, dsn=2.0.0, status=sent (250 2.0.0 OK 1456292320 l4si1610122wja.105 - gsmtp)
May 19 14:06:46 mailserv postfix/qmgr[5252]: 8A27B3FE436: removed
May 19 14:06:47 mailserv postfix/qmgr[5252]: 0E6C9A004CE: from=<robert1983@robots.test>, size=3387, nrcpt=3 (queue active)
May 19 14:06:47 mailserv postfix/smtp[26911]: 0E6C9A004CE: to=<yxr1qfk5zw@someuser.test>, relay=127.0.0.1[127.0.0.1]:25, delay=0.9, delays=0.44/0.01/0.16/0.3, dsn=2.0.0, status=sent (250 2.0.0 OK 1456292320 l4si1610122wja.105 - gsmtp)
May 19 14:06:47 mailserv postfix/qmgr[5252]: 0E6C9A004CE: removed
May 19 14:07:11 mailserv postfix/smtpd[26118]: 5B3AF08C581: client=97.6.263.84.com[97.6.263.84], sasl_method=PLAIN, sasl_username=mike_redman
May 19 14:07:11 mailserv postfix/cleanup[17455]: 5B3AF08C581: message-id=<4237917249@domain.test>
May 19 14:07:23 mailserv postfix/qmgr[5252]: C837B51A8E6: from=<alicesmith7@nosite.test>, size=9856, nrcpt=3 (queue active)
May 19 14:07:23 mailserv postfix/smtp[26911]: C837B51A8E6: to=<95l4dpgpwv@someuser.test>, relay=127.0.0.1[127.0.0.1]:25, delay=0.9, delays=0.44/0.01/0.16/0.3, dsn=2.0.0, status=sent (250 2.0.0 OK 1456292320 l4si1610122wja.105 - gsmtp)
May 19 14:07:23 mailserv postfix/qmgr[5252]: C837B51A8E6: removed
May 19 14:07:49 mailserv postfix/smtpd[26118]: E9578A0057C: client=62.266.8.94.com[62.266.8.94], sasl_method=PLAIN, sasl_username=tony_andrews
May 19 14:07:49 mailserv postfix/cleanup[17455]: E9578A0057C: message-id=<4237917250@domain.test>
May 19 14:07:58 mailserv postfix/qmgr[5252]: D591BA0057D: from=<jjones@network.test>, size=13953, nrcpt=3 (queue active)
May 19 14:07:58 mailserv postfix/smtp[26911]: D591BA0057D: to=<zfy0yzl7m0@someuser.test>, relay=127.0.0.1[127.0.0.1]:25, delay=0.9, delays=0.44/0.01/0.16/0.3, dsn=2.0.0, status=sent (250 2.0.0 OK 1456292320 l4si1610122wja.105 - gsmtp)
May 19 14:07:58 mailserv postfix/qmgr[5252]: D591BA0057D: removed
May 19 14:08:31 mailserv postfix/smtpd[26118]: 5B3AF08C581: client=97.6.263.84.com[97.6.263.84], sasl_method=PLAIN, sasl_username=mike_redman
May 19 14:08:31 mailserv postfix/cleanup[17455]: 5B3AF08C581: message-id=<4237917251@domain.test>
May 19 14:09:10 mailserv postfix/qmgr[5252]: E9578A0057C: from=<tonytigger@ashfield.test>, size=12778, nrcpt=3 (queue active)
May 19 14:09:10 mailserv postfix/smtp[26911]: E9578A0057C: to=<chnu33aro2@someuser.test>, relay=127.0.0.1[127.0.0.1]:25, delay=0.9, delays=0.44/0.01/0.16/0.3, dsn=2.0.0, status=sent (250 2.0.0 OK 1456292320 l4si1610122wja.105 - gsmtp)
May 19 14:09:10 mailserv postfix/qmgr[5252]: E9578A0057C: removed
May 19 14:09:29 mailserv postfix/smtpd[26118]: 4C80AD2937B: client=52.21.263.17.com[52.21.263.17], sasl_method=PLAIN, sasl_username=angus_beatty
May 19 14:09:29 mailserv postfix/cleanup[17455]: 4C80AD2937B: message-id=<4237917252@domain.test>
May 19 14:09:46 mailserv postfix/qmgr[5252]: 5B3AF08C581: from=<mredman@redenterprises.test>, size=4282, nrcpt=3 (queue active)
May 19 14:09:46 mailserv postfix/smtp[26911]: 5B3AF08C581: to=<xe7c9i6f68@someuser.test>, relay=127.0.0.1[127.0.0.1]:25, delay=0.9, delays=0.44/0.01/0.16/0.3, dsn=2.0.0, status=sent (250 2.0.0 OK 1456292320 l4si1610122wja.105 - gsmtp)
May 19 14:09:46 mailserv postfix/qmgr[5252]: 5B3AF08C581: removed
May 19 14:10:12 mailserv postfix/smtpd[26118]: 0E6C9A004CE: client=18.278.94.126.com[18.278.94.126], sasl_method=PLAIN, sasl_username=sam_jones
May 19 14:10:12 mailserv postfix/cleanup[17455]: 0E6C9A004CE: message-id=<4237917253@domain.test>
May 19 14:10:28 mailserv postfix/qmgr[5252]: 5B3AF08C581: from=<mredman@redenterprises.test>, size=3261, nrcpt=3 (queue active)
May 19 14:10:28 mailserv postfix/smtp[26911]: 5B3AF08C581: to=<u9rfvji45b@someuser.test>, relay=127.0.0.1[127.0.0.1]:25, delay=0.9, delays=0.44/0.01/0.16/0.3, dsn=2.0.0, status=sent (250 2.0.0 OK 1456292320 l4si1610122wja.105 - gsmtp)
May 19 14:10:28 mailserv postfix/qmgr[5252]: 5B3AF08C581: removed
May 19 14:11:08 mailserv postfix/smtpd[26118]: D591BA0057D: client=182.261.93.102.com[182.261.93.102], sasl_method=PLAIN, sasl_username=james_joseph
May 19 14:11:08 mailserv postfix/cleanup[17455]: D591BA0057D: message-id=<4237917254@domain.test>
May 19 14:11:13 mailserv postfix/smtpd[26118]: D591BA0057D: client=182.261.93.102.com[182.261.93.102], sasl_method=PLAIN, sasl_username=james_joseph
May 19 14:11:13 mailserv postfix/cleanup[17455]: D591BA0057D: message-id=<4237917255@domain.test>
May 19 14:11:17 mailserv postfix/smtpd[26118]: 3A836DF172B: client=140.16.183.261.com[140.16.183.261], sasl_method=PLAIN, sasl_username=summer_white
May 19 14:11:17 mailserv postfix/cleanup[17455]: 3A836DF172B: message-id=<4237917256@domain.test>
May 19 14:11:53 mailserv postfix/smtpd[26118]: 0E6C9A004CE: client=103.97.278.82.com[103.97.278.82], sasl_method=PLAIN, sasl_username=robert_biggins
May 19 14:11:53 mailserv postfix/cleanup[17455]: 0E6C9A004CE: message-id=<4237917257@domain.test>
May 19 14:12:47 mailserv postfix/smtpd[26118]: C982C3B392E: client=257.82.34.128.com[257.82.34.128], sasl_method=PLAIN, sasl_username=finn_adams
May 19 14:12:47 mailserv postfix/cleanup[17455]: C982C3B392E: message-id=<4237917258@domain.test>
May 19 14:13:08 mailserv postfix/qmgr[5252]: D591BA0057D: from=<jjones@network.test>, size=12651, nrcpt=3 (queue active)
May 19 14:13:08 mailserv postfix/smtp[26911]: D591BA0057D: to=<0yzuktseak@someuser.test>, relay=127.0.0.1[127.0.0.1]:25, delay=0.9, delays=0.44/0.01/0.16/0.3, dsn=2.0.0, status=sent (250 2.0.0 OK 1456292320 l4si1610122wja.105 - gsmtp)
May 19 14:13:08 mailserv postfix/qmgr[5252]: D591BA0057D: removed
May 19 14:13:28 mailserv postfix/smtpd[26118]: 5A93DF738D3: client=103.77.258.19.com[103.77.258.19], sasl_method=PLAIN, sasl_username=suni_ruhl
May 19 14:13:28 mailserv postfix/cleanup[17455]: 5A93DF738D3: message-id=<4237917259@domain.test>
May 19 14:13:37 mailserv postfix/qmgr[5252]: 3A836DF172B: from=<summerflowers@arkel.test>, size=12083, nrcpt=3 (queue active)
May 19 14:13:37 mailserv postfix/smtp[26911]: 3A836DF172B: to=<0a47snv0og@someuser.test>, relay=127.0.0.1[127.0.0.1]:25, delay=0.9, delays=0.44/0.01/0.16/0.3, dsn=2.0.0, status=sent (250 2.0.0 OK 1456292320 l4si1610122wja.105 - gsmtp)
May 19 14:13:37 mailserv postfix/qmgr[5252]: 3A836DF172B: removed
May 19 14:14:02 mailserv postfix/qmgr[5252]: D591BA0057D: from=<jjones@network.test>, size=9434, nrcpt=3 (queue active)
May 19 14:14:02 mailserv postfix/smtp[26911]: D591BA0057D: to=<hsdv5fsq8z@someuser.test>, relay=127.0.0.1[127.0.0.1]:25, delay=0.9, delays=0.44/0.01/0.16/0.3, dsn=2.0.0, status=sent (250 2.0.0 OK 1456292320 l4si1610122wja.105 - gsmtp)
May 19 14:14:02 mailserv postfix/qmgr[5252]: D591BA0057D: removed
May 19 14:14:22 mailserv postfix/smtpd[26118]: D591BA0057D: client=182.261.93.102.com[182.261.93.102], sasl_method=PLAIN, sasl_username=james_joseph
May 19 14:14:22 mailserv postfix/cleanup[17455]: D591BA0057D: message-id=<4237917260@domain.test>
May 19 14:14:26 mailserv postfix/smtpd[26118]: E9F38AC7B53: client=107.54.262.81.com[107.54.262.81], sasl_method=PLAIN, sasl_username=frank_lewis
May 19 14:14:26 mailserv postfix/cleanup[17455]: E9F38AC7B53: message-id=<4237917261@domain.test>
May 19 14:14:43 mailserv postfix/qmgr[5252]: C982C3B392E: from=<finnadams@remvisions.test>, size=10968, nrcpt=3 (queue active)
May 19 14:14:43 mailserv postfix/smtp[26911]: C982C3B392E: to=<l2igbzwn2n@someuser.test>, relay=127.0.0.1[127.0.0.1]:25, delay=0.9, delays=0.44/0.01/0.16/0.3, dsn=2.0.0, status=sent (250 2.0.0 OK 1456292320 l4si1610122wja.105 - gsmtp)
May 19 14:14:43 mailserv postfix/qmgr[5252]: C982C3B392E: removed
May 19 14:15:02 mailserv postfix/smtpd[26118]: 4C80AD2937B: client=52.21.263.17.com[52.21.263.17], sasl_method=PLAIN, sasl_username=angus_beatty
May 19 14:15:02 mailserv postfix/cleanup[17455]: 4C80AD2937B: message-id=<4237917262@domain.test>
May 19 14:15:06 mailserv postfix/qmgr[5252]: 0E6C9A004CE: from=<sjones@terraforms.test>, size=3887, nrcpt=3 (queue active)
May 19 14:15:06 mailserv postfix/smtp[26911]: 0E6C9A004CE: to=<910yuq7pnh@someuser.test>, relay=127.0.0.1[127.0.0.1]:25, delay=0.9, delays=0.44/0.01/0.16/0.3, dsn=2.0.0, status=sent (250 2.0.0 OK 1456292320 l4si1610122wja.105 - gsmtp)
May 19 14:15:06 mailserv postfix/qmgr[5252]: 0E6C9A004CE: removed
May 19 14:15:55 mailserv postfix/smtpd[26118]: E9F38AC7B53: client=107.54.262.81.com[107.54.262.81], sasl_method=PLAIN, sasl_username=frank_lewis
May 19 14:15:55 mailserv postfix/cleanup[17455]: E9F38AC7B53: message-id=<4237917263@domain.test>
May 19 14:16:34 mailserv postfix/qmgr[5252]: 0E6C9A004CE: from=<robert1983@robots.test>, size=6751, nrcpt=3 (queue active)
May 19 14:16:34 mailserv postfix/smtp[26911]: 0E6C9A004CE: to=<gafd1axm0e@someuser.test>, relay=127.0.0.1[127.0.0.1]:25, delay=0.9, delays=0.44/0.01/0.16/0.3, dsn=2.0.0, status=sent (250 2.0.0 OK 1456292320 l4si1610122wja.105 - gsmtp)
May 19 14:16:34 mailserv postfix/qmgr[5252]: 0E6C9A004CE: removed
May 19 14:16:51 mailserv postfix/smtpd[26118]: D591BA0057D: client=182.261.93.102.com[182.261.93.102], sasl_method=PLAIN, sasl_username=james_joseph
May 19 14:16:51 mailserv postfix/cleanup[17455]: D591BA0057D: message-id=<4237917264@domain.test>
May 19 14:16:55 mailserv postfix/smtpd[26118]: 42BA9F385DE: client=203.55.89.261.com[203.55.89.261], sasl_method=PLAIN, sasl_username=lalo_rodrigeuez
May 19 14:16:55 mailserv postfix/cleanup[17455]: 42BA9F385DE: message-id=<4237917265@domain.test>
May 19 14:17:22 mailserv postfix/qmgr[5252]: 5A93DF738D3: from=<suni@ruhlpackaging.test>, size=8073, nrcpt=3 (queue active)
May 19 14:17:22 mailserv postfix/smtp[26911]: 5A93DF738D3: to=<0lzx9vdzno@someuser.test>, relay=127.0.0.1[127.0.0.1]:25, delay=0.9, delays=0.44/0.01/0.16/0.3, dsn=2.0.0, status=sent (250 2.0.0 OK 1456292320 l4si1610122wja.105 - gsmtp)
May 19 14:17:22 mailserv postfix/qmgr[5252]: 5A93DF738D3: removed
May 19 14:17:26 mailserv postfix/qmgr[5252]: D591BA0057D: from=<jjones@network.test>, size=8479, nrcpt=3 (queue active)
May 19 14:17:26 mailserv postfix/smtp[26911]: D591BA0057D: to=<9t27smmxrq@someuser.test>, relay=127.0.0.1[127.0.0.1]:25, delay=0.9, delays=0.44/0.01/0.16/0.3, dsn=2.0.0, status=sent (250 2.0.0 OK 1456292320 l4si1610122wja.105 - gsmtp)
May 19 14:17:26 mailserv postfix/qmgr[5252]: D591BA0057D: removed
May 19 14:17:34 mailserv postfix/smtpd[26118]: 0E6C9A004CE: client=103.97.278.82.com[103.97.278.82], sasl_method=PLAIN, sasl_username=robert_biggins
May 19 14:17:34 mailserv postfix/cleanup[17455]: 0E6C9A004CE: message-id=<4237917266@domain.test>
May 19 14:18:02 mailserv postfix/qmgr[5252]: E9F38AC7B53: from=<frankl@aardkvarks.test>, size=10500, nrcpt=3 (queue active)
May 19 14:18:02 mailserv postfix/smtp[26911]: E9F38AC7B53: to=<yuxhlhtevv@someuser.test>, relay=127.0.0.1[127.0.0.1]:25, delay=0.9, delays=0.44/0.01/0.16/0.3, dsn=2.0.0, status=sent (250 2.0.0 OK 1456292320 l4si1610122wja.105 - gsmtp)
May 19 14:18:02 mailserv postfix/qmgr[5252]: E9F38AC7B53: removed
May 19 14:18:08 mailserv postfix/qmgr[5252]: D591BA0057D: from=<jjones@network.test>, size=6104, nrcpt=3 (queue active)
May 19 14:18:08 mailserv postfix/smtp[26911]: D591BA0057D: to=<92bdpi81lf@someuser.test>, relay=127.0.0.1[127.0.0.1]:25, delay=0.9, delays=0.44/0.01/0.16/0.3, dsn=2.0.0, status=sent (250 2.0.0 OK 1456292320 l4si1610122wja.105 - gsmtp)
May 19 14:18:08 mailserv postfix/qmgr[5252]: D591BA0057D: removed
May 19 14:18:25 mailserv postfix/smtpd[26118]: 5BA8D63F20F: client=59.261.17.138.com[59.261.17.138], sasl_method=PLAIN, sasl_username=anika_zuu
May 19 14:18:25 mailserv postfix/cleanup[17455]: 5BA8D63F20F: message-id=<4237917267@domain.test>
May 19 14:18:45 mailserv postfix/qmgr[5252]: 0E6C9A004CE: from=<robert1983@robots.test>, size=13342, nrcpt=3 (queue active)
May 19 14:18:45 mailserv postfix/smtp[26911]: 0E6C9A004CE: to=<e1tincxmpu@someuser.test>, relay=127.0.0.1[127.0.0.1]:25, delay=0.9, delays=0.44/0.01/0.16/0.3, dsn=2.0.0, status=sent (250 2.0.0 OK 1456292320 l4si1610122wja.105 - gsmtp)
May 19 14:18:45 mailserv postfix/qmgr[5252]: 0E6C9A004CE: removed
May 19 14:19:24 mailserv postfix/smtpd[26118]: 3A836DF172B: client=140.16.183.261.com[140.16.183.261], sasl_method=PLAIN, sasl_username=summer_white
May 19 14:19:24 mailserv postfix/cleanup[17455]: 3A836DF172B: message-id=<4237917268@domain.test>
May 19 14:20:02 mailserv postfix/qmgr[5252]: 4C80AD2937B: from=<abeatty92@newdawn.test>, size=10159, nrcpt=3 (queue active)
May 19 14:20:02 mailserv postfix/smtp[26911]: 4C80AD2937B: to=<4l9rf6ukn4@someuser.test>, relay=127.0.0.1[127.0.0.1]:25, delay=0.9, delays=0.44/0.01/0.16/0.3, dsn=2.0.0, status=sent (250 2.0.0 OK 1456292320 l4si1610122wja.105 - gsmtp)
May 19 14:20:02 mailserv postfix/qmgr[5252]: 4C80AD2937B: removed
May 19 14:20:11 mailserv postfix/smtpd[26118]: D591BA0057D: client=182.261.93.102.com[182.261.93.102], sasl_method=PLAIN, sasl_username=james_joseph
May 19 14:20:11 mailserv postfix/cleanup[17455]: D591BA0057D: message-id=<4237917269@domain.test>
May 19 14:20:15 mailserv postfix/smtpd[26118]: C837B51A8E6: client=38.14.296.47.com[38.14.296.47], sasl_method=PLAIN, sasl_username=alice_smith
May 19 14:20:15 mailserv postfix/cleanup[17455]: C837B51A8E6: message-id=<4237917270@domain.test>
May 19 14:20:30 mailserv postfix/qmgr[5252]: E9F38AC7B53: from=<frankl@aardkvarks.test>, size=12500, nrcpt=3 (queue active)
May 19 14:20:30 mailserv postfix/smtp[26911]: E9F38AC7B53: to=<8kr9rvnf7q@someuser.test>, relay=127.0.0.1[127.0.0.1]:25, delay=0.9, delays=0.44/0.01/0.16/0.3, dsn=2.0.0, status=sent (250 2.0.0 OK 1456292320 l4si1610122wja.105 - gsmtp)
May 19 14:20:30 mailserv postfix/qmgr[5252]: E9F38AC7B53: removed
May 19 14:21:15 mailserv postfix/smtpd[26118]: 01E30A005AE: client=76.240.191.283.com[76.240.191.283], sasl_method=PLAIN, sasl_username=edward_birch
May 19 14:21:15 mailserv postfix/cleanup[17455]: 01E30A005AE: message-id=<4237917271@domain.test>
May 19 14:21:17 mailserv postfix/qmgr[5252]: 42BA9F385DE: from=<lalo@vanrentals.test>, size=5970, nrcpt=3 (queue active)
May 19 14:21:17 mailserv postfix/smtp[26911]: 42BA9F385DE: to=<rz66a7dycm@someuser.test>, relay=127.0.0.1[127.0.0.1]:25, delay=0.9, delays=0.44/0.01/0.16/0.3, dsn=2.0.0, status=sent (250 2.0.0 OK 1456292320 l4si1610122wja.105 - gsmtp)
May 19 14:21:17 mailserv postfix/qmgr[5252]: 42BA9F385DE: removed
May 19 14:22:15 mailserv postfix/smtpd[26118]: D591BA0057D: client=182.261.93.102.com[182.261.93.102], sasl_method=PLAIN, sasl_username=james_joseph
May 19 14:22:15 mailserv postfix/cleanup[17455]: D591BA0057D: message-id=<4237917272@domain.test>
May 19 14:22:19 mailserv postfix/smtpd[26118]: 01E30A005AE: client=76.240.191.283.com[76.240.191.283], sasl_method=PLAIN, sasl_username=edward_birch
May 19 14:22:19 mailserv postfix/cleanup[17455]: 01E30A005AE: message-id=<4237917273@domain.test>
May 19 14:22:30 mailserv postfix/qmgr[5252]: D591BA0057D: from=<jjones@network.test>, size=7667, nrcpt=3 (queue active)
May 19 14:22:30 mailserv postfix/smtp[26911]: D591BA0057D: to=<8xtcrrwgno@someuser.test>, relay=127.0.0.1[127.0.0.1]:25, delay=0.9, delays=0.44/0.01/0.16/0.3, dsn=2.0.0, status=sent (250 2.0.0 OK 1456292320 l4si1610122wja.105 - gsmtp)
May 19 14:22:30 mailserv postfix/qmgr[5252]: D591BA0057D: removed
May 19 14:22:47 mailserv postfix/qmgr[5252]: 01E30A005AE: from=<eddyb@grading.test>, size=6723, nrcpt=3 (queue active)
May 19 14:22:47 mailserv postfix/smtp[26911]: 01E30A005AE: to=<l21um0srr6@someuser.test>, relay=127.0.0.1[127.0.0.1]:25, delay=0.9, delays=0.44/0.01/0.16/0.3, dsn=2.0.0, status=sent (250 2.0.0 OK 1456292320 l4si1610122wja.105 - gsmtp)
May 19 14:22:47 mailserv postfix/qmgr[5252]: 01E30A005AE: removed
May 19 14:22:53 mailserv postfix/qmgr[5252]: 5BA8D63F20F: from=<anikazuu@fitfarms.test>, size=10559, nrcpt=3 (queue active)
May 19 14:22:53 mailserv postfix/smtp[26911]: 5BA8D63F20F: to=<yspob7xqlg@someuser.test>, relay=127.0.0.1[127.0.0.1]:25, delay=0.9, delays=0.44/0.01/0.16/0.3, dsn=2.0.0, status=sent (250 2.0.0 OK 1456292320 l4si1610122wja.105 - gsmtp)
May 19 14:22:53 mailserv postfix/qmgr[5252]: 5BA8D63F20F: removed
May 19 14:22:56 mailserv postfix/smtpd[26118]: 4C80AD2937B: client=52.21.263.17.com[52.21.263.17], sasl_method=PLAIN, sasl_username=angus_beatty
May 19 14:22:56 mailserv postfix/cleanup[17455]: 4C80AD2937B: message-id=<4237917274@domain.test>
May 19 14:22:58 mailserv postfix/qmgr[5252]: 3A836DF172B: from=<summerflowers@arkel.test>, size=9534, nrcpt=3 (queue active)
May 19 14:22:58 mailserv postfix/smtp[26911]: 3A836DF172B: to=<x4yodtmndw@someuser.test>, relay=127.0.0.1[127.0.0.1]:25, delay=0.9, delays=0.44/0.01/0.16/0.3, dsn=2.0.0, status=sent (250 2.0.0 OK 1456292320 l4si1610122wja.105 - gsmtp)
May 19 14:22:58 mailserv postfix/qmgr[5252]: 3A836DF172B: removed
May 19 14:23:42 mailserv postfix/smtpd[26118]: D591BA0057D: client=182.261.93.102.com[182.261.93.102], sasl_method=PLAIN, sasl_username=james_joseph
May 19 14:23:42 mailserv postfix/cleanup[17455]: D591BA0057D: message-id=<4237917275@domain.test>
May 19 14:23:46 mailserv postfix/smtpd[26118]: D591BA0057D: client=182.261.93.102.com[182.261.93.102], sasl_method=PLAIN, sasl_username=james_joseph
May 19 14:23:46 mailserv postfix/cleanup[17455]: D591BA0057D: message-id=<4237917276@domain.test>
May 19 14:23:48 mailserv postfix/qmgr[5252]: D591BA0057D: from=<jjones@network.test>, size=10314, nrcpt=3 (queue active)
May 19 14:23:48 mailserv postfix/smtp[26911]: D591BA0057D: to=<sk4ygsou9s@someuser.test>, relay=127.0.0.1[127.0.0.1]:25, delay=0.9, delays=0.44/0.01/0.16/0.3, dsn=2.0.0, status=sent (250 2.0.0 OK 1456292320 l4si1610122wja.105 - gsmtp)
May 19 14:23:48 mailserv postfix/qmgr[5252]: D591BA0057D: removed
May 19 14:23:51 mailserv postfix/smtpd[26118]: E9F38AC7B53: client=107.54.262.81.com[107.54.262.81], sasl_method=PLAIN, sasl_username=frank_lewis
May 19 14:23:51 mailserv postfix/cleanup[17455]: E9F38AC7B53: message-id=<4237917277@domain.test>
May 19 14:23:56 mailserv postfix/qmgr[5252]: E9F38AC7B53: from=<frankl@aardkvarks.test>, size=4401, nrcpt=3 (queue active)
May 19 14:23:56 mailserv postfix/smtp[26911]: E9F38AC7B53: to=<gst5ry1nyw@someuser.test>, relay=127.0.0.1[127.0.0.1]:25, delay=0.9, delays=0.44/0.01/0.16/0.3, dsn=2.0.0, status=sent (250 2.0.0 OK 1456292320 l4si1610122wja.105 - gsmtp)
May 19 14:23:56 mailserv postfix/qmgr[5252]: E9F38AC7B53: removed
May 19 14:23:57 mailserv postfix/qmgr[5252]: C837B51A8E6: from=<alicesmith7@nosite.test>, size=3694, nrcpt=3 (queue active)
May 19 14:23:57 mailserv postfix/smtp[26911]: C837B51A8E6: to=<vtdxen7e0f@someuser.test>, relay=127.0.0.1[127.0.0.1]:25, delay=0.9, delays=0.44/0.01/0.16/0.3, dsn=2.0.0, status=sent (250 2.0.0 OK 1456292320 l4si1610122wja.105 - gsmtp)
May 19 14:23:57 mailserv postfix/qmgr[5252]: C837B51A8E6: removed
May 19 14:24:27 mailserv postfix/smtpd[26118]: B49D3C10DA4: client=192.90.268.87.com[192.90.268.87], sasl_method=PLAIN, sasl_username=sakae_hee
May 19 14:24:27 mailserv postfix/cleanup[17455]: B49D3C10DA4: message-id=<4237917278@domain.test>
May 19 14:24:42 mailserv postfix/qmgr[5252]: D591BA0057D: from=<jjones@network.test>, size=13571, nrcpt=3 (queue active)
May 19 14:24:42 mailserv postfix/smtp[26911]: D591BA0057D: to=<8t0rvs2u2k@someuser.test>, relay=127.0.0.1[127.0.0.1]:25, delay=0.9, delays=0.44/0.01/0.16/0.3, dsn=2.0.0, status=sent (250 2.0.0 OK 1456292320 l4si1610122wja.105 - gsmtp)
May 19 14:24:42 mailserv postfix/qmgr[5252]: D591BA0057D: removed
May 19 14:25:18 mailserv postfix/qmgr[5252]: 01E30A005AE: from=<eddyb@grading.test>, size=10790, nrcpt=3 (queue active)
May 19 14:25:18 mailserv postfix/smtp[26911]: 01E30A005AE: to=<72992v0xff@someuser.test>, relay=127.0.0.1[127.0.0.1]:25, delay=0.9, delays=0.44/0.01/0.16/0.3, dsn=2.0.0, status=sent (250 2.0.0 OK 1456292320 l4si1610122wja.105 - gsmtp)
May 19 14:25:18 mailserv postfix/qmgr[5252]: 01E30A005AE: removed
May 19 14:25:27 mailserv postfix/smtpd[26118]: 0E6C9A004CE: client=103.97.278.82.com[103.97.278.82], sasl_method=PLAIN, sasl_username=robert_biggins
May 19 14:25:27 mailserv postfix/cleanup[17455]: 0E6C9A004CE: message-id=<4237917279@domain.test>
May 19 14:25:58 mailserv postfix/smtpd[26118]: 3A836DF172B: client=140.16.183.261.com[140.16.183.261], sasl_method=PLAIN, sasl_username=summer_white
May 19 14:25:58 mailserv postfix/cleanup[17455]: 3A836DF172B: message-id=<4237917280@domain.test>
May 19 14:26:38 mailserv postfix/smtpd[26118]: 01E30A005AE: client=76.240.191.283.com[76.240.191.283], sasl_method=PLAIN, sasl_username=edward_birch
May 19 14:26:38 mailserv postfix/cleanup[17455]: 01E30A005AE: message-id=<4237917281@domain.test>
May 19 14:26:39 mailserv postfix/qmgr[5252]: 4C80AD2937B: from=<abeatty92@newdawn.test>, size=11360, nrcpt=3 (queue active)
May 19 14:26:39 mailserv postfix/smtp[26911]: 4C80AD2937B: to=<tc6obp0akc@someuser.test>, relay=127.0.0.1[127.0.0.1]:25, delay=0.9, delays=0.44/0.01/0.16/0.3, dsn=2.0.0, status=sent (250 2.0.0 OK 1456292320 l4si1610122wja.105 - gsmtp)
May 19 14:26:39 mailserv postfix/qmgr[5252]: 4C80AD2937B: removed
May 19 14:26:52 mailserv postfix/qmgr[5252]: B49D3C10DA4: from=<sakaehee@techsolvers.test>, size=14778, nrcpt=3 (queue active)
May 19 14:26:52 mailserv postfix/smtp[26911]: B49D3C10DA4: to=<rmitw5l73p@someuser.test>, relay=127.0.0.1[127.0.0.1]:25, delay=0.9, delays=0.44/0.01/0.16/0.3, dsn=2.0.0, status=sent (250 2.0.0 OK 1456292320 l4si1610122wja.105 - gsmtp)
May 19 14:26:52 mailserv postfix/qmgr[5252]: B49D3C10DA4: removed
May 19 14:27:15 mailserv postfix/qmgr[5252]: D591BA0057D: from=<jjones@network.test>, size=7332, nrcpt=3 (queue active)
May 19 14:27:15 mailserv postfix/smtp[26911]: D591BA0057D: to=<p0e2dipvd8@someuser.test>, relay=127.0.0.1[127.0.0.1]:25, delay=0.9, delays=0.44/0.01/0.16/0.3, dsn=2.0.0, status=sent (250 2.0.0 OK 1456292320 l4si1610122wja.105 - gsmtp)
May 19 14:27:15 mailserv postfix/qmgr[5252]: D591BA0057D: removed
May 19 14:27:25 mailserv postfix/qmgr[5252]: 0E6C9A004CE: from=<robert1983@robots.test>, size=11475, nrcpt=3 (queue active)
May 19 14:27:25 mailserv postfix/smtp[26911]: 0E6C9A004CE: to=<pqm8z5upe7@someuser.test>, relay=127.0.0.1[127.0.0.1]:25, delay=0.9, delays=0.44/0.01/0.16/0.3, dsn=2.0.0, status=sent (250 2.0.0 OK 1456292320 l4si1610122wja.105 - gsmtp)
May 19 14:27:25 mailserv postfix/qmgr[5252]: 0E6C9A004CE: removed
May 19 14:27:32 mailserv postfix/smtpd[26118]: 1F9E3B29C39: client=259.21.83.128.com[259.21.83.128], sasl_method=PLAIN, sasl_username=mia_doijan
May 19 14:27:32 mailserv postfix/cleanup[17455]: 1F9E3B29C39: message-id=<4237917282@domain.test>
May 19 14:28:24 mailserv postfix/smtpd[26118]: 1F9E3B29C39: client=259.21.83.128.com[259.21.83.128], sasl_method=PLAIN, sasl_username=mia_doijan
May 19 14:28:24 mailserv postfix/cleanup[17455]: 1F9E3B29C39: message-id=<4237917283@domain.test>
May 19 14:29:06 mailserv postfix/smtpd[26118]: 3F07A64BE32: client=204.192.273.15.com[204.192.273.15], sasl_method=PLAIN, sasl_username=zahara_oswald
May 19 14:29:06 mailserv postfix/cleanup[17455]: 3F07A64BE32: message-id=<4237917284@domain.test>
May 19 14:29:07 mailserv postfix/qmgr[5252]: 3F07A64BE32: from=<zo@victory.test>, size=5659, nrcpt=3 (queue active)
May 19 14:29:07 mailserv postfix/smtp[26911]: 3F07A64BE32: to=<0u0wjt5f78@someuser.test>, relay=127.0.0.1[127.0.0.1]:25, delay=0.9, delays=0.44/0.01/0.16/0.3, dsn=2.0.0, status=sent (250 2.0.0 OK 1456292320 l4si1610122wja.105 - gsmtp)
May 19 14:29:07 mailserv postfix/qmgr[5252]: 3F07A64BE32: removed
May 19 14:29:32 mailserv postfix/qmgr[5252]: 1F9E3B29C39: from=<miaiam@singstarz.test>, size=13599, nrcpt=3 (queue active)
May 19 14:29:32 mailserv postfix/smtp[26911]: 1F9E3B29C39: to=<1zedc5979k@someuser.test>, relay=127.0.0.1[127.0.0.1]:25, delay=0.9, delays=0.44/0.01/0.16/0.3, dsn=2.0.0, status=sent (250 2.0.0 OK 1456292320 l4si1610122wja.105 - gsmtp)
May 19 14:29:32 mailserv postfix/qmgr[5252]: 1F9E3B29C39: removed
May 19 14:29:34 mailserv postfix/qmgr[5252]: 3A836DF172B: from=<summerflowers@arkel.test>, size=10136, nrcpt=3 (queue active)
May 19 14:29:34 mailserv postfix/smtp[26911]: 3A836DF172B: to=<4nab26g53y@someuser.test>, relay=127.0.0.1[127.0.0.1]:25, delay=0.9, delays=0.44/0.01/0.16/0.3, dsn=2.0.0, status=sent (250 2.0.0 OK 1456292320 l4si1610122wja.105 - gsmtp)
May 19 14:29:34 mailserv postfix/qmgr[5252]: 3A836DF172B: removed
May 19 14:29:36 mailserv postfix/smtpd[26118]: 1E9B67CA436: client=75.268.15.92.com[75.268.15.92], sasl_method=PLAIN, sasl_username=malai_landar
May 19 14:29:36 mailserv postfix/cleanup[17455]: 1E9B67CA436: message-id=<4237917285@domain.test>
May 19 14:29:50 mailserv postfix/qmgr[5252]: 01E30A005AE: from=<eddyb@grading.test>, size=12599, nrcpt=3 (queue active)
May 19 14:29:50 mailserv postfix/smtp[26911]: 01E30A005AE: to=<306c3eoe6n@someuser.test>, relay=127.0.0.1[127.0.0.1]:25, delay=0.9, delays=0.44/0.01/0.16/0.3, dsn=2.0.0, status=sent (250 2.0.0 OK 1456292320 l4si1610122wja.105 - gsmtp)
May 19 14:29:50 mailserv postfix/qmgr[5252]: 01E30A005AE: removed
May 19 14:30:25 mailserv postfix/smtpd[26118]: 5B3AF08C581: client=97.6.263.84.com[97.6.263.84], sasl_method=PLAIN, sasl_username=mike_redman
May 19 14:30:25 mailserv postfix/cleanup[17455]: 5B3AF08C581: message-id=<4237917286@domain.test>
May 19 14:30:59 mailserv postfix/smtpd[26118]: 8A27B3FE436: client=267.81.97.162.com[267.81.97.162], sasl_method=PLAIN, sasl_username=tyler_crisp
May 19 14:30:59 mailserv postfix/cleanup[17455]: 8A27B3FE436: message-id=<4237917287@domain.test>
May 19 14:31:47 mailserv postfix/smtpd[26118]: E9578A0057C: client=62.266.8.94.com[62.266.8.94], sasl_method=PLAIN, sasl_username=tony_andrews
May 19 14:31:47 mailserv postfix/cleanup[17455]: E9578A0057C: message-id=<4237917288@domain.test>
May 19 14:31:48 mailserv postfix/qmgr[5252]: 1F9E3B29C39: from=<miaiam@singstarz.test>, size=13158, nrcpt=3 (queue active)
May 19 14:31:48 mailserv postfix/smtp[26911]: 1F9E3B29C39: to=<ufxjn5xvoq@someuser.test>, relay=127.0.0.1[127.0.0.1]:25, delay=0.9, delays=0.44/0.01/0.16/0.3, dsn=2.0.0, status=sent (250 2.0.0 OK 1456292320 l4si1610122wja.105 - gsmtp)
May 19 14:31:48 mailserv postfix/qmgr[5252]: 1F9E3B29C39: removed
May 19 14:32:19 mailserv postfix/smtpd[26118]: 01E30A005AE: client=76.240.191.283.com[76.240.191.283], sasl_method=PLAIN, sasl_username=edward_birch
May 19 14:32:19 mailserv postfix/cleanup[17455]: 01E30A005AE: message-id=<4237917289@domain.test>
May 19 14:32:35 mailserv postfix/qmgr[5252]: 8A27B3FE436: from=<tcrisp97@kuhl.test>, size=13784, nrcpt=3 (queue active)
May 19 14:32:35 mailserv postfix/smtp[26911]: 8A27B3FE436: to=<roz1na8w92@someuser.test>, relay=127.0.0.1[127.0.0.1]:25, delay=0.9, delays=0.44/0.01/0.16/0.3, dsn=2.0.0, status=sent (250 2.0.0 OK 1456292320 l4si1610122wja.105 - gsmtp)
May 19 14:32:35 mailserv postfix/qmgr[5252]: 8A27B3FE436: removed
May 19 14:32:54 mailserv postfix/smtpd[26118]: 928FA28BE82: client=23.259.44.76.com[23.259.44.76], sasl_method=PLAIN, sasl_username=mohammed_abu
May 19 14:32:54 mailserv postfix/cleanup[17455]: 928FA28BE82: message-id=<4237917290@domain.test>
May 19 14:33:14 mailserv postfix/qmgr[5252]: 1E9B67CA436: from=<malailandar@sunrise.test>, size=12862, nrcpt=3 (queue active)
May 19 14:33:14 mailserv postfix/smtp[26911]: 1E9B67CA436: to=<2punr5nd9b@someuser.test>, relay=127.0.0.1[127.0.0.1]:25, delay=0.9, delays=0.44/0.01/0.16/0.3, dsn=2.0.0, status=sent (250 2.0.0 OK 1456292320 l4si1610122wja.105 - gsmtp)
May 19 14:33:14 mailserv postfix/qmgr[5252]: 1E9B67CA436: removed
May 19 14:33:24 mailserv postfix/qmgr[5252]: 5B3AF08C581: from=<mredman@redenterprises.test>, size=10288, nrcpt=3 (queue active)
May 19 14:33:24 mailserv postfix/smtp[26911]: 5B3AF08C581: to=<vwzwk7tymm@someuser.test>, relay=127.0.0.1[127.0.0.1]:25, delay=0.9, delays=0.44/0.01/0.16/0.3, dsn=2.0.0, status=sent (250 2.0.0 OK 1456292320 l4si1610122wja.105 - gsmtp)
May 19 14:33:24 mailserv postfix/qmgr[5252]: 5B3AF08C581: removed
May 19 14:33:40 mailserv postfix/smtpd[26118]: D591BA0057D: client=182.261.93.102.com[182.261.93.102], sasl_method=PLAIN, sasl_username=james_joseph
May 19 14:33:40 mailserv postfix/cleanup[17455]: D591BA0057D: message-id=<4237917291@domain.test>
May 19 14:33:45 mailserv postfix/smtpd[26118]: 42BA9F385DE: client=203.55.89.261.com[203.55.89.261], sasl_method=PLAIN, sasl_username=lalo_rodrigeuez
May 19 14:33:45 mailserv postfix/cleanup[17455]: 42BA9F385DE: message-id=<4237917292@domain.test>
May 19 14:34:45 mailserv postfix/smtpd[26118]: 01E30A005AE: client=76.240.191.283.com[76.240.191.283], sasl_method=PLAIN, sasl_username=edward_birch
May 19 14:34:45 mailserv postfix/cleanup[17455]: 01E30A005AE: message-id=<4237917293@domain.test>
May 19 14:35:09 mailserv postfix/qmgr[5252]: 01E30A005AE: from=<eddyb@grading.test>, size=3401, nrcpt=3 (queue active)
May 19 14:35:09 mailserv postfix/smtp[26911]: 01E30A005AE: to=<foinnhgzya@someuser.test>, relay=127.0.0.1[127.0.0.1]:25, delay=0.9, delays=0.44/0.01/0.16/0.3, dsn=2.0.0, status=sent (250 2.0.0 OK 1456292320 l4si1610122wja.105 - gsmtp)
May 19 14:35:09 mailserv postfix/qmgr[5252]: 01E30A005AE: removed
May 19 14:35:24 mailserv postfix/qmgr[5252]: 42BA9F385DE: from=<lalo@vanrentals.test>, size=14836, nrcpt=3 (queue active)
May 19 14:35:24 mailserv postfix/smtp[26911]: 42BA9F385DE: to=<gsxh8yg33e@someuser.test>, relay=127.0.0.1[127.0.0.1]:25, delay=0.9, delays=0.44/0.01/0.16/0.3, dsn=2.0.0, status=sent (250 2.0.0 OK 1456292320 l4si1610122wja.105 - gsmtp)
May 19 14:35:24 mailserv postfix/qmgr[5252]: 42BA9F385DE: removed
May 19 14:35:40 mailserv postfix/smtpd[26118]: 392D83B38AE: client=259.127.6.92.com[259.127.6.92], sasl_method=PLAIN, sasl_username=jim_philips
May 19 14:35:40 mailserv postfix/cleanup[17455]: 392D83B38AE: message-id=<4237917294@domain.test>
May 19 14:35:48 mailserv postfix/qmgr[5252]: D591BA0057D: from=<jjones@network.test>, size=4300, nrcpt=3 (queue active)
May 19 14:35:48 mailserv postfix/smtp[26911]: D591BA0057D: to=<wgyzvk4iqx@someuser.test>, relay=127.0.0.1[127.0.0.1]:25, delay=0.9, delays=0.44/0.01/0.16/0.3, dsn=2.0.0, status=sent (250 2.0.0 OK 1456292320 l4si1610122wja.105 - gsmtp)
May 19 14:35:48 mailserv postfix/qmgr[5252]: D591BA0057D: removed
May 19 14:36:13 mailserv postfix/smtpd[26118]: D591BA0057D: client=182.261.93.102.com[182.261.93.102], sasl_method=PLAIN, sasl_username=james_joseph
May 19 14:36:13 mailserv postfix/cleanup[17455]: D591BA0057D: message-id=<4237917295@domain.test>
May 19 14:36:18 mailserv postfix/smtpd[26118]: 1F9E3B29C39: client=259.21.83.128.com[259.21.83.128], sasl_method=PLAIN, sasl_username=mia_doijan
May 19 14:36:18 mailserv postfix/cleanup[17455]: 1F9E3B29C39: message-id=<4237917296@domain.test>
May 19 14:36:35 mailserv postfix/qmgr[5252]: E9578A0057C: from=<tonytigger@ashfield.test>, size=5895, nrcpt=3 (queue active)
May 19 14:36:35 mailserv postfix/smtp[26911]: E9578A0057C: to=<eftukp7g15@someuser.test>, relay=127.0.0.1[127.0.0.1]:25, delay=0.9, delays=0.44/0.01/0.16/0.3, dsn=2.0.0, status=sent (250 2.0.0 OK 1456292320 l4si1610122wja.105 - gsmtp)
May 19 14:36:35 mailserv postfix/qmgr[5252]: E9578A0057C: removed
May 19 14:37:16 mailserv postfix/smtpd[26118]: 5B3AF08C581: client=97.6.263.84.com[97.6.263.84], sasl_method=PLAIN, sasl_username=mike_redman
May 19 14:37:16 mailserv postfix/cleanup[17455]: 5B3AF08C581: message-id=<4237917297@domain.test>
May 19 14:37:39 mailserv postfix/qmgr[5252]: 928FA28BE82: from=<moabu@bigadmin.test>, size=6531, nrcpt=3 (queue active)
May 19 14:37:39 mailserv postfix/smtp[26911]: 928FA28BE82: to=<ftnuod35du@someuser.test>, relay=127.0.0.1[127.0.0.1]:25, delay=0.9, delays=0.44/0.01/0.16/0.3, dsn=2.0.0, status=sent (250 2.0.0 OK 1456292320 l4si1610122wja.105 - gsmtp)
May 19 14:37:39 mailserv postfix/qmgr[5252]: 928FA28BE82: removed
May 19 14:37:56 mailserv postfix/smtpd[26118]: 42BA9F385DE: client=203.55.89.261.com[203.55.89.261], sasl_method=PLAIN, sasl_username=lalo_rodrigeuez
May 19 14:37:56 mailserv postfix/cleanup[17455]: 42BA9F385DE: message-id=<4237917298@domain.test>
May 19 14:38:06 mailserv postfix/qmgr[5252]: D591BA0057D: from=<jjones@network.test>, size=11090, nrcpt=3 (queue active)
May 19 14:38:06 mailserv postfix/smtp[26911]: D591BA0057D: to=<nru7cgiyyc@someuser.test>, relay=127.0.0.1[127.0.0.1]:25, delay=0.9, delays=0.44/0.01/0.16/0.3, dsn=2.0.0, status=sent (250 2.0.0 OK 1456292320 l4si1610122wja.105 - gsmtp)
May 19 14:38:06 mailserv postfix/qmgr[5252]: D591BA0057D: removed
May 19 14:38:44 mailserv postfix/smtpd[26118]: D591BA0057D: client=182.261.93.102.com[182.261.93.102], sasl_method=PLAIN, sasl_username=james_joseph
May 19 14:38:44 mailserv postfix/cleanup[17455]: D591BA0057D: message-id=<4237917299@domain.test>
May 19 14:38:47 mailserv postfix/qmgr[5252]: 392D83B38AE: from=<jimbo@allclips.test>, size=10021, nrcpt=3 (queue active)
May 19 14:38:47 mailserv postfix/smtp[26911]: 392D83B38AE: to=<t5qw3nwt1r@someuser.test>, relay=127.0.0.1[127.0.0.1]:25, delay=0.9, delays=0.44/0.01/0.16/0.3, dsn=2.0.0, status=sent (250 2.0.0 OK 1456292320 l4si1610122wja.105 - gsmtp)
May 19 14:38:47 mailserv postfix/qmgr[5252]: 392D83B38AE: removed
May 19 14:38:48 mailserv postfix/smtpd[26118]: 5B3AF08C581: client=97.6.263.84.com[97.6.263.84], sasl_method=PLAIN, sasl_username=mike_redman
May 19 14:38:48 mailserv postfix/cleanup[17455]: 5B3AF08C581: message-id=<4237917300@domain.test>
May 19 14:39:18 mailserv postfix/smtpd[26118]: A937F8310B3: client=242.293.7.54.com[242.293.7.54], sasl_method=PLAIN, sasl_username=fred_hammond
May 19 14:39:18 mailserv postfix/cleanup[17455]: A937F8310B3: message-id=<4237917301@domain.test>
May 19 14:39:20 mailserv postfix/qmgr[5252]: 01E30A005AE: from=<eddyb@grading.test>, size=13953, nrcpt=3 (queue active)
May 19 14:39:20 mailserv postfix/smtp[26911]: 01E30A005AE: to=<n3sol3j8va@someuser.test>, relay=127.0.0.1[127.0.0.1]:25, delay=0.9, delays=0.44/0.01/0.16/0.3, dsn=2.0.0, status=sent (250 2.0.0 OK 1456292320 l4si1610122wja.105 - gsmtp)
May 19 14:39:20 mailserv postfix/qmgr[5252]: 01E30A005AE: removed
May 19 14:39:48 mailserv postfix/smtpd[26118]: 7AB42F0E8B5: client=81.19.266.57.com[81.19.266.57], sasl_method=PLAIN, sasl_username=evandar_park
May 19 14:39:48 mailserv postfix/cleanup[17455]: 7AB42F0E8B5: message-id=<4237917302@domain.test>
May 19 14:40:07 mailserv postfix/qmgr[5252]: 1F9E3B29C39: from=<miaiam@singstarz.test>, size=14360, nrcpt=3 (queue active)
May 19 14:40:07 mailserv postfix/smtp[26911]: 1F9E3B29C39: to=<jg2cy7yo5z@someuser.test>, relay=127.0.0.1[127.0.0.1]:25, delay=0.9, delays=0.44/0.01/0.16/0.3, dsn=2.0.0, status=sent (250 2.0.0 OK 1456292320 l4si1610122wja.105 - gsmtp)
May 19 14:40:07 mailserv postfix/qmgr[5252]: 1F9E3B29C39: removed
May 19 14:40:32 mailserv postfix/qmgr[5252]: 5B3AF08C581: from=<mredman@redenterprises.test>, size=9342, nrcpt=3 (queue active)
May 19 14:40:32 mailserv postfix/smtp[26911]: 5B3AF08C581: to=<hebh75zte1@someuser.test>, relay=127.0.0.1[127.0.0.1]:25, delay=0.9, delays=0.44/0.01/0.16/0.3, dsn=2.0.0, status=sent (250 2.0.0 OK 1456292320 l4si1610122wja.105 - gsmtp)
May 19 14:40:32 mailserv postfix/qmgr[5252]: 5B3AF08C581: removed
May 19 14:40:48 mailserv postfix/smtpd[26118]: 8A27B3FE436: client=267.81.97.162.com[267.81.97.162], sasl_method=PLAIN, sasl_username=tyler_crisp
May 19 14:40:48 mailserv postfix/cleanup[17455]: 8A27B3FE436: message-id=<4237917303@domain.test>
May 19 14:40:57 mailserv postfix/qmgr[5252]: 5B3AF08C581: from=<mredman@redenterprises.test>, size=11250, nrcpt=3 (queue active)
May 19 14:40:57 mailserv postfix/smtp[26911]: 5B3AF08C581: to=<t0oh7wyz46@someuser.test>, relay=127.0.0.1[127.0.0.1]:25, delay=0.9, delays=0.44/0.01/0.16/0.3, dsn=2.0.0, status=sent (250 2.0.0 OK 1456292320 l4si1610122wja.105 - gsmtp)
May 19 14:40:57 mailserv postfix/qmgr[5252]: 5B3AF08C581: removed
May 19 14:41:03 mailserv postfix/qmgr[5252]: A937F8310B3: from=<fredh16@meager.test>, size=3981, nrcpt=3 (queue active)
May 19 14:41:03 mailserv postfix/smtp[26911]: A937F8310B3: to=<evgt5xjr5t@someuser.test>, relay=127.0.0.1[127.0.0.1]:25, delay=0.9, delays=0.44/0.01/0.16/0.3, dsn=2.0.0, status=sent (250 2.0.0 OK 1456292320 l4si1610122wja.105 - gsmtp)
May 19 14:41:03 mailserv postfix/qmgr[5252]: A937F8310B3: removed
May 19 14:41:31 mailserv postfix/smtpd[26118]: 8A27B3FE436: client=267.81.97.162.com[267.81.97.162], sasl_method=PLAIN, sasl_username=tyler_crisp
May 19 14:41:31 mailserv postfix/cleanup[17455]: 8A27B3FE436: message-id=<4237917304@domain.test>
May 19 14:42:08 mailserv postfix/smtpd[26118]: 0E6C9A004CE: client=103.97.278.82.com[103.97.278.82], sasl_method=PLAIN, sasl_username=robert_biggins
May 19 14:42:08 mailserv postfix/cleanup[17455]: 0E6C9A004CE: message-id=<4237917305@domain.test>
May 19 14:42:26 mailserv postfix/qmgr[5252]: 42BA9F385DE: from=<lalo@vanrentals.test>, size=6817, nrcpt=3 (queue active)
May 19 14:42:26 mailserv postfix/smtp[26911]: 42BA9F385DE: to=<ik50cfjwo6@someuser.test>, relay=127.0.0.1[127.0.0.1]:25, delay=0.9, delays=0.44/0.01/0.16/0.3, dsn=2.0.0, status=sent (250 2.0.0 OK 1456292320 l4si1610122wja.105 - gsmtp)
May 19 14:42:26 mailserv postfix/qmgr[5252]: 42BA9F385DE: removed
May 19 14:42:44 mailserv postfix/smtpd[26118]: 7AB42F0E8B5: client=81.19.266.57.com[81.19.266.57], sasl_method=PLAIN, sasl_username=evandar_park
May 19 14:42:44 mailserv postfix/cleanup[17455]: 7AB42F0E8B5: message-id=<4237917306@domain.test>
May 19 14:43:17 mailserv postfix/qmgr[5252]: D591BA0057D: from=<jjones@network.test>, size=14324, nrcpt=3 (queue active)
May 19 14:43:17 mailserv postfix/smtp[26911]: D591BA0057D: to=<9mz6s6zmv6@someuser.test>, relay=127.0.0.1[127.0.0.1]:25, delay=0.9, delays=0.44/0.01/0.16/0.3, dsn=2.0.0, status=sent (250 2.0.0 OK 1456292320 l4si1610122wja.105 - gsmtp)
May 19 14:43:17 mailserv postfix/qmgr[5252]: D591BA0057D: removed
May 19 14:43:42 mailserv postfix/smtpd[26118]: 29AF38ED938: client=86.104.265.92.com[86.104.265.92], sasl_method=PLAIN, sasl_username=walter_robinson
May 19 14:43:42 mailserv postfix/cleanup[17455]: 29AF38ED938: message-id=<4237917307@domain.test>
May 19 14:43:48 mailserv postfix/qmgr[5252]: 7AB42F0E8B5: from=<evandar9@massima.test>, size=12202, nrcpt=3 (queue active)
May 19 14:43:48 mailserv postfix/smtp[26911]: 7AB42F0E8B5: to=<limq6q9qd9@someuser.test>, relay=127.0.0.1[127.0.0.1]:25, delay=0.9, delays=0.44/0.01/0.16/0.3, dsn=2.0.0, status=sent (250 2.0.0 OK 1456292320 l4si1610122wja.105 - gsmtp)
May 19 14:43:48 mailserv postfix/qmgr[5252]: 7AB42F0E8B5: removed
May 19 14:43:55 mailserv postfix/qmgr[5252]: 29AF38ED938: from=<wrobinson@springsales.test>, size=12511, nrcpt=3 (queue active)
May 19 14:43:55 mailserv postfix/smtp[26911]: 29AF38ED938: to=<f1qs21wqy1@someuser.test>, relay=127.0.0.1[127.0.0.1]:25, delay=0.9, delays=0.44/0.01/0.16/0.3, dsn=2.0.0, status=sent (250 2.0.0 OK 1456292320 l4si1610122wja.105 - gsmtp)
May 19 14:43:55 mailserv postfix/qmgr[5252]: 29AF38ED938: removed
May 19 14:44:16 mailserv postfix/qmgr[5252]: 0E6C9A004CE: from=<robert1983@robots.test>, size=3662, nrcpt=3 (queue active)
May 19 14:44:16 mailserv postfix/smtp[26911]: 0E6C9A004CE: to=<gga31ur1ke@someuser.test>, relay=127.0.0.1[127.0.0.1]:25, delay=0.9, delays=0.44/0.01/0.16/0.3, dsn=2.0.0, status=sent (250 2.0.0 OK 1456292320 l4si1610122wja.105 - gsmtp)
May 19 14:44:16 mailserv postfix/qmgr[5252]: 0E6C9A004CE: removed
May 19 14:44:29 mailserv postfix/smtpd[26118]: D591BA0057D: client=182.261.93.102.com[182.261.93.102], sasl_method=PLAIN, sasl_username=james_joseph
May 19 14:44:29 mailserv postfix/cleanup[17455]: D591BA0057D: message-id=<4237917308@domain.test>
May 19 14:44:34 mailserv postfix/smtpd[26118]: 01E30A005AE: client=76.240.191.283.com[76.240.191.283], sasl_method=PLAIN, sasl_username=edward_birch
May 19 14:44:34 mailserv postfix/cleanup[17455]: 01E30A005AE: message-id=<4237917309@domain.test>
May 19 14:44:37 mailserv postfix/qmgr[5252]: 8A27B3FE436: from=<tcrisp97@kuhl.test>, size=5494, nrcpt=3 (queue active)
May 19 14:44:37 mailserv postfix/smtp[26911]: 8A27B3FE436: to=<ny4umf093s@someuser.test>, relay=127.0.0.1[127.0.0.1]:25, delay=0.9, delays=0.44/0.01/0.16/0.3, dsn=2.0.0, status=sent (250 2.0.0 OK 1456292320 l4si1610122wja.105 - gsmtp)
May 19 14:44:37 mailserv postfix/qmgr[5252]: 8A27B3FE436: removed
May 19 14:44:40 mailserv postfix/qmgr[5252]: 8A27B3FE436: from=<tcrisp97@kuhl.test>, size=14139, nrcpt=3 (queue active)
May 19 14:44:40 mailserv postfix/smtp[26911]: 8A27B3FE436: to=<wp4ym67me9@someuser.test>, relay=127.0.0.1[127.0.0.1]:25, delay=0.9, delays=0.44/0.01/0.16/0.3, dsn=2.0.0, status=sent (250 2.0.0 OK 1456292320 l4si1610122wja.105 - gsmtp)
May 19 14:44:40 mailserv postfix/qmgr[5252]: 8A27B3FE436: removed
May 19 14:45:02 mailserv postfix/qmgr[5252]: D591BA0057D: from=<jjones@network.test>, size=11527, nrcpt=3 (queue active)
May 19 14:45:02 mailserv postfix/smtp[26911]: D591BA0057D: to=<falxuk2weq@someuser.test>, relay=127.0.0.1[127.0.0.1]:25, delay=0.9, delays=0.44/0.01/0.16/0.3, dsn=2.0.0, status=sent (250 2.0.0 OK 1456292320 l4si1610122wja.105 - gsmtp)
May 19 14:45:02 mailserv postfix/qmgr[5252]: D591BA0057D: removed
