May 19 17:06:06 mailserv postfix/qmgr[5252]: 392D83B38AE: removed
May 19 17:06:48 mailserv postfix/smtpd[26118]: C982C3B392E: client=257.82.34.128.com[257.82.34.128], sasl_method=PLAIN, sasl_username=finn_adams
May 19 17:06:48 mailserv postfix/cleanup[17455]: C982C3B392E: message-id=<4237917542@domain.test>
May 19 17:07:07 mailserv postfix/qmgr[5252]: 3A836DF172B: from=<summerflowers@arkel.test>, size=14719, nrcpt=3 (queue active)
May 19 17:07:07 mailserv postfix/smtp[26911]: 3A836DF172B: to=<d9xzjjdyy5@someuser.test>, relay=127.0.0.1[127.0.0.1]:25, delay=0.9, delays=0.44/0.01/0.16/0.3, dsn=2.0.0, status=sent (250 2.0.0 OK 1456292320 l4si1610122wja.105 - gsmtp)
May 19 17:07:07 mailserv postfix/qmgr[5252]: 3A836DF172B: removed
May 19 17:07:26 mailserv postfix/qmgr[5252]: 42BA9F385DE: from=<lalo@vanrentals.test>, size=13341, nrcpt=3 (queue active)
May 19 17:07:26 mailserv postfix/smtp[26911]: 42BA9F385DE: to=<2i2gap0ye3@someuser.test>, relay=127.0.0.1[127.0.0.1]:25, delay=0.9, delays=0.44/0.01/0.16/0.3, dsn=2.0.0, status=sent (250 2.0.0 OK 1456292320 l4si1610122wja.105 - gsmtp)
May 19 17:07:26 mailserv postfix/qmgr[5252]: 42BA9F385DE: removed
May 19 17:08:07 mailserv postfix/qmgr[5252]: 092BE29C374: from=<chuckbintar@octopusgloves.test>, size=3430, nrcpt=3 (queue active)
May 19 17:08:07 mailserv postfix/smtp[26911]: 092BE29C374: to=<e7yo3e83ij@someuser.test>, relay=127.0.0.1[127.0.0.1]:25, delay=0.9, delays=0.44/0.01/0.16/0.3, dsn=2.0.0, status=sent (250 2.0.0 OK 1456292320 l4si1610122wja.105 - gsmtp)
May 19 17:08:07 mailserv postfix/qmgr[5252]: 092BE29C374: removed
May 19 17:08:10 mailserv postfix/smtpd[26118]: 5EBC72D19B2: client=42.182.273.80.com[42.182.273.80], sasl_method=PLAIN, sasl_username=claire_rogers
May 19 17:08:10 mailserv postfix/cleanup[17455]: 5EBC72D19B2: message-id=<4237917543@domain.test>
May 19 17:08:47 mailserv postfix/qmgr[5252]: 5EBC72D19B2: from=<claire2001@appleby.test>, size=14815, nrcpt=3 (queue active)
May 19 17:08:47 mailserv postfix/smtp[26911]: 5EBC72D19B2: to=<e75orsgg2z@someuser.test>, relay=127.0.0.1[127.0.0.1]:25, delay=0.9, delays=0.44/0.01/0.16/0.3, dsn=2.0.0, status=sent (250 2.0.0 OK 1456292320 l4si1610122wja.105 - gsmtp)
May 19 17:08:47 mailserv postfix/qmgr[5252]: 5EBC72D19B2: removed
May 19 17:08:52 mailserv postfix/qmgr[5252]: D591BA0057D: from=<jjones@network.test>, size=5393, nrcpt=3 (queue active)
May 19 17:08:52 mailserv postfix/smtp[26911]: D591BA0057D: to=<whgs9zuzns@someuser.test>, relay=127.0.0.1[127.0.0.1]:25, delay=0.9, delays=0.44/0.01/0.16/0.3, dsn=2.0.0, status=sent (250 2.0.0 OK 1456292320 l4si1610122wja.105 - gsmtp)
May 19 17:08:52 mailserv postfix/qmgr[5252]: D591BA0057D: removed
May 19 17:08:54 mailserv postfix/smtpd[26118]: B26219BF3C6: client=58.9.264.19.com[58.9.264.19], sasl_method=PLAIN, sasl_username=sandra_clark
May 19 17:08:54 mailserv postfix/cleanup[17455]: B26219BF3C6: message-id=<4237917544@domain.test>
May 19 17:09:32 mailserv postfix/smtpd[26118]: 64CB3BF918A: client=162.24.93.260.com[162.24.93.260], sasl_method=PLAIN, sasl_username=tracie_wright
May 19 17:09:32 mailserv postfix/cleanup[17455]: 64CB3BF918A: message-id=<4237917545@domain.test>
May 19 17:10:15 mailserv postfix/smtpd[26118]: 29AF38ED938: client=86.104.265.92.com[86.104.265.92], sasl_method=PLAIN, sasl_username=walter_robinson
May 19 17:10:15 mailserv postfix/cleanup[17455]: 29AF38ED938: message-id=<4237917546@domain.test>
May 19 17:10:58 mailserv postfix/smtpd[26118]: 8A27B3FE436: client=267.81.97.162.com[267.81.97.162], sasl_method=PLAIN, sasl_username=tyler_crisp
May 19 17:10:58 mailserv postfix/cleanup[17455]: 8A27B3FE436: message-id=<4237917547@domain.test>
May 19 17:11:03 mailserv postfix/qmgr[5252]: 64CB3BF918A: from=<tracie4@limejello.test>, size=14573, nrcpt=3 (queue active)
May 19 17:11:03 mailserv postfix/smtp[26911]: 64CB3BF918A: to=<79rvg6pevu@someuser.test>, relay=127.0.0.1[127.0.0.1]:25, delay=0.9, delays=0.44/0.01/0.16/0.3, dsn=2.0.0, status=sent (250 2.0.0 OK 1456292320 l4si1610122wja.105 - gsmtp)
May 19 17:11:03 mailserv postfix/qmgr[5252]: 64CB3BF918A: removed
May 19 17:11:18 mailserv postfix/qmgr[5252]: C982C3B392E: from=<finnadams@remvisions.test>, size=8131, nrcpt=3 (queue active)
May 19 17:11:18 mailserv postfix/smtp[26911]: C982C3B392E: to=<l822savv54@someuser.test>, relay=127.0.0.1[127.0.0.1]:25, delay=0.9, delays=0.44/0.01/0.16/0.3, dsn=2.0.0, status=sent (250 2.0.0 OK 1456292320 l4si1610122wja.105 - gsmtp)
May 19 17:11:18 mailserv postfix/qmgr[5252]: C982C3B392E: removed
May 19 17:11:37 mailserv postfix/smtpd[26118]: D3B01768216: client=128.16.264.17.com[128.16.264.17], sasl_method=PLAIN, sasl_username=vihn_okbar
May 19 17:11:37 mailserv postfix/cleanup[17455]: D3B01768216: message-id=<4237917548@domain.test>
May 19 17:11:45 mailserv postfix/qmgr[5252]: 8A27B3FE436: from=<tcrisp97@kuhl.test>, size=7524, nrcpt=3 (queue active)
May 19 17:11:45 mailserv postfix/smtp[26911]: 8A27B3FE436: to=<h5ejpake5n@someuser.test>, relay=127.0.0.1[127.0.0.1]:25, delay=0.9, delays=0.44/0.01/0.16/0.3, dsn=2.0.0, status=sent (250 2.0.0 OK 1456292320 l4si1610122wja.105 - gsmtp)
May 19 17:11:45 mailserv postfix/qmgr[5252]: 8A27B3FE436: removed
May 19 17:12:23 mailserv postfix/smtpd[26118]: 3A836DF172B: client=140.16.183.261.com[140.16.183.261], sasl_method=PLAIN, sasl_username=summer_white
May 19 17:12:23 mailserv postfix/cleanup[17455]: 3A836DF172B: message-id=<4237917549@domain.test>
May 19 17:12:57 mailserv postfix/qmgr[5252]: B26219BF3C6: from=<sandra@clarkfoods.test>, size=12314, nrcpt=3 (queue active)
May 19 17:12:57 mailserv postfix/smtp[26911]: B26219BF3C6: to=<0t3l784pag@someuser.test>, relay=127.0.0.1[127.0.0.1]:25, delay=0.9, delays=0.44/0.01/0.16/0.3, dsn=2.0.0, status=sent (250 2.0.0 OK 1456292320 l4si1610122wja.105 - gsmtp)
May 19 17:12:57 mailserv postfix/qmgr[5252]: B26219BF3C6: removed
May 19 17:13:03 mailserv postfix/qmgr[5252]: 29AF38ED938: from=<wrobinson@springsales.test>, size=10152, nrcpt=3 (queue active)
May 19 17:13:03 mailserv postfix/smtp[26911]: 29AF38ED938: to=<vg3gj8a154@someuser.test>, relay=127.0.0.1[127.0.0.1]:25, delay=0.9, delays=0.44/0.01/0.16/0.3, dsn=2.0.0, status=sent (250 2.0.0 OK 1456292320 l4si1610122wja.105 - gsmtp)
May 19 17:13:03 mailserv postfix/qmgr[5252]: 29AF38ED938: removed
May 19 17:13:10 mailserv postfix/smtpd[26118]: D591BA0057D: client=182.261.93.102.com[182.261.93.102], sasl_method=PLAIN, sasl_username=james_joseph
May 19 17:13:10 mailserv postfix/cleanup[17455]: D591BA0057D: message-id=<4237917550@domain.test>
May 19 17:13:14 mailserv postfix/smtpd[26118]: D591BA0057D: client=182.261.93.102.com[182.261.93.102], sasl_method=PLAIN, sasl_username=james_joseph
May 19 17:13:14 mailserv postfix/cleanup[17455]: D591BA0057D: message-id=<4237917551@domain.test>
May 19 17:13:18 mailserv postfix/smtpd[26118]: 3F07A64BE32: client=204.192.273.15.com[204.192.273.15], sasl_method=PLAIN, sasl_username=zahara_oswald
May 19 17:13:18 mailserv postfix/cleanup[17455]: 3F07A64BE32: message-id=<4237917552@domain.test>
May 19 17:14:03 mailserv postfix/smtpd[26118]: D591BA0057D: client=182.261.93.102.com[182.261.93.102], sasl_method=PLAIN, sasl_username=james_joseph
May 19 17:14:03 mailserv postfix/cleanup[17455]: D591BA0057D: message-id=<4237917553@domain.test>
May 19 17:14:07 mailserv postfix/smtpd[26118]: C982C3B392E: client=257.82.34.128.com[257.82.34.128], sasl_method=PLAIN, sasl_username=finn_adams
May 19 17:14:07 mailserv postfix/cleanup[17455]: C982C3B392E: message-id=<4237917554@domain.test>
May 19 17:14:11 mailserv postfix/qmgr[5252]: D3B01768216: from=<vihnokbar@outlands.test>, size=4971, nrcpt=3 (queue active)
May 19 17:14:11 mailserv postfix/smtp[26911]: D3B01768216: to=<kabxmiiht3@someuser.test>, relay=127.0.0.1[127.0.0.1]:25, delay=0.9, delays=0.44/0.01/0.16/0.3, dsn=2.0.0, status=sent (250 2.0.0 OK 1456292320 l4si1610122wja.105 - gsmtp)
May 19 17:14:11 mailserv postfix/qmgr[5252]: D3B01768216: removed
May 19 17:14:35 mailserv postfix/qmgr[5252]: D591BA0057D: from=<jjones@network.test>, size=4133, nrcpt=3 (queue active)
May 19 17:14:35 mailserv postfix/smtp[26911]: D591BA0057D: to=<qvj52qvm73@someuser.test>, relay=127.0.0.1[127.0.0.1]:25, delay=0.9, delays=0.44/0.01/0.16/0.3, dsn=2.0.0, status=sent (250 2.0.0 OK 1456292320 l4si1610122wja.105 - gsmtp)
May 19 17:14:35 mailserv postfix/qmgr[5252]: D591BA0057D: removed
May 19 17:14:37 mailserv postfix/smtpd[26118]: 29AF38ED938: client=86.104.265.92.com[86.104.265.92], sasl_method=PLAIN, sasl_username=walter_robinson
May 19 17:14:37 mailserv postfix/cleanup[17455]: 29AF38ED938: message-id=<4237917555@domain.test>
May 19 17:15:08 mailserv postfix/smtpd[26118]: D591BA0057D: client=182.261.93.102.com[182.261.93.102], sasl_method=PLAIN, sasl_username=james_joseph
May 19 17:15:08 mailserv postfix/cleanup[17455]: D591BA0057D: message-id=<4237917556@domain.test>
May 19 17:15:13 mailserv postfix/smtpd[26118]: BC8263D02E9: client=57.288.91.104.com[57.288.91.104], sasl_method=PLAIN, sasl_username=ray_von
May 19 17:15:13 mailserv postfix/cleanup[17455]: BC8263D02E9: message-id=<4237917557@domain.test>
May 19 17:15:21 mailserv postfix/qmgr[5252]: D591BA0057D: from=<jjones@network.test>, size=6228, nrcpt=3 (queue active)
May 19 17:15:21 mailserv postfix/smtp[26911]: D591BA0057D: to=<cusg6ik4cf@someuser.test>, relay=127.0.0.1[127.0.0.1]:25, delay=0.9, delays=0.44/0.01/0.16/0.3, dsn=2.0.0, status=sent (250 2.0.0 OK 1456292320 l4si1610122wja.105 - gsmtp)
May 19 17:15:21 mailserv postfix/qmgr[5252]: D591BA0057D: removed
May 19 17:15:38 mailserv postfix/qmgr[5252]: 3F07A64BE32: from=<zo@victory.test>, size=7080, nrcpt=3 (queue active)
May 19 17:15:38 mailserv postfix/smtp[26911]: 3F07A64BE32: to=<vfvv2280o8@someuser.test>, relay=127.0.0.1[127.0.0.1]:25, delay=0.9, delays=0.44/0.01/0.16/0.3, dsn=2.0.0, status=sent (250 2.0.0 OK 1456292320 l4si1610122wja.105 - gsmtp)
May 19 17:15:38 mailserv postfix/qmgr[5252]: 3F07A64BE32: removed
May 19 17:15:59 mailserv postfix/smtpd[26118]: F6DB28A7490: client=217.259.17.34.com[217.259.17.34], sasl_method=PLAIN, sasl_username=oskar_shwarz
May 19 17:15:59 mailserv postfix/cleanup[17455]: F6DB28A7490: message-id=<4237917558@domain.test>
May 19 17:16:01 mailserv postfix/qmgr[5252]: 3A836DF172B: from=<summerflowers@arkel.test>, size=9017, nrcpt=3 (queue active)
May 19 17:16:01 mailserv postfix/smtp[26911]: 3A836DF172B: to=<xdmh36ijhn@someuser.test>, relay=127.0.0.1[127.0.0.1]:25, delay=0.9, delays=0.44/0.01/0.16/0.3, dsn=2.0.0, status=sent (250 2.0.0 OK 1456292320 l4si1610122wja.105 - gsmtp)
May 19 17:16:01 mailserv postfix/qmgr[5252]: 3A836DF172B: removed
May 19 17:16:35 mailserv postfix/qmgr[5252]: D591BA0057D: from=<jjones@network.test>, size=4623, nrcpt=3 (queue active)
May 19 17:16:35 mailserv postfix/smtp[26911]: D591BA0057D: to=<ka06fr6rpi@someuser.test>, relay=127.0.0.1[127.0.0.1]:25, delay=0.9, delays=0.44/0.01/0.16/0.3, dsn=2.0.0, status=sent (250 2.0.0 OK 1456292320 l4si1610122wja.105 - gsmtp)
May 19 17:16:35 mailserv postfix/qmgr[5252]: D591BA0057D: removed
May 19 17:16:36 mailserv postfix/smtpd[26118]: E9578A0057C: client=62.266.8.94.com[62.266.8.94], sasl_method=PLAIN, sasl_username=tony_andrews
May 19 17:16:36 mailserv postfix/cleanup[17455]: E9578A0057C: message-id=<4237917559@domain.test>
May 19 17:17:21 mailserv postfix/smtpd[26118]: D591BA0057D: client=182.261.93.102.com[182.261.93.102], sasl_method=PLAIN, sasl_username=james_joseph
May 19 17:17:21 mailserv postfix/cleanup[17455]: D591BA0057D: message-id=<4237917560@domain.test>
May 19 17:17:25 mailserv postfix/smtpd[26118]: D591BA0057D: client=182.261.93.102.com[182.261.93.102], sasl_method=PLAIN, sasl_username=james_joseph
May 19 17:17:25 mailserv postfix/cleanup[17455]: D591BA0057D: message-id=<4237917561@domain.test>
May 19 17:17:26 mailserv postfix/qmgr[5252]: 29AF38ED938: from=<wrobinson@springsales.test>, size=14303, nrcpt=3 (queue active)
May 19 17:17:26 mailserv postfix/smtp[26911]: 29AF38ED938: to=<j8cvh03o4h@someuser.test>, relay=127.0.0.1[127.0.0.1]:25, delay=0.9, delays=0.44/0.01/0.16/0.3, dsn=2.0.0, status=sent (250 2.0.0 OK 1456292320 l4si1610122wja.105 - gsmtp)
May 19 17:17:26 mailserv postfix/qmgr[5252]: 29AF38ED938: removed
May 19 17:17:29 mailserv postfix/smtpd[26118]: D591BA0057D: client=182.261.93.102.com[182.261.93.102], sasl_method=PLAIN, sasl_username=james_joseph
May 19 17:17:29 mailserv postfix/cleanup[17455]: D591BA0057D: message-id=<4237917562@domain.test>
May 19 17:17:34 mailserv postfix/smtpd[26118]: 5BA8D63F20F: client=59.261.17.138.com[59.261.17.138], sasl_method=PLAIN, sasl_username=anika_zuu
May 19 17:17:34 mailserv postfix/cleanup[17455]: 5BA8D63F20F: message-id=<4237917563@domain.test>
May 19 17:17:53 mailserv postfix/qmgr[5252]: C982C3B392E: from=<finnadams@remvisions.test>, size=12846, nrcpt=3 (queue active)
May 19 17:17:53 mailserv postfix/smtp[26911]: C982C3B392E: to=<mp07r7l5p7@someuser.test>, relay=127.0.0.1[127.0.0.1]:25, delay=0.9, delays=0.44/0.01/0.16/0.3, dsn=2.0.0, status=sent (250 2.0.0 OK 1456292320 l4si1610122wja.105 - gsmtp)
May 19 17:17:53 mailserv postfix/qmgr[5252]: C982C3B392E: removed
May 19 17:18:17 mailserv postfix/qmgr[5252]: D591BA0057D: from=<jjones@network.test>, size=14286, nrcpt=3 (queue active)
May 19 17:18:17 mailserv postfix/smtp[26911]: D591BA0057D: to=<msm89mzibv@someuser.test>, relay=127.0.0.1[127.0.0.1]:25, delay=0.9, delays=0.44/0.01/0.16/0.3, dsn=2.0.0, status=sent (250 2.0.0 OK 1456292320 l4si1610122wja.105 - gsmtp)
May 19 17:18:17 mailserv postfix/qmgr[5252]: D591BA0057D: removed
May 19 17:18:27 mailserv postfix/smtpd[26118]: D591BA0057D: client=182.261.93.102.com[182.261.93.102], sasl_method=PLAIN, sasl_username=james_joseph
May 19 17:18:27 mailserv postfix/cleanup[17455]: D591BA0057D: message-id=<4237917564@domain.test>
May 19 17:18:32 mailserv postfix/smtpd[26118]: EE2C8A0059A: client=206.44.268.14.com[206.44.268.14], sasl_method=PLAIN, sasl_username=susan_march
May 19 17:18:32 mailserv postfix/cleanup[17455]: EE2C8A0059A: message-id=<4237917565@domain.test>
May 19 17:19:01 mailserv postfix/qmgr[5252]: EE2C8A0059A: from=<susanftw@jobsite.test>, size=3814, nrcpt=3 (queue active)
May 19 17:19:01 mailserv postfix/smtp[26911]: EE2C8A0059A: to=<1334ff7z2v@someuser.test>, relay=127.0.0.1[127.0.0.1]:25, delay=0.9, delays=0.44/0.01/0.16/0.3, dsn=2.0.0, status=sent (250 2.0.0 OK 1456292320 l4si1610122wja.105 - gsmtp)
May 19 17:19:01 mailserv postfix/qmgr[5252]: EE2C8A0059A: removed
May 19 17:19:02 mailserv postfix/qmgr[5252]: D591BA0057D: from=<jjones@network.test>, size=5808, nrcpt=3 (queue active)
May 19 17:19:02 mailserv postfix/smtp[26911]: D591BA0057D: to=<hqwf3g475i@someuser.test>, relay=127.0.0.1[127.0.0.1]:25, delay=0.9, delays=0.44/0.01/0.16/0.3, dsn=2.0.0, status=sent (250 2.0.0 OK 1456292320 l4si1610122wja.105 - gsmtp)
May 19 17:19:02 mailserv postfix/qmgr[5252]: D591BA0057D: removed
May 19 17:19:03 mailserv postfix/qmgr[5252]: D591BA0057D: from=<jjones@network.test>, size=5857, nrcpt=3 (queue active)
May 19 17:19:03 mailserv postfix/smtp[26911]: D591BA0057D: to=<b6flenf48k@someuser.test>, relay=127.0.0.1[127.0.0.1]:25, delay=0.9, delays=0.44/0.01/0.16/0.3, dsn=2.0.0, status=sent (250 2.0.0 OK 1456292320 l4si1610122wja.105 - gsmtp)
May 19 17:19:03 mailserv postfix/qmgr[5252]: D591BA0057D: removed
May 19 17:19:12 mailserv postfix/smtpd[26118]: 82EB83A63FD: client=24.267.98.35.com[24.267.98.35], sasl_method=PLAIN, sasl_username=nelson_carter
May 19 17:19:12 mailserv postfix/cleanup[17455]: 82EB83A63FD: message-id=<4237917566@domain.test>
May 19 17:19:20 mailserv postfix/qmgr[5252]: E9578A0057C: from=<tonytigger@ashfield.test>, size=13809, nrcpt=3 (queue active)
May 19 17:19:20 mailserv postfix/smtp[26911]: E9578A0057C: to=<mf9ilfc7za@someuser.test>, relay=127.0.0.1[127.0.0.1]:25, delay=0.9, delays=0.44/0.01/0.16/0.3, dsn=2.0.0, status=sent (250 2.0.0 OK 1456292320 l4si1610122wja.105 - gsmtp)
May 19 17:19:20 mailserv postfix/qmgr[5252]: E9578A0057C: removed
May 19 17:19:21 mailserv postfix/qmgr[5252]: D591BA0057D: from=<jjones@network.test>, size=7511, nrcpt=3 (queue active)
May 19 17:19:21 mailserv postfix/smtp[26911]: D591BA0057D: to=<9fnxkhvq0f@someuser.test>, relay=127.0.0.1[127.0.0.1]:25, delay=0.9, delays=0.44/0.01/0.16/0.3, dsn=2.0.0, status=sent (250 2.0.0 OK 1456292320 l4si1610122wja.105 - gsmtp)
May 19 17:19:21 mailserv postfix/qmgr[5252]: D591BA0057D: removed
May 19 17:19:26 mailserv postfix/qmgr[5252]: 5BA8D63F20F: from=<anikazuu@fitfarms.test>, size=14659, nrcpt=3 (queue active)
May 19 17:19:26 mailserv postfix/smtp[26911]: 5BA8D63F20F: to=<4x2vxql6y2@someuser.test>, relay=127.0.0.1[127.0.0.1]:25, delay=0.9, delays=0.44/0.01/0.16/0.3, dsn=2.0.0, status=sent (250 2.0.0 OK 1456292320 l4si1610122wja.105 - gsmtp)
May 19 17:19:26 mailserv postfix/qmgr[5252]: 5BA8D63F20F: removed
May 19 17:19:49 mailserv postfix/smtpd[26118]: 928FA28BE82: client=23.259.44.76.com[23.259.44.76], sasl_method=PLAIN, sasl_username=mohammed_abu
May 19 17:19:49 mailserv postfix/cleanup[17455]: 928FA28BE82: message-id=<4237917567@domain.test>
May 19 17:20:16 mailserv postfix/qmgr[5252]: 928FA28BE82: from=<moabu@bigadmin.test>, size=4972, nrcpt=3 (queue active)
May 19 17:20:16 mailserv postfix/smtp[26911]: 928FA28BE82: to=<1svjeupjsm@someuser.test>, relay=127.0.0.1[127.0.0.1]:25, delay=0.9, delays=0.44/0.01/0.16/0.3, dsn=2.0.0, status=sent (250 2.0.0 OK 1456292320 l4si1610122wja.105 - gsmtp)
May 19 17:20:16 mailserv postfix/qmgr[5252]: 928FA28BE82: removed
May 19 17:20:28 mailserv postfix/qmgr[5252]: F6DB28A7490: from=<schwarzy@alpine.test>, size=9698, nrcpt=3 (queue active)
May 19 17:20:28 mailserv postfix/smtp[26911]: F6DB28A7490: to=<j1duj0edx5@someuser.test>, relay=127.0.0.1[127.0.0.1]:25, delay=0.9, delays=0.44/0.01/0.16/0.3, dsn=2.0.0, status=sent (250 2.0.0 OK 1456292320 l4si1610122wja.105 - gsmtp)
May 19 17:20:28 mailserv postfix/qmgr[5252]: F6DB28A7490: removed
May 19 17:20:31 mailserv postfix/smtpd[26118]: 64CB3BF918A: client=162.24.93.260.com[162.24.93.260], sasl_method=PLAIN, sasl_username=tracie_wright
May 19 17:20:31 mailserv postfix/cleanup[17455]: 64CB3BF918A: message-id=<4237917568@domain.test>
May 19 17:20:51 mailserv postfix/qmgr[5252]: 82EB83A63FD: from=<nelson@fastfoodfast.test>, size=8794, nrcpt=3 (queue active)
May 19 17:20:51 mailserv postfix/smtp[26911]: 82EB83A63FD: to=<hcukhsgare@someuser.test>, relay=127.0.0.1[127.0.0.1]:25, delay=0.9, delays=0.44/0.01/0.16/0.3, dsn=2.0.0, status=sent (250 2.0.0 OK 1456292320 l4si1610122wja.105 - gsmtp)
May 19 17:20:51 mailserv postfix/qmgr[5252]: 82EB83A63FD: removed
May 19 17:21:05 mailserv postfix/smtpd[26118]: EE2C8A0059A: client=206.44.268.14.com[206.44.268.14], sasl_method=PLAIN, sasl_username=susan_march
May 19 17:21:05 mailserv postfix/cleanup[17455]: EE2C8A0059A: message-id=<4237917569@domain.test>
May 19 17:21:30 mailserv postfix/qmgr[5252]: 64CB3BF918A: from=<tracie4@limejello.test>, size=14311, nrcpt=3 (queue active)
May 19 17:21:30 mailserv postfix/smtp[26911]: 64CB3BF918A: to=<zglpkqag2u@someuser.test>, relay=127.0.0.1[127.0.0.1]:25, delay=0.9, delays=0.44/0.01/0.16/0.3, dsn=2.0.0, status=sent (250 2.0.0 OK 1456292320 l4si1610122wja.105 - gsmtp)
May 19 17:21:30 mailserv postfix/qmgr[5252]: 64CB3BF918A: removed
May 19 17:21:51 mailserv postfix/smtpd[26118]: BC8263D02E9: client=57.288.91.104.com[57.288.91.104], sasl_method=PLAIN, sasl_username=ray_von
May 19 17:21:51 mailserv postfix/cleanup[17455]: BC8263D02E9: message-id=<4237917570@domain.test>
May 19 17:22:32 mailserv postfix/smtpd[26118]: 4C80AD2937B: client=52.21.263.17.com[52.21.263.17], sasl_method=PLAIN, sasl_username=angus_beatty
May 19 17:22:32 mailserv postfix/cleanup[17455]: 4C80AD2937B: message-id=<4237917571@domain.test>
May 19 17:22:34 mailserv postfix/qmgr[5252]: EE2C8A0059A: from=<susanftw@jobsite.test>, size=11961, nrcpt=3 (queue active)
May 19 17:22:34 mailserv postfix/smtp[26911]: EE2C8A0059A: to=<nn71hyfquf@someuser.test>, relay=127.0.0.1[127.0.0.1]:25, delay=0.9, delays=0.44/0.01/0.16/0.3, dsn=2.0.0, status=sent (250 2.0.0 OK 1456292320 l4si1610122wja.105 - gsmtp)
May 19 17:22:34 mailserv postfix/qmgr[5252]: EE2C8A0059A: removed
May 19 17:23:08 mailserv postfix/qmgr[5252]: D591BA0057D: from=<jjones@network.test>, size=14903, nrcpt=3 (queue active)
May 19 17:23:08 mailserv postfix/smtp[26911]: D591BA0057D: to=<2ij8v4wj1g@someuser.test>, relay=127.0.0.1[127.0.0.1]:25, delay=0.9, delays=0.44/0.01/0.16/0.3, dsn=2.0.0, status=sent (250 2.0.0 OK 1456292320 l4si1610122wja.105 - gsmtp)
May 19 17:23:08 mailserv postfix/qmgr[5252]: D591BA0057D: removed
May 19 17:23:13 mailserv postfix/qmgr[5252]: BC8263D02E9: from=<rayvon@jenkins.test>, size=5850, nrcpt=3 (queue active)
May 19 17:23:13 mailserv postfix/smtp[26911]: BC8263D02E9: to=<4saf7d9o30@someuser.test>, relay=127.0.0.1[127.0.0.1]:25, delay=0.9, delays=0.44/0.01/0.16/0.3, dsn=2.0.0, status=sent (250 2.0.0 OK 1456292320 l4si1610122wja.105 - gsmtp)
May 19 17:23:13 mailserv postfix/qmgr[5252]: BC8263D02E9: removed
May 19 17:23:15 mailserv postfix/smtpd[26118]: 9B74AC38174: client=94.152.264.82.com[94.152.264.82], sasl_method=PLAIN, sasl_username=kai_xavier
May 19 17:23:15 mailserv postfix/cleanup[17455]: 9B74AC38174: message-id=<4237917572@domain.test>
May 19 17:24:09 mailserv postfix/smtpd[26118]: D591BA0057D: client=182.261.93.102.com[182.261.93.102], sasl_method=PLAIN, sasl_username=james_joseph
May 19 17:24:09 mailserv postfix/cleanup[17455]: D591BA0057D: message-id=<4237917573@domain.test>
May 19 17:24:13 mailserv postfix/smtpd[26118]: 82EB83A63FD: client=24.267.98.35.com[24.267.98.35], sasl_method=PLAIN, sasl_username=nelson_carter
May 19 17:24:13 mailserv postfix/cleanup[17455]: 82EB83A63FD: message-id=<4237917574@domain.test>
May 19 17:24:36 mailserv postfix/qmgr[5252]: 82EB83A63FD: from=<nelson@fastfoodfast.test>, size=6562, nrcpt=3 (queue active)
May 19 17:24:36 mailserv postfix/smtp[26911]: 82EB83A63FD: to=<cx9ksmktjr@someuser.test>, relay=127.0.0.1[127.0.0.1]:25, delay=0.9, delays=0.44/0.01/0.16/0.3, dsn=2.0.0, status=sent (250 2.0.0 OK 1456292320 l4si1610122wja.105 - gsmtp)
May 19 17:24:36 mailserv postfix/qmgr[5252]: 82EB83A63FD: removed
May 19 17:24:48 mailserv postfix/smtpd[26118]: D591BA0057D: client=182.261.93.102.com[182.261.93.102], sasl_method=PLAIN, sasl_username=james_joseph
May 19 17:24:48 mailserv postfix/cleanup[17455]: D591BA0057D: message-id=<4237917575@domain.test>
May 19 17:24:52 mailserv postfix/smtpd[26118]: BC8263D02E9: client=57.288.91.104.com[57.288.91.104], sasl_method=PLAIN, sasl_username=ray_von
May 19 17:24:52 mailserv postfix/cleanup[17455]: BC8263D02E9: message-id=<4237917576@domain.test>
May 19 17:25:27 mailserv postfix/qmgr[5252]: 9B74AC38174: from=<kaix@pinkton.test>, size=9509, nrcpt=3 (queue active)
May 19 17:25:27 mailserv postfix/smtp[26911]: 9B74AC38174: to=<5t7w0e4d8u@someuser.test>, relay=127.0.0.1[127.0.0.1]:25, delay=0.9, delays=0.44/0.01/0.16/0.3, dsn=2.0.0, status=sent (250 2.0.0 OK 1456292320 l4si1610122wja.105 - gsmtp)
May 19 17:25:27 mailserv postfix/qmgr[5252]: 9B74AC38174: removed
May 19 17:25:39 mailserv postfix/smtpd[26118]: E492CA9175D: client=79.192.257.81.com[79.192.257.81], sasl_method=PLAIN, sasl_username=yi_lang
May 19 17:25:39 mailserv postfix/cleanup[17455]: E492CA9175D: message-id=<4237917577@domain.test>
May 19 17:25:56 mailserv postfix/qmgr[5252]: D591BA0057D: from=<jjones@network.test>, size=5837, nrcpt=3 (queue active)
May 19 17:25:56 mailserv postfix/smtp[26911]: D591BA0057D: to=<6e142nuskv@someuser.test>, relay=127.0.0.1[127.0.0.1]:25, delay=0.9, delays=0.44/0.01/0.16/0.3, dsn=2.0.0, status=sent (250 2.0.0 OK 1456292320 l4si1610122wja.105 - gsmtp)
May 19 17:25:56 mailserv postfix/qmgr[5252]: D591BA0057D: removed
May 19 17:26:28 mailserv postfix/smtpd[26118]: 93AF9EC0382: client=84.62.272.91.com[84.62.272.91], sasl_method=PLAIN, sasl_username=george_parker
May 19 17:26:28 mailserv postfix/cleanup[17455]: 93AF9EC0382: message-id=<4237917578@domain.test>
May 19 17:26:50 mailserv postfix/qmgr[5252]: 4C80AD2937B: from=<abeatty92@newdawn.test>, size=6570, nrcpt=3 (queue active)
May 19 17:26:50 mailserv postfix/smtp[26911]: 4C80AD2937B: to=<n9xsjrevlm@someuser.test>, relay=127.0.0.1[127.0.0.1]:25, delay=0.9, delays=0.44/0.01/0.16/0.3, dsn=2.0.0, status=sent (250 2.0.0 OK 1456292320 l4si1610122wja.105 - gsmtp)
May 19 17:26:50 mailserv postfix/qmgr[5252]: 4C80AD2937B: removed
May 19 17:27:21 mailserv postfix/qmgr[5252]: E492CA9175D: from=<yiiii@ingrid.test>, size=13703, nrcpt=3 (queue active)
May 19 17:27:21 mailserv postfix/smtp[26911]: E492CA9175D: to=<38xua5xzi4@someuser.test>, relay=127.0.0.1[127.0.0.1]:25, delay=0.9, delays=0.44/0.01/0.16/0.3, dsn=2.0.0, status=sent (250 2.0.0 OK 1456292320 l4si1610122wja.105 - gsmtp)
May 19 17:27:21 mailserv postfix/qmgr[5252]: E492CA9175D: removed
May 19 17:27:22 mailserv postfix/qmgr[5252]: BC8263D02E9: from=<rayvon@jenkins.test>, size=4174, nrcpt=3 (queue active)
May 19 17:27:22 mailserv postfix/smtp[26911]: BC8263D02E9: to=<onylw6asry@someuser.test>, relay=127.0.0.1[127.0.0.1]:25, delay=0.9, delays=0.44/0.01/0.16/0.3, dsn=2.0.0, status=sent (250 2.0.0 OK 1456292320 l4si1610122wja.105 - gsmtp)
May 19 17:27:22 mailserv postfix/qmgr[5252]: BC8263D02E9: removed
May 19 17:27:24 mailserv postfix/smtpd[26118]: 3A836DF172B: client=140.16.183.261.com[140.16.183.261], sasl_method=PLAIN, sasl_username=summer_white
May 19 17:27:24 mailserv postfix/cleanup[17455]: 3A836DF172B: message-id=<4237917579@domain.test>
May 19 17:28:10 mailserv postfix/smtpd[26118]: 928FA28BE82: client=23.259.44.76.com[23.259.44.76], sasl_method=PLAIN, sasl_username=mohammed_abu
May 19 17:28:10 mailserv postfix/cleanup[17455]: 928FA28BE82: message-id=<4237917580@domain.test>
May 19 17:28:46 mailserv postfix/qmgr[5252]: 928FA28BE82: from=<moabu@bigadmin.test>, size=13387, nrcpt=3 (queue active)
May 19 17:28:46 mailserv postfix/smtp[26911]: 928FA28BE82: to=<0lf072hbsq@someuser.test>, relay=127.0.0.1[127.0.0.1]:25, delay=0.9, delays=0.44/0.01/0.16/0.3, dsn=2.0.0, status=sent (250 2.0.0 OK 1456292320 l4si1610122wja.105 - gsmtp)
May 19 17:28:46 mailserv postfix/qmgr[5252]: 928FA28BE82: removed
May 19 17:28:49 mailserv postfix/smtpd[26118]: 64CB3BF918A: client=162.24.93.260.com[162.24.93.260], sasl_method=PLAIN, sasl_username=tracie_wright
May 19 17:28:49 mailserv postfix/cleanup[17455]: 64CB3BF918A: message-id=<4237917581@domain.test>
May 19 17:28:52 mailserv postfix/qmgr[5252]: D591BA0057D: from=<jjones@network.test>, size=5923, nrcpt=3 (queue active)
May 19 17:28:52 mailserv postfix/smtp[26911]: D591BA0057D: to=<qbjsw2167l@someuser.test>, relay=127.0.0.1[127.0.0.1]:25, delay=0.9, delays=0.44/0.01/0.16/0.3, dsn=2.0.0, status=sent (250 2.0.0 OK 1456292320 l4si1610122wja.105 - gsmtp)
May 19 17:28:52 mailserv postfix/qmgr[5252]: D591BA0057D: removed
May 19 17:29:25 mailserv postfix/smtpd[26118]: 3F07A64BE32: client=204.192.273.15.com[204.192.273.15], sasl_method=PLAIN, sasl_username=zahara_oswald
May 19 17:29:25 mailserv postfix/cleanup[17455]: 3F07A64BE32: message-id=<4237917582@domain.test>
May 19 17:29:32 mailserv postfix/qmgr[5252]: 3A836DF172B: from=<summerflowers@arkel.test>, size=11119, nrcpt=3 (queue active)
May 19 17:29:32 mailserv postfix/smtp[26911]: 3A836DF172B: to=<7w9bz4kxxj@someuser.test>, relay=127.0.0.1[127.0.0.1]:25, delay=0.9, delays=0.44/0.01/0.16/0.3, dsn=2.0.0, status=sent (250 2.0.0 OK 1456292320 l4si1610122wja.105 - gsmtp)
May 19 17:29:32 mailserv postfix/qmgr[5252]: 3A836DF172B: removed
May 19 17:29:37 mailserv postfix/qmgr[5252]: 64CB3BF918A: from=<tracie4@limejello.test>, size=14896, nrcpt=3 (queue active)
May 19 17:29:37 mailserv postfix/smtp[26911]: 64CB3BF918A: to=<4omaw730tl@someuser.test>, relay=127.0.0.1[127.0.0.1]:25, delay=0.9, delays=0.44/0.01/0.16/0.3, dsn=2.0.0, status=sent (250 2.0.0 OK 1456292320 l4si1610122wja.105 - gsmtp)
May 19 17:29:37 mailserv postfix/qmgr[5252]: 64CB3BF918A: removed
May 19 17:30:16 mailserv postfix/smtpd[26118]: 8C193AD93FD: client=61.90.263.71.com[61.90.263.71], sasl_method=PLAIN, sasl_username=quincy_young
May 19 17:30:16 mailserv postfix/cleanup[17455]: 8C193AD93FD: message-id=<4237917583@domain.test>
May 19 17:30:30 mailserv postfix/qmgr[5252]: 3F07A64BE32: from=<zo@victory.test>, size=10560, nrcpt=3 (queue active)
May 19 17:30:30 mailserv postfix/smtp[26911]: 3F07A64BE32: to=<5y8nrvxvh1@someuser.test>, relay=127.0.0.1[127.0.0.1]:25, delay=0.9, delays=0.44/0.01/0.16/0.3, dsn=2.0.0, status=sent (250 2.0.0 OK 1456292320 l4si1610122wja.105 - gsmtp)
May 19 17:30:30 mailserv postfix/qmgr[5252]: 3F07A64BE32: removed
May 19 17:30:51 mailserv postfix/qmgr[5252]: 93AF9EC0382: from=<gp@helipads.test>, size=3094, nrcpt=3 (queue active)
May 19 17:30:51 mailserv postfix/smtp[26911]: 93AF9EC0382: to=<0tzx8gl9tf@someuser.test>, relay=127.0.0.1[127.0.0.1]:25, delay=0.9, delays=0.44/0.01/0.16/0.3, dsn=2.0.0, status=sent (250 2.0.0 OK 1456292320 l4si1610122wja.105 - gsmtp)
May 19 17:30:51 mailserv postfix/qmgr[5252]: 93AF9EC0382: removed
May 19 17:31:15 mailserv postfix/smtpd[26118]: 82EB83A63FD: client=24.267.98.35.com[24.267.98.35], sasl_method=PLAIN, sasl_username=nelson_carter
May 19 17:31:15 mailserv postfix/cleanup[17455]: 82EB83A63FD: message-id=<4237917584@domain.test>
May 19 17:31:31 mailserv postfix/qmgr[5252]: 8C193AD93FD: from=<quicny@everyoung.test>, size=10802, nrcpt=3 (queue active)
May 19 17:31:31 mailserv postfix/smtp[26911]: 8C193AD93FD: to=<f0a9x213xq@someuser.test>, relay=127.0.0.1[127.0.0.1]:25, delay=0.9, delays=0.44/0.01/0.16/0.3, dsn=2.0.0, status=sent (250 2.0.0 OK 1456292320 l4si1610122wja.105 - gsmtp)
May 19 17:31:31 mailserv postfix/qmgr[5252]: 8C193AD93FD: removed
May 19 17:31:52 mailserv postfix/smtpd[26118]: 3A836DF172B: client=140.16.183.261.com[140.16.183.261], sasl_method=PLAIN, sasl_username=summer_white
May 19 17:31:52 mailserv postfix/cleanup[17455]: 3A836DF172B: message-id=<4237917585@domain.test>
May 19 17:32:41 mailserv postfix/smtpd[26118]: D591BA0057D: client=182.261.93.102.com[182.261.93.102], sasl_method=PLAIN, sasl_username=james_joseph
May 19 17:32:41 mailserv postfix/cleanup[17455]: D591BA0057D: message-id=<4237917586@domain.test>
May 19 17:32:45 mailserv postfix/smtpd[26118]: D591BA0057D: client=182.261.93.102.com[182.261.93.102], sasl_method=PLAIN, sasl_username=james_joseph
May 19 17:32:45 mailserv postfix/cleanup[17455]: D591BA0057D: message-id=<4237917587@domain.test>
May 19 17:32:49 mailserv postfix/smtpd[26118]: D591BA0057D: client=182.261.93.102.com[182.261.93.102], sasl_method=PLAIN, sasl_username=james_joseph
May 19 17:32:49 mailserv postfix/cleanup[17455]: D591BA0057D: message-id=<4237917588@domain.test>
May 19 17:32:54 mailserv postfix/smtpd[26118]: 5EBC72D19B2: client=42.182.273.80.com[42.182.273.80], sasl_method=PLAIN, sasl_username=claire_rogers
May 19 17:32:54 mailserv postfix/cleanup[17455]: 5EBC72D19B2: message-id=<4237917589@domain.test>
May 19 17:33:06 mailserv postfix/qmgr[5252]: D591BA0057D: from=<jjones@network.test>, size=7642, nrcpt=3 (queue active)
May 19 17:33:06 mailserv postfix/smtp[26911]: D591BA0057D: to=<vrbiqnz5zc@someuser.test>, relay=127.0.0.1[127.0.0.1]:25, delay=0.9, delays=0.44/0.01/0.16/0.3, dsn=2.0.0, status=sent (250 2.0.0 OK 1456292320 l4si1610122wja.105 - gsmtp)
May 19 17:33:06 mailserv postfix/qmgr[5252]: D591BA0057D: removed
May 19 17:33:28 mailserv postfix/qmgr[5252]: 3A836DF172B: from=<summerflowers@arkel.test>, size=3425, nrcpt=3 (queue active)
May 19 17:33:28 mailserv postfix/smtp[26911]: 3A836DF172B: to=<9gbd5e5kyd@someuser.test>, relay=127.0.0.1[127.0.0.1]:25, delay=0.9, delays=0.44/0.01/0.16/0.3, dsn=2.0.0, status=sent (250 2.0.0 OK 1456292320 l4si1610122wja.105 - gsmtp)
May 19 17:33:28 mailserv postfix/qmgr[5252]: 3A836DF172B: removed
May 19 17:33:40 mailserv postfix/smtpd[26118]: 3F07A64BE32: client=204.192.273.15.com[204.192.273.15], sasl_method=PLAIN, sasl_username=zahara_oswald
May 19 17:33:40 mailserv postfix/cleanup[17455]: 3F07A64BE32: message-id=<4237917590@domain.test>
May 19 17:34:05 mailserv postfix/qmgr[5252]: 82EB83A63FD: from=<nelson@fastfoodfast.test>, size=6189, nrcpt=3 (queue active)
May 19 17:34:05 mailserv postfix/smtp[26911]: 82EB83A63FD: to=<ptfbgzxkox@someuser.test>, relay=127.0.0.1[127.0.0.1]:25, delay=0.9, delays=0.44/0.01/0.16/0.3, dsn=2.0.0, status=sent (250 2.0.0 OK 1456292320 l4si1610122wja.105 - gsmtp)
May 19 17:34:05 mailserv postfix/qmgr[5252]: 82EB83A63FD: removed
May 19 17:34:20 mailserv postfix/smtpd[26118]: D591BA0057D: client=182.261.93.102.com[182.261.93.102], sasl_method=PLAIN, sasl_username=james_joseph
May 19 17:34:20 mailserv postfix/cleanup[17455]: D591BA0057D: message-id=<4237917591@domain.test>
May 19 17:34:24 mailserv postfix/smtpd[26118]: C982C3B392E: client=257.82.34.128.com[257.82.34.128], sasl_method=PLAIN, sasl_username=finn_adams
May 19 17:34:24 mailserv postfix/cleanup[17455]: C982C3B392E: message-id=<4237917592@domain.test>
May 19 17:35:07 mailserv postfix/smtpd[26118]: 5A93DF738D3: client=103.77.258.19.com[103.77.258.19], sasl_method=PLAIN, sasl_username=suni_ruhl
May 19 17:35:07 mailserv postfix/cleanup[17455]: 5A93DF738D3: message-id=<4237917593@domain.test>
May 19 17:35:18 mailserv postfix/qmgr[5252]: C982C3B392E: from=<finnadams@remvisions.test>, size=5002, nrcpt=3 (queue active)
May 19 17:35:18 mailserv postfix/smtp[26911]: C982C3B392E: to=<5945ebx1uz@someuser.test>, relay=127.0.0.1[127.0.0.1]:25, delay=0.9, delays=0.44/0.01/0.16/0.3, dsn=2.0.0, status=sent (250 2.0.0 OK 1456292320 l4si1610122wja.105 - gsmtp)
May 19 17:35:18 mailserv postfix/qmgr[5252]: C982C3B392E: removed
May 19 17:35:58 mailserv postfix/smtpd[26118]: 8A27B3FE436: client=267.81.97.162.com[267.81.97.162], sasl_method=PLAIN, sasl_username=tyler_crisp
May 19 17:35:58 mailserv postfix/cleanup[17455]: 8A27B3FE436: message-id=<4237917594@domain.test>
May 19 17:36:41 mailserv postfix/smtpd[26118]: 5B3AF08C581: client=97.6.263.84.com[97.6.263.84], sasl_method=PLAIN, sasl_username=mike_redman
May 19 17:36:41 mailserv postfix/cleanup[17455]: 5B3AF08C581: message-id=<4237917595@domain.test>
May 19 17:37:00 mailserv postfix/qmgr[5252]: 5EBC72D19B2: from=<claire2001@appleby.test>, size=13887, nrcpt=3 (queue active)
May 19 17:37:00 mailserv postfix/smtp[26911]: 5EBC72D19B2: to=<t3kwfb67m5@someuser.test>, relay=127.0.0.1[127.0.0.1]:25, delay=0.9, delays=0.44/0.01/0.16/0.3, dsn=2.0.0, status=sent (250 2.0.0 OK 1456292320 l4si1610122wja.105 - gsmtp)
May 19 17:37:00 mailserv postfix/qmgr[5252]: 5EBC72D19B2: removed
May 19 17:37:01 mailserv postfix/qmgr[5252]: 3F07A64BE32: from=<zo@victory.test>, size=5964, nrcpt=3 (queue active)
May 19 17:37:01 mailserv postfix/smtp[26911]: 3F07A64BE32: to=<k0mmj16wx7@someuser.test>, relay=127.0.0.1[127.0.0.1]:25, delay=0.9, delays=0.44/0.01/0.16/0.3, dsn=2.0.0, status=sent (250 2.0.0 OK 1456292320 l4si1610122wja.105 - gsmtp)
May 19 17:37:01 mailserv postfix/qmgr[5252]: 3F07A64BE32: removed
May 19 17:37:33 mailserv postfix/qmgr[5252]: D591BA0057D: from=<jjones@network.test>, size=9665, nrcpt=3 (queue active)
May 19 17:37:33 mailserv postfix/smtp[26911]: D591BA0057D: to=<yo50s4xhir@someuser.test>, relay=127.0.0.1[127.0.0.1]:25, delay=0.9, delays=0.44/0.01/0.16/0.3, dsn=2.0.0, status=sent (250 2.0.0 OK 1456292320 l4si1610122wja.105 - gsmtp)
May 19 17:37:33 mailserv postfix/qmgr[5252]: D591BA0057D: removed
May 19 17:37:34 mailserv postfix/smtpd[26118]: 2BFA93DB287: client=90.47.264.53.com[90.47.264.53], sasl_method=PLAIN, sasl_username=paula_hamilton
May 19 17:37:34 mailserv postfix/cleanup[17455]: 2BFA93DB287: message-id=<4237917596@domain.test>
May 19 17:37:36 mailserv postfix/qmgr[5252]: D591BA0057D: from=<jjones@network.test>, size=4331, nrcpt=3 (queue active)
May 19 17:37:36 mailserv postfix/smtp[26911]: D591BA0057D: to=<1tjtfpdhir@someuser.test>, relay=127.0.0.1[127.0.0.1]:25, delay=0.9, delays=0.44/0.01/0.16/0.3, dsn=2.0.0, status=sent (250 2.0.0 OK 1456292320 l4si1610122wja.105 - gsmtp)
May 19 17:37:36 mailserv postfix/qmgr[5252]: D591BA0057D: removed
May 19 17:38:17 mailserv postfix/smtpd[26118]: A937F8310B3: client=242.293.7.54.com[242.293.7.54], sasl_method=PLAIN, sasl_username=fred_hammond
May 19 17:38:17 mailserv postfix/cleanup[17455]: A937F8310B3: message-id=<4237917597@domain.test>
May 19 17:38:24 mailserv postfix/qmgr[5252]: 5A93DF738D3: from=<suni@ruhlpackaging.test>, size=9671, nrcpt=3 (queue active)
May 19 17:38:24 mailserv postfix/smtp[26911]: 5A93DF738D3: to=<3pjjayepgb@someuser.test>, relay=127.0.0.1[127.0.0.1]:25, delay=0.9, delays=0.44/0.01/0.16/0.3, dsn=2.0.0, status=sent (250 2.0.0 OK 1456292320 l4si1610122wja.105 - gsmtp)
May 19 17:38:24 mailserv postfix/qmgr[5252]: 5A93DF738D3: removed
May 19 17:38:42 mailserv postfix/qmgr[5252]: D591BA0057D: from=<jjones@network.test>, size=14773, nrcpt=3 (queue active)
May 19 17:38:42 mailserv postfix/smtp[26911]: D591BA0057D: to=<ja70vr6rnt@someuser.test>, relay=127.0.0.1[127.0.0.1]:25, delay=0.9, delays=0.44/0.01/0.16/0.3, dsn=2.0.0, status=sent (250 2.0.0 OK 1456292320 l4si1610122wja.105 - gsmtp)
May 19 17:38:42 mailserv postfix/qmgr[5252]: D591BA0057D: removed
May 19 17:39:01 mailserv postfix/smtpd[26118]: 5B3AF08C581: client=97.6.263.84.com[97.6.263.84], sasl_method=PLAIN, sasl_username=mike_redman
May 19 17:39:01 mailserv postfix/cleanup[17455]: 5B3AF08C581: message-id=<4237917598@domain.test>
May 19 17:39:02 mailserv postfix/qmgr[5252]: 5B3AF08C581: from=<mredman@redenterprises.test>, size=7952, nrcpt=3 (queue active)
May 19 17:39:02 mailserv postfix/smtp[26911]: 5B3AF08C581: to=<8d30px6vtm@someuser.test>, relay=127.0.0.1[127.0.0.1]:25, delay=0.9, delays=0.44/0.01/0.16/0.3, dsn=2.0.0, status=sent (250 2.0.0 OK 1456292320 l4si1610122wja.105 - gsmtp)
May 19 17:39:02 mailserv postfix/qmgr[5252]: 5B3AF08C581: removed
May 19 17:39:32 mailserv postfix/smtpd[26118]: 4C80AD2937B: client=52.21.263.17.com[52.21.263.17], sasl_method=PLAIN, sasl_username=angus_beatty
May 19 17:39:32 mailserv postfix/cleanup[17455]: 4C80AD2937B: message-id=<4237917599@domain.test>
May 19 17:40:14 mailserv postfix/smtpd[26118]: 5B3AF08C581: client=97.6.263.84.com[97.6.263.84], sasl_method=PLAIN, sasl_username=mike_redman
May 19 17:40:14 mailserv postfix/cleanup[17455]: 5B3AF08C581: message-id=<4237917600@domain.test>
May 19 17:40:33 mailserv postfix/qmgr[5252]: 8A27B3FE436: from=<tcrisp97@kuhl.test>, size=7495, nrcpt=3 (queue active)
May 19 17:40:33 mailserv postfix/smtp[26911]: 8A27B3FE436: to=<pg35y91e1i@someuser.test>, relay=127.0.0.1[127.0.0.1]:25, delay=0.9, delays=0.44/0.01/0.16/0.3, dsn=2.0.0, status=sent (250 2.0.0 OK 1456292320 l4si1610122wja.105 - gsmtp)
May 19 17:40:33 mailserv postfix/qmgr[5252]: 8A27B3FE436: removed
May 19 17:41:10 mailserv postfix/smtpd[26118]: 1F9E3B29C39: client=259.21.83.128.com[259.21.83.128], sasl_method=PLAIN, sasl_username=mia_doijan
May 19 17:41:10 mailserv postfix/cleanup[17455]: 1F9E3B29C39: message-id=<4237917601@domain.test>
May 19 17:41:12 mailserv postfix/qmgr[5252]: A937F8310B3: from=<fredh16@meager.test>, size=14913, nrcpt=3 (queue active)
May 19 17:41:12 mailserv postfix/smtp[26911]: A937F8310B3: to=<3shwqndfxe@someuser.test>, relay=127.0.0.1[127.0.0.1]:25, delay=0.9, delays=0.44/0.01/0.16/0.3, dsn=2.0.0, status=sent (250 2.0.0 OK 1456292320 l4si1610122wja.105 - gsmtp)
May 19 17:41:12 mailserv postfix/qmgr[5252]: A937F8310B3: removed
May 19 17:41:41 mailserv postfix/smtpd[26118]: 3BF108C5F37: client=94.3.197.258.com[94.3.197.258], sasl_method=PLAIN, sasl_username=lola_noorfuld
May 19 17:41:41 mailserv postfix/cleanup[17455]: 3BF108C5F37: message-id=<4237917602@domain.test>
May 19 17:41:50 mailserv postfix/qmgr[5252]: 4C80AD2937B: from=<abeatty92@newdawn.test>, size=4153, nrcpt=3 (queue active)
May 19 17:41:50 mailserv postfix/smtp[26911]: 4C80AD2937B: to=<t2rj9b9bz6@someuser.test>, relay=127.0.0.1[127.0.0.1]:25, delay=0.9, delays=0.44/0.01/0.16/0.3, dsn=2.0.0, status=sent (250 2.0.0 OK 1456292320 l4si1610122wja.105 - gsmtp)
May 19 17:41:50 mailserv postfix/qmgr[5252]: 4C80AD2937B: removed
May 19 17:41:55 mailserv postfix/qmgr[5252]: 2BFA93DB287: from=<phamilton@radars.test>, size=14690, nrcpt=3 (queue active)
May 19 17:41:55 mailserv postfix/smtp[26911]: 2BFA93DB287: to=<zpgns6373b@someuser.test>, relay=127.0.0.1[127.0.0.1]:25, delay=0.9, delays=0.44/0.01/0.16/0.3, dsn=2.0.0, status=sent (250 2.0.0 OK 1456292320 l4si1610122wja.105 - gsmtp)
May 19 17:41:55 mailserv postfix/qmgr[5252]: 2BFA93DB287: removed
May 19 17:42:18 mailserv postfix/smtpd[26118]: D591BA0057D: client=182.261.93.102.com[182.261.93.102], sasl_method=PLAIN, sasl_username=james_joseph
May 19 17:42:18 mailserv postfix/cleanup[17455]: D591BA0057D: message-id=<4237917603@domain.test>
May 19 17:42:23 mailserv postfix/smtpd[26118]: E492CA9175D: client=79.192.257.81.com[79.192.257.81], sasl_method=PLAIN, sasl_username=yi_lang
May 19 17:42:23 mailserv postfix/cleanup[17455]: E492CA9175D: message-id=<4237917604@domain.test>
May 19 17:42:33 mailserv postfix/qmgr[5252]: 5B3AF08C581: from=<mredman@redenterprises.test>, size=4787, nrcpt=3 (queue active)
May 19 17:42:33 mailserv postfix/smtp[26911]: 5B3AF08C581: to=<svgezjnxwd@someuser.test>, relay=127.0.0.1[127.0.0.1]:25, delay=0.9, delays=0.44/0.01/0.16/0.3, dsn=2.0.0, status=sent (250 2.0.0 OK 1456292320 l4si1610122wja.105 - gsmtp)
May 19 17:42:33 mailserv postfix/qmgr[5252]: 5B3AF08C581: removed
May 19 17:42:53 mailserv postfix/smtpd[26118]: E9578A0057C: client=62.266.8.94.com[62.266.8.94], sasl_method=PLAIN, sasl_username=tony_andrews
May 19 17:42:53 mailserv postfix/cleanup[17455]: E9578A0057C: message-id=<4237917605@domain.test>
May 19 17:43:04 mailserv postfix/qmgr[5252]: 5B3AF08C581: from=<mredman@redenterprises.test>, size=11528, nrcpt=3 (queue active)
May 19 17:43:04 mailserv postfix/smtp[26911]: 5B3AF08C581: to=<hsr32vg9d0@someuser.test>, relay=127.0.0.1[127.0.0.1]:25, delay=0.9, delays=0.44/0.01/0.16/0.3, dsn=2.0.0, status=sent (250 2.0.0 OK 1456292320 l4si1610122wja.105 - gsmtp)
May 19 17:43:04 mailserv postfix/qmgr[5252]: 5B3AF08C581: removed
May 19 17:43:17 mailserv postfix/qmgr[5252]: D591BA0057D: from=<jjones@network.test>, size=11995, nrcpt=3 (queue active)
May 19 17:43:17 mailserv postfix/smtp[26911]: D591BA0057D: to=<f2md1j3i3u@someuser.test>, relay=127.0.0.1[127.0.0.1]:25, delay=0.9, delays=0.44/0.01/0.16/0.3, dsn=2.0.0, status=sent (250 2.0.0 OK 1456292320 l4si1610122wja.105 - gsmtp)
May 19 17:43:17 mailserv postfix/qmgr[5252]: D591BA0057D: removed
May 19 17:43:39 mailserv postfix/smtpd[26118]: 01E30A005AE: client=76.240.191.283.com[76.240.191.283], sasl_method=PLAIN, sasl_username=edward_birch
May 19 17:43:39 mailserv postfix/cleanup[17455]: 01E30A005AE: message-id=<4237917606@domain.test>
May 19 17:44:10 mailserv postfix/qmgr[5252]: E492CA9175D: from=<yiiii@ingrid.test>, size=10238, nrcpt=3 (queue active)
May 19 17:44:10 mailserv postfix/smtp[26911]: E492CA9175D: to=<vxx84va8c1@someuser.test>, relay=127.0.0.1[127.0.0.1]:25, delay=0.9, delays=0.44/0.01/0.16/0.3, dsn=2.0.0, status=sent (250 2.0.0 OK 1456292320 l4si1610122wja.105 - gsmtp)
May 19 17:44:10 mailserv postfix/qmgr[5252]: E492CA9175D: removed
May 19 17:44:23 mailserv postfix/smtpd[26118]: C837B51A8E6: client=38.14.296.47.com[38.14.296.47], sasl_method=PLAIN, sasl_username=alice_smith
May 19 17:44:23 mailserv postfix/cleanup[17455]: C837B51A8E6: message-id=<4237917607@domain.test>
May 19 17:44:50 mailserv postfix/qmgr[5252]: E9578A0057C: from=<tonytigger@ashfield.test>, size=13630, nrcpt=3 (queue active)
May 19 17:44:50 mailserv postfix/smtp[26911]: E9578A0057C: to=<ykkow94aop@someuser.test>, relay=127.0.0.1[127.0.0.1]:25, delay=0.9, delays=0.44/0.01/0.16/0.3, dsn=2.0.0, status=sent (250 2.0.0 OK 1456292320 l4si1610122wja.105 - gsmtp)
May 19 17:44:50 mailserv postfix/qmgr[5252]: E9578A0057C: removed
May 19 17:45:19 mailserv postfix/smtpd[26118]: 092BE29C374: client=208.44.259.61.com[208.44.259.61], sasl_method=PLAIN, sasl_username=chuck_bintar
May 19 17:45:19 mailserv postfix/cleanup[17455]: 092BE29C374: message-id=<4237917608@domain.test>
May 19 17:45:29 mailserv postfix/qmgr[5252]: 1F9E3B29C39: from=<miaiam@singstarz.test>, size=10618, nrcpt=3 (queue active)
May 19 17:45:29 mailserv postfix/smtp[26911]: 1F9E3B29C39: to=<f2sv83vxyf@someuser.test>, relay=127.0.0.1[127.0.0.1]:25, delay=0.9, delays=0.44/0.01/0.16/0.3, dsn=2.0.0, status=sent (250 2.0.0 OK 1456292320 l4si1610122wja.105 - gsmtp)
May 19 17:45:29 mailserv postfix/qmgr[5252]: 1F9E3B29C39: removed
May 19 17:45:35 mailserv postfix/qmgr[5252]: 01E30A005AE: from=<eddyb@grading.test>, size=11444, nrcpt=3 (queue active)
May 19 17:45:35 mailserv postfix/smtp[26911]: 01E30A005AE: to=<p34bhgs19n@someuser.test>, relay=127.0.0.1[127.0.0.1]:25, delay=0.9, delays=0.44/0.01/0.16/0.3, dsn=2.0.0, status=sent (250 2.0.0 OK 1456292320 l4si1610122wja.105 - gsmtp)
May 19 17:45:35 mailserv postfix/qmgr[5252]: 01E30A005AE: removed
May 19 17:45:42 mailserv postfix/qmgr[5252]: 3BF108C5F37: from=<lolan@noorfulds.test>, size=12032, nrcpt=3 (queue active)
May 19 17:45:42 mailserv postfix/smtp[26911]: 3BF108C5F37: to=<a1y4o1mkxm@someuser.test>, relay=127.0.0.1[127.0.0.1]:25, delay=0.9, delays=0.44/0.01/0.16/0.3, dsn=2.0.0, status=sent (250 2.0.0 OK 1456292320 l4si1610122wja.105 - gsmtp)
May 19 17:45:42 mailserv postfix/qmgr[5252]: 3BF108C5F37: removed
May 19 17:46:01 mailserv postfix/smtpd[26118]: D591BA0057D: client=182.261.93.102.com[182.261.93.102], sasl_method=PLAIN, sasl_username=james_joseph
May 19 17:46:01 mailserv postfix/cleanup[17455]: D591BA0057D: message-id=<4237917609@domain.test>
May 19 17:46:05 mailserv postfix/smtpd[26118]: D591BA0057D: client=182.261.93.102.com[182.261.93.102], sasl_method=PLAIN, sasl_username=james_joseph
May 19 17:46:05 mailserv postfix/cleanup[17455]: D591BA0057D: message-id=<4237917610@domain.test>
May 19 17:46:10 mailserv postfix/smtpd[26118]: 5EBC72D19B2: client=42.182.273.80.com[42.182.273.80], sasl_method=PLAIN, sasl_username=claire_rogers
May 19 17:46:10 mailserv postfix/cleanup[17455]: 5EBC72D19B2: message-id=<4237917611@domain.test>
May 19 17:47:07 mailserv postfix/smtpd[26118]: 928FA28BE82: client=23.259.44.76.com[23.259.44.76], sasl_method=PLAIN, sasl_username=mohammed_abu
May 19 17:47:07 mailserv postfix/cleanup[17455]: 928FA28BE82: message-id=<4237917612@domain.test>
May 19 17:47:29 mailserv postfix/qmgr[5252]: 928FA28BE82: from=<moabu@bigadmin.test>, size=14443, nrcpt=3 (queue active)
May 19 17:47:29 mailserv postfix/smtp[26911]: 928FA28BE82: to=<2l7jqddrgx@someuser.test>, relay=127.0.0.1[127.0.0.1]:25, delay=0.9, delays=0.44/0.01/0.16/0.3, dsn=2.0.0, status=sent (250 2.0.0 OK 1456292320 l4si1610122wja.105 - gsmtp)
May 19 17:47:29 mailserv postfix/qmgr[5252]: 928FA28BE82: removed
May 19 17:47:42 mailserv postfix/qmgr[5252]: 092BE29C374: from=<chuckbintar@octopusgloves.test>, size=3656, nrcpt=3 (queue active)
May 19 17:47:42 mailserv postfix/smtp[26911]: 092BE29C374: to=<sturubd5ja@someuser.test>, relay=127.0.0.1[127.0.0.1]:25, delay=0.9, delays=0.44/0.01/0.16/0.3, dsn=2.0.0, status=sent (250 2.0.0 OK 1456292320 l4si1610122wja.105 - gsmtp)
May 19 17:47:42 mailserv postfix/qmgr[5252]: 092BE29C374: removed
May 19 17:48:02 mailserv postfix/smtpd[26118]: 0E6C9A004CE: client=18.278.94.126.com[18.278.94.126], sasl_method=PLAIN, sasl_username=sam_jones
May 19 17:48:02 mailserv postfix/cleanup[17455]: 0E6C9A004CE: message-id=<4237917613@domain.test>
May 19 17:48:16 mailserv postfix/qmgr[5252]: C837B51A8E6: from=<alicesmith7@nosite.test>, size=13247, nrcpt=3 (queue active)
May 19 17:48:16 mailserv postfix/smtp[26911]: C837B51A8E6: to=<mu70wbcjz0@someuser.test>, relay=127.0.0.1[127.0.0.1]:25, delay=0.9, delays=0.44/0.01/0.16/0.3, dsn=2.0.0, status=sent (250 2.0.0 OK 1456292320 l4si1610122wja.105 - gsmtp)
May 19 17:48:16 mailserv postfix/qmgr[5252]: C837B51A8E6: removed
May 19 17:48:43 mailserv postfix/smtpd[26118]: D591BA0057D: client=182.261.93.102.com[182.261.93.102], sasl_method=PLAIN, sasl_username=james_joseph
May 19 17:48:43 mailserv postfix/cleanup[17455]: D591BA0057D: message-id=<4237917614@domain.test>
May 19 17:48:47 mailserv postfix/smtpd[26118]: 01E30A005AE: client=76.240.191.283.com[76.240.191.283], sasl_method=PLAIN, sasl_username=edward_birch
May 19 17:48:47 mailserv postfix/cleanup[17455]: 01E30A005AE: message-id=<4237917615@domain.test>
May 19 17:49:32 mailserv postfix/qmgr[5252]: D591BA0057D: from=<jjones@network.test>, size=9762, nrcpt=3 (queue active)
May 19 17:49:32 mailserv postfix/smtp[26911]: D591BA0057D: to=<7emlnjv7wr@someuser.test>, relay=127.0.0.1[127.0.0.1]:25, delay=0.9, delays=0.44/0.01/0.16/0.3, dsn=2.0.0, status=sent (250 2.0.0 OK 1456292320 l4si1610122wja.105 - gsmtp)
May 19 17:49:32 mailserv postfix/qmgr[5252]: D591BA0057D: removed
May 19 17:49:38 mailserv postfix/smtpd[26118]: 4C80AD2937B: client=52.21.263.17.com[52.21.263.17], sasl_method=PLAIN, sasl_username=angus_beatty
May 19 17:49:38 mailserv postfix/cleanup[17455]: 4C80AD2937B: message-id=<4237917616@domain.test>
May 19 17:49:41 mailserv postfix/qmgr[5252]: 5EBC72D19B2: from=<claire2001@appleby.test>, size=12966, nrcpt=3 (queue active)
May 19 17:49:41 mailserv postfix/smtp[26911]: 5EBC72D19B2: to=<7c3chkxfnd@someuser.test>, relay=127.0.0.1[127.0.0.1]:25, delay=0.9, delays=0.44/0.01/0.16/0.3, dsn=2.0.0, status=sent (250 2.0.0 OK 1456292320 l4si1610122wja.105 - gsmtp)
May 19 17:49:41 mailserv postfix/qmgr[5252]: 5EBC72D19B2: removed
May 19 17:50:04 mailserv postfix/qmgr[5252]: D591BA0057D: from=<jjones@network.test>, size=8990, nrcpt=3 (queue active)
May 19 17:50:04 mailserv postfix/smtp[26911]: D591BA0057D: to=<lqvvi46u1c@someuser.test>, relay=127.0.0.1[127.0.0.1]:25, delay=0.9, delays=0.44/0.01/0.16/0.3, dsn=2.0.0, status=sent (250 2.0.0 OK 1456292320 l4si1610122wja.105 - gsmtp)
May 19 17:50:04 mailserv postfix/qmgr[5252]: D591BA0057D: removed
May 19 17:50:08 mailserv postfix/smtpd[26118]: 0E6C9A004CE: client=103.97.278.82.com[103.97.278.82], sasl_method=PLAIN, sasl_username=robert_biggins
May 19 17:50:08 mailserv postfix/cleanup[17455]: 0E6C9A004CE: message-id=<4237917617@domain.test>
