192.168.29.1 - - [17/Sep/2018:02:37:37 -0700] "POST /wp-admin/admin-ajax.php HTTP/1.1" 200 614 "http://192.168.29.135/wp-admin/" "Mozilla/5.0 (Windows NT 10.0; Win64; x64) AppleWebKit/537.36 (KHTML, like Gecko) Chrome/68.0.3440.106 Safari/537.36"
192.168.29.1 - - [17/Sep/2018:02:37:58 -0700] "GET / HTTP/1.1" 200 20528 "-" "Mozilla/5.0 (Windows NT 10.0; Win64; x64) AppleWebKit/537.36 (KHTML, like Gecko) Chrome/68.0.3440.106 Safari/537.36"
192.168.29.1 - - [17/Sep/2018:02:38:01 -0700] "GET /wp-admin/profile.php HTTP/1.1" 200 9760 "http://192.168.29.135/" "Mozilla/5.0 (Windows NT 10.0; Win64; x64) AppleWebKit/537.36 (KHTML, like Gecko) Chrome/68.0.3440.106 Safari/537.36"
192.168.29.1 - - [17/Sep/2018:02:38:04 -0700] "GET /wp-admin/profile.php HTTP/1.1" 200 9763 "http://192.168.29.135/wp-admin/profile.php" "Mozilla/5.0 (Windows NT 10.0; Win64; x64) AppleWebKit/537.36 (KHTML, like Gecko) Chrome/68.0.3440.106 Safari/537.36"
192.168.29.1 - - [17/Sep/2018:02:38:06 -0700] "GET /wp-login.php?action=logout&_wpnonce=4d21579ad2 HTTP/1.1" 302 2622 "http://192.168.29.135/wp-admin/profile.php" "Mozilla/5.0 (Windows NT 10.0; Win64; x64) AppleWebKit/537.36 (KHTML, like Gecko) Chrome/68.0.3440.106 Safari/537.36"
192.168.29.1 - - [17/Sep/2018:02:38:06 -0700] "GET /wp-login.php?loggedout=true HTTP/1.1" 200 1727 "http://192.168.29.135/wp-admin/profile.php" "Mozilla/5.0 (Windows NT 10.0; Win64; x64) AppleWebKit/537.36 (KHTML, like Gecko) Chrome/68.0.3440.106 Safari/537.36"
192.168.29.1 - - [17/Sep/2018:02:38:10 -0700] "GET / HTTP/1.1" 200 18850 "-" "Mozilla/5.0 (Windows NT 10.0; Win64; x64) AppleWebKit/537.36 (KHTML, like Gecko) Chrome/68.0.3440.106 Safari/537.36"
192.168.29.129 - - [17/Sep/2018:02:38:34 -0700] "GET / HTTP/1.1" 200 18851 "-" "Mozilla/5.0 (Windows NT 10.0; Win64; x64) AppleWebKit/537.36 (KHTML, like Gecko) Chrome/69.0.3497.81 Safari/537.36"
192.168.29.129 - - [17/Sep/2018:02:38:34 -0700] "GET /wp-content/themes/twentyseventeen/assets/js/skip-link-focus-fix.js?ver=1.0 HTTP/1.1" 200 765 "http://192.168.29.135/" "Mozilla/5.0 (Windows NT 10.0; Win64; x64) AppleWebKit/537.36 (KHTML, like Gecko) Chrome/69.0.3497.81 Safari/537.36"
192.168.29.129 - - [17/Sep/2018:02:38:34 -0700] "GET /wp-includes/js/jquery/jquery-migrate.min.js?ver=1.4.1 HTTP/1.1" 200 4365 "http://192.168.29.135/" "Mozilla/5.0 (Windows NT 10.0; Win64; x64) AppleWebKit/537.36 (KHTML, like Gecko) Chrome/69.0.3497.81 Safari/537.36"
192.168.29.129 - - [17/Sep/2018:02:38:34 -0700] "GET /wp-content/themes/twentyseventeen/style.css?ver=4.9.8 HTTP/1.1" 200 16093 "http://192.168.29.135/" "Mozilla/5.0 (Windows NT 10.0; Win64; x64) AppleWebKit/537.36 (KHTML, like Gecko) Chrome/69.0.3497.81 Safari/537.36"
192.168.29.129 - - [17/Sep/2018:02:38:34 -0700] "GET /wp-includes/js/jquery/jquery.js?ver=1.12.4 HTTP/1.1" 200 34119 "http://192.168.29.135/" "Mozilla/5.0 (Windows NT 10.0; Win64; x64) AppleWebKit/537.36 (KHTML, like Gecko) Chrome/69.0.3497.81 Safari/537.36"
192.168.29.129 - - [17/Sep/2018:02:38:34 -0700] "GET /wp-content/themes/twentyseventeen/assets/images/header.jpg HTTP/1.1" 200 115143 "http://192.168.29.135/" "Mozilla/5.0 (Windows NT 10.0; Win64; x64) AppleWebKit/537.36 (KHTML, like Gecko) Chrome/69.0.3497.81 Safari/537.36"
192.168.29.129 - - [17/Sep/2018:02:38:35 -0700] "GET /wp-content/themes/twentyseventeen/assets/js/global.js?ver=1.0 HTTP/1.1" 200 2956 "http://192.168.29.135/" "Mozilla/5.0 (Windows NT 10.0; Win64; x64) AppleWebKit/537.36 (KHTML, like Gecko) Chrome/69.0.3497.81 Safari/537.36"
192.168.29.129 - - [17/Sep/2018:02:38:35 -0700] "GET /wp-content/themes/twentyseventeen/assets/js/jquery.scrollTo.js?ver=2.1.2 HTTP/1.1" 200 2759 "http://192.168.29.135/" "Mozilla/5.0 (Windows NT 10.0; Win64; x64) AppleWebKit/537.36 (KHTML, like Gecko) Chrome/69.0.3497.81 Safari/537.36"
192.168.29.129 - - [17/Sep/2018:02:38:35 -0700] "GET /wp-includes/js/wp-embed.min.js?ver=4.9.8 HTTP/1.1" 200 1099 "http://192.168.29.135/" "Mozilla/5.0 (Windows NT 10.0; Win64; x64) AppleWebKit/537.36 (KHTML, like Gecko) Chrome/69.0.3497.81 Safari/537.36"
192.168.29.129 - - [17/Sep/2018:02:38:35 -0700] "GET /wp-includes/js/wp-emoji-release.min.js?ver=4.9.8 HTTP/1.1" 200 4732 "http://192.168.29.135/" "Mozilla/5.0 (Windows NT 10.0; Win64; x64) AppleWebKit/537.36 (KHTML, like Gecko) Chrome/69.0.3497.81 Safari/537.36"
192.168.29.129 - - [17/Sep/2018:02:38:36 -0700] "GET /favicon.ico HTTP/1.1" 404 503 "http://192.168.29.135/" "Mozilla/5.0 (Windows NT 10.0; Win64; x64) AppleWebKit/537.36 (KHTML, like Gecko) Chrome/69.0.3497.81 Safari/537.36"
192.168.29.129 - - [17/Sep/2018:02:38:39 -0700] "GET /index.php/2018/09/14/shop-like-no-other/ HTTP/1.1" 200 20136 "http://192.168.29.135/" "Mozilla/5.0 (Windows NT 10.0; Win64; x64) AppleWebKit/537.36 (KHTML, like Gecko) Chrome/69.0.3497.81 Safari/537.36"
192.168.29.129 - - [17/Sep/2018:02:38:39 -0700] "GET /wp-includes/js/comment-reply.min.js?ver=4.9.8 HTTP/1.1" 200 937 "http://192.168.29.135/index.php/2018/09/14/shop-like-no-other/" "Mozilla/5.0 (Windows NT 10.0; Win64; x64) AppleWebKit/537.36 (KHTML, like Gecko) Chrome/69.0.3497.81 Safari/537.36"
192.168.29.129 - - [17/Sep/2018:02:39:09 -0700] "POST /wp-comments-post.php HTTP/1.1" 302 801 "http://192.168.29.135/index.php/2018/09/14/shop-like-no-other/" "Mozilla/5.0 (Windows NT 10.0; Win64; x64) AppleWebKit/537.36 (KHTML, like Gecko) Chrome/69.0.3497.81 Safari/537.36"
192.168.29.129 - - [17/Sep/2018:02:39:09 -0700] "GET /index.php/2018/09/14/shop-like-no-other/ HTTP/1.1" 200 20136 "http://192.168.29.135/index.php/2018/09/14/shop-like-no-other/" "Mozilla/5.0 (Windows NT 10.0; Win64; x64) AppleWebKit/537.36 (KHTML, like Gecko) Chrome/69.0.3497.81 Safari/537.36"
192.168.29.129 - - [17/Sep/2018:02:39:24 -0700] "GET /index.php/2018/09/14/shop-like-no-other/ HTTP/1.1" 200 20137 "http://192.168.29.135/index.php/2018/09/14/shop-like-no-other/" "Mozilla/5.0 (Windows NT 10.0; Win64; x64) AppleWebKit/537.36 (KHTML, like Gecko) Chrome/69.0.3497.81 Safari/537.36"
192.168.29.129 - - [17/Sep/2018:02:39:27 -0700] "GET /index.php/2018/09/14/shop-like-no-other/ HTTP/1.1" 200 20137 "http://192.168.29.135/index.php/2018/09/14/shop-like-no-other/" "Mozilla/5.0 (Windows NT 10.0; Win64; x64) AppleWebKit/537.36 (KHTML, like Gecko) Chrome/69.0.3497.81 Safari/537.36"
192.168.29.129 - - [17/Sep/2018:02:39:28 -0700] "GET /index.php/2018/09/14/hello-world/ HTTP/1.1" 200 20370 "http://192.168.29.135/index.php/2018/09/14/shop-like-no-other/" "Mozilla/5.0 (Windows NT 10.0; Win64; x64) AppleWebKit/537.36 (KHTML, like Gecko) Chrome/69.0.3497.81 Safari/537.36"
192.168.29.129 - - [17/Sep/2018:02:39:33 -0700] "GET / HTTP/1.1" 200 18850 "http://192.168.29.135/index.php/2018/09/14/hello-world/" "Mozilla/5.0 (Windows NT 10.0; Win64; x64) AppleWebKit/537.36 (KHTML, like Gecko) Chrome/69.0.3497.81 Safari/537.36"
192.168.29.129 - - [17/Sep/2018:02:39:43 -0700] "GET /README.html HTTP/1.1" 404 504 "-" "Mozilla/5.0 (Windows NT 10.0; Win64; x64) AppleWebKit/537.36 (KHTML, like Gecko) Chrome/69.0.3497.81 Safari/537.36"
192.168.29.129 - - [17/Sep/2018:02:39:51 -0700] "GET /README HTTP/1.1" 404 499 "-" "Mozilla/5.0 (Windows NT 10.0; Win64; x64) AppleWebKit/537.36 (KHTML, like Gecko) Chrome/69.0.3497.81 Safari/537.36"
192.168.29.1 - - [17/Sep/2018:02:41:43 -0700] "GET /wp-login.php HTTP/1.1" 200 1592 "http://192.168.29.135/" "Mozilla/5.0 (Windows NT 10.0; Win64; x64) AppleWebKit/537.36 (KHTML, like Gecko) Chrome/68.0.3440.106 Safari/537.36"
192.168.29.1 - - [17/Sep/2018:02:41:47 -0700] "POST /wp-login.php HTTP/1.1" 302 1119 "http://192.168.29.135/wp-login.php" "Mozilla/5.0 (Windows NT 10.0; Win64; x64) AppleWebKit/537.36 (KHTML, like Gecko) Chrome/68.0.3440.106 Safari/537.36"
192.168.29.1 - - [17/Sep/2018:02:41:47 -0700] "GET /wp-admin/ HTTP/1.1" 200 16699 "http://192.168.29.135/wp-login.php" "Mozilla/5.0 (Windows NT 10.0; Win64; x64) AppleWebKit/537.36 (KHTML, like Gecko) Chrome/68.0.3440.106 Safari/537.36"
192.168.29.1 - - [17/Sep/2018:02:41:51 -0700] "GET /wp-admin/edit-comments.php HTTP/1.1" 200 14243 "http://192.168.29.135/wp-admin/" "Mozilla/5.0 (Windows NT 10.0; Win64; x64) AppleWebKit/537.36 (KHTML, like Gecko) Chrome/68.0.3440.106 Safari/537.36"
192.168.29.1 - - [17/Sep/2018:02:41:54 -0700] "POST /wp-admin/admin-ajax.php HTTP/1.1" 200 927 "http://192.168.29.135/wp-admin/edit-comments.php" "Mozilla/5.0 (Windows NT 10.0; Win64; x64) AppleWebKit/537.36 (KHTML, like Gecko) Chrome/68.0.3440.106 Safari/537.36"
192.168.29.1 - - [17/Sep/2018:02:42:51 -0700] "POST /wp-admin/admin-ajax.php HTTP/1.1" 200 614 "http://192.168.29.135/wp-admin/edit-comments.php" "Mozilla/5.0 (Windows NT 10.0; Win64; x64) AppleWebKit/537.36 (KHTML, like Gecko) Chrome/68.0.3440.106 Safari/537.36"
192.168.29.1 - - [17/Sep/2018:02:43:51 -0700] "POST /wp-admin/admin-ajax.php HTTP/1.1" 200 614 "http://192.168.29.135/wp-admin/edit-comments.php" "Mozilla/5.0 (Windows NT 10.0; Win64; x64) AppleWebKit/537.36 (KHTML, like Gecko) Chrome/68.0.3440.106 Safari/537.36"
192.168.29.129 - - [17/Sep/2018:02:43:51 -0700] "GET / HTTP/1.1" 200 18830 "http://192.168.29.135/" "Mozilla/5.0 (Windows NT 10.0; Win64; x64) AppleWebKit/537.36 (KHTML, like Gecko) Chrome/69.0.3497.81 Safari/537.36"
192.168.29.129 - - [17/Sep/2018:02:43:55 -0700] "GET /index.php/2018/09/14/shop-like-no-other/ HTTP/1.1" 200 20223 "http://192.168.29.135/" "Mozilla/5.0 (Windows NT 10.0; Win64; x64) AppleWebKit/537.36 (KHTML, like Gecko) Chrome/69.0.3497.81 Safari/537.36"
192.168.29.129 - - [17/Sep/2018:02:44:52 -0700] "POST /wp-comments-post.php HTTP/1.1" 302 801 "http://192.168.29.135/index.php/2018/09/14/shop-like-no-other/" "Mozilla/5.0 (Windows NT 10.0; Win64; x64) AppleWebKit/537.36 (KHTML, like Gecko) Chrome/69.0.3497.81 Safari/537.36"
192.168.29.129 - - [17/Sep/2018:02:44:52 -0700] "GET /index.php/2018/09/14/shop-like-no-other/ HTTP/1.1" 200 20224 "http://192.168.29.135/index.php/2018/09/14/shop-like-no-other/" "Mozilla/5.0 (Windows NT 10.0; Win64; x64) AppleWebKit/537.36 (KHTML, like Gecko) Chrome/69.0.3497.81 Safari/537.36"
192.168.29.1 - - [17/Sep/2018:02:44:53 -0700] "POST /wp-admin/admin-ajax.php HTTP/1.1" 200 614 "http://192.168.29.135/wp-admin/edit-comments.php" "Mozilla/5.0 (Windows NT 10.0; Win64; x64) AppleWebKit/537.36 (KHTML, like Gecko) Chrome/68.0.3440.106 Safari/537.36"
192.168.29.1 - - [17/Sep/2018:02:44:54 -0700] "GET /wp-admin/edit.php?post_type=page HTTP/1.1" 200 10834 "http://192.168.29.135/wp-admin/edit-comments.php" "Mozilla/5.0 (Windows NT 10.0; Win64; x64) AppleWebKit/537.36 (KHTML, like Gecko) Chrome/68.0.3440.106 Safari/537.36"
192.168.29.1 - - [17/Sep/2018:02:44:55 -0700] "POST /wp-admin/admin-ajax.php HTTP/1.1" 200 613 "http://192.168.29.135/wp-admin/edit.php?post_type=page" "Mozilla/5.0 (Windows NT 10.0; Win64; x64) AppleWebKit/537.36 (KHTML, like Gecko) Chrome/68.0.3440.106 Safari/537.36"
192.168.29.1 - - [17/Sep/2018:02:44:56 -0700] "GET /wp-admin/edit-comments.php HTTP/1.1" 200 14739 "http://192.168.29.135/wp-admin/edit.php?post_type=page" "Mozilla/5.0 (Windows NT 10.0; Win64; x64) AppleWebKit/537.36 (KHTML, like Gecko) Chrome/68.0.3440.106 Safari/537.36"
192.168.29.1 - - [17/Sep/2018:02:44:59 -0700] "POST /wp-admin/admin-ajax.php HTTP/1.1" 200 927 "http://192.168.29.135/wp-admin/edit-comments.php" "Mozilla/5.0 (Windows NT 10.0; Win64; x64) AppleWebKit/537.36 (KHTML, like Gecko) Chrome/68.0.3440.106 Safari/537.36"
192.168.29.1 - - [17/Sep/2018:02:45:03 -0700] "GET /wp-admin/edit.php?post_type=page HTTP/1.1" 200 10836 "http://192.168.29.135/wp-admin/edit-comments.php" "Mozilla/5.0 (Windows NT 10.0; Win64; x64) AppleWebKit/537.36 (KHTML, like Gecko) Chrome/68.0.3440.106 Safari/537.36"
192.168.29.1 - - [17/Sep/2018:02:45:03 -0700] "POST /wp-admin/admin-ajax.php HTTP/1.1" 200 613 "http://192.168.29.135/wp-admin/edit.php?post_type=page" "Mozilla/5.0 (Windows NT 10.0; Win64; x64) AppleWebKit/537.36 (KHTML, like Gecko) Chrome/68.0.3440.106 Safari/537.36"
192.168.29.1 - - [17/Sep/2018:02:45:06 -0700] "GET /wp-admin/post.php?post=2&action=edit HTTP/1.1" 200 28597 "http://192.168.29.135/wp-admin/edit.php?post_type=page" "Mozilla/5.0 (Windows NT 10.0; Win64; x64) AppleWebKit/537.36 (KHTML, like Gecko) Chrome/68.0.3440.106 Safari/537.36"
192.168.29.129 - - [17/Sep/2018:02:45:31 -0700] "GET / HTTP/1.1" 200 18836 "http://192.168.29.135/index.php/2018/09/14/shop-like-no-other/" "Mozilla/5.0 (Windows NT 10.0; Win64; x64) AppleWebKit/537.36 (KHTML, like Gecko) Chrome/69.0.3497.81 Safari/537.36"
192.168.29.1 - - [17/Sep/2018:02:45:42 -0700] "GET /wp-admin/options-general.php HTTP/1.1" 200 14194 "http://192.168.29.135/wp-admin/post.php?post=2&action=edit" "Mozilla/5.0 (Windows NT 10.0; Win64; x64) AppleWebKit/537.36 (KHTML, like Gecko) Chrome/68.0.3440.106 Safari/537.36"
192.168.29.1 - - [17/Sep/2018:02:45:42 -0700] "POST /wp-admin/admin-ajax.php HTTP/1.1" 200 559 "http://192.168.29.135/wp-admin/post.php?post=2&action=edit" "Mozilla/5.0 (Windows NT 10.0; Win64; x64) AppleWebKit/537.36 (KHTML, like Gecko) Chrome/68.0.3440.106 Safari/537.36"
192.168.29.1 - - [17/Sep/2018:02:45:46 -0700] "GET /wp-admin/options-writing.php HTTP/1.1" 200 7583 "http://192.168.29.135/wp-admin/options-general.php" "Mozilla/5.0 (Windows NT 10.0; Win64; x64) AppleWebKit/537.36 (KHTML, like Gecko) Chrome/68.0.3440.106 Safari/537.36"
192.168.29.1 - - [17/Sep/2018:02:45:50 -0700] "GET /wp-admin/options-reading.php HTTP/1.1" 200 7839 "http://192.168.29.135/wp-admin/options-writing.php" "Mozilla/5.0 (Windows NT 10.0; Win64; x64) AppleWebKit/537.36 (KHTML, like Gecko) Chrome/68.0.3440.106 Safari/537.36"
192.168.29.1 - - [17/Sep/2018:02:45:52 -0700] "GET /wp-admin/options-discussion.php HTTP/1.1" 200 8930 "http://192.168.29.135/wp-admin/options-reading.php" "Mozilla/5.0 (Windows NT 10.0; Win64; x64) AppleWebKit/537.36 (KHTML, like Gecko) Chrome/68.0.3440.106 Safari/537.36"
192.168.29.1 - - [17/Sep/2018:02:45:59 -0700] "GET /wp-admin/options-media.php HTTP/1.1" 200 7146 "http://192.168.29.135/wp-admin/options-discussion.php" "Mozilla/5.0 (Windows NT 10.0; Win64; x64) AppleWebKit/537.36 (KHTML, like Gecko) Chrome/68.0.3440.106 Safari/537.36"
192.168.29.1 - - [17/Sep/2018:02:46:02 -0700] "GET /wp-admin/options-permalink.php HTTP/1.1" 200 8308 "http://192.168.29.135/wp-admin/options-media.php" "Mozilla/5.0 (Windows NT 10.0; Win64; x64) AppleWebKit/537.36 (KHTML, like Gecko) Chrome/68.0.3440.106 Safari/537.36"
192.168.29.1 - - [17/Sep/2018:02:46:08 -0700] "GET /wp-admin/index.php HTTP/1.1" 200 16756 "http://192.168.29.135/wp-admin/options-permalink.php" "Mozilla/5.0 (Windows NT 10.0; Win64; x64) AppleWebKit/537.36 (KHTML, like Gecko) Chrome/68.0.3440.106 Safari/537.36"
192.168.29.1 - - [17/Sep/2018:02:46:13 -0700] "GET /wp-admin/nav-menus.php HTTP/1.1" 302 18162 "http://192.168.29.135/wp-admin/index.php" "Mozilla/5.0 (Windows NT 10.0; Win64; x64) AppleWebKit/537.36 (KHTML, like Gecko) Chrome/68.0.3440.106 Safari/537.36"
192.168.29.1 - - [17/Sep/2018:02:46:13 -0700] "GET /wp-admin/nav-menus.php?action=edit&menu=0 HTTP/1.1" 200 11720 "http://192.168.29.135/wp-admin/index.php" "Mozilla/5.0 (Windows NT 10.0; Win64; x64) AppleWebKit/537.36 (KHTML, like Gecko) Chrome/68.0.3440.106 Safari/537.36"
192.168.29.1 - - [17/Sep/2018:02:46:13 -0700] "GET /wp-admin/load-scripts.php?c=0&load%5B%5D=hoverIntent,common,admin-bar,svg-painter,heartbeat,wp-auth-check,accordion&ver=4.9.8 HTTP/1.1" 200 12079 "http://192.168.29.135/wp-admin/nav-menus.php?action=edit&menu=0" "Mozilla/5.0 (Windows NT 10.0; Win64; x64) AppleWebKit/537.36 (KHTML, like Gecko) Chrome/68.0.3440.106 Safari/537.36"
192.168.29.1 - - [17/Sep/2018:02:46:13 -0700] "GET /wp-admin/load-scripts.php?c=0&load%5B%5D=jquery-core,jquery-migrate,utils,jquery-ui-core,jquery-ui-widget,jquery-ui-mouse,jquery-ui-sortable,jquery-ui-draggable,jquery-u&load%5B%5D=i-droppable,wp-ajax-response,jquery-color,wp-lists,postbox,nav-menu&ver=4.9.8 HTTP/1.1" 200 67019 "http://192.168.29.135/wp-admin/nav-menus.php?action=edit&menu=0" "Mozilla/5.0 (Windows NT 10.0; Win64; x64) AppleWebKit/537.36 (KHTML, like Gecko) Chrome/68.0.3440.106 Safari/537.36"
192.168.29.1 - - [17/Sep/2018:02:46:18 -0700] "POST /wp-admin/nav-menus.php?action=edit&menu=0 HTTP/1.1" 302 461 "http://192.168.29.135/wp-admin/nav-menus.php?action=edit&menu=0" "Mozilla/5.0 (Windows NT 10.0; Win64; x64) AppleWebKit/537.36 (KHTML, like Gecko) Chrome/68.0.3440.106 Safari/537.36"
192.168.29.1 - - [17/Sep/2018:02:46:18 -0700] "GET /wp-admin/nav-menus.php?menu=2 HTTP/1.1" 200 11914 "http://192.168.29.135/wp-admin/nav-menus.php?action=edit&menu=0" "Mozilla/5.0 (Windows NT 10.0; Win64; x64) AppleWebKit/537.36 (KHTML, like Gecko) Chrome/68.0.3440.106 Safari/537.36"
192.168.29.1 - - [17/Sep/2018:02:46:24 -0700] "POST /wp-admin/nav-menus.php?menu=2 HTTP/1.1" 200 11955 "http://192.168.29.135/wp-admin/nav-menus.php?menu=2" "Mozilla/5.0 (Windows NT 10.0; Win64; x64) AppleWebKit/537.36 (KHTML, like Gecko) Chrome/68.0.3440.106 Safari/537.36"
192.168.29.1 - - [17/Sep/2018:02:46:26 -0700] "GET /wp-admin/nav-menus.php?action=locations HTTP/1.1" 200 7738 "http://192.168.29.135/wp-admin/nav-menus.php?menu=2" "Mozilla/5.0 (Windows NT 10.0; Win64; x64) AppleWebKit/537.36 (KHTML, like Gecko) Chrome/68.0.3440.106 Safari/537.36"
192.168.29.1 - - [17/Sep/2018:02:46:31 -0700] "POST /wp-admin/nav-menus.php?action=locations HTTP/1.1" 200 7823 "http://192.168.29.135/wp-admin/nav-menus.php?action=locations" "Mozilla/5.0 (Windows NT 10.0; Win64; x64) AppleWebKit/537.36 (KHTML, like Gecko) Chrome/68.0.3440.106 Safari/537.36"
192.168.29.129 - - [17/Sep/2018:02:46:34 -0700] "GET / HTTP/1.1" 200 19052 "http://192.168.29.135/" "Mozilla/5.0 (Windows NT 10.0; Win64; x64) AppleWebKit/537.36 (KHTML, like Gecko) Chrome/69.0.3497.81 Safari/537.36"
192.168.29.129 - - [17/Sep/2018:02:46:34 -0700] "GET /wp-content/themes/twentyseventeen/assets/js/navigation.js?ver=1.0 HTTP/1.1" 200 1513 "http://192.168.29.135/" "Mozilla/5.0 (Windows NT 10.0; Win64; x64) AppleWebKit/537.36 (KHTML, like Gecko) Chrome/69.0.3497.81 Safari/537.36"
192.168.29.1 - - [17/Sep/2018:02:46:46 -0700] "POST /wp-admin/nav-menus.php?action=locations HTTP/1.1" 200 7827 "http://192.168.29.135/wp-admin/nav-menus.php?action=locations" "Mozilla/5.0 (Windows NT 10.0; Win64; x64) AppleWebKit/537.36 (KHTML, like Gecko) Chrome/68.0.3440.106 Safari/537.36"
192.168.29.129 - - [17/Sep/2018:02:46:48 -0700] "GET / HTTP/1.1" 200 19089 "http://192.168.29.135/" "Mozilla/5.0 (Windows NT 10.0; Win64; x64) AppleWebKit/537.36 (KHTML, like Gecko) Chrome/69.0.3497.81 Safari/537.36"
192.168.29.1 - - [17/Sep/2018:02:46:56 -0700] "GET /wp-admin/index.php HTTP/1.1" 200 16757 "http://192.168.29.135/wp-admin/nav-menus.php?action=locations" "Mozilla/5.0 (Windows NT 10.0; Win64; x64) AppleWebKit/537.36 (KHTML, like Gecko) Chrome/68.0.3440.106 Safari/537.36"
192.168.29.1 - - [17/Sep/2018:02:47:00 -0700] "GET /wp-admin/themes.php HTTP/1.1" 200 12008 "http://192.168.29.135/wp-admin/index.php" "Mozilla/5.0 (Windows NT 10.0; Win64; x64) AppleWebKit/537.36 (KHTML, like Gecko) Chrome/68.0.3440.106 Safari/537.36"
192.168.29.1 - - [17/Sep/2018:02:47:08 -0700] "GET /wp-admin/customize.php?return=%2Fwp-admin%2Fthemes.php HTTP/1.1" 200 53267 "http://192.168.29.135/wp-admin/themes.php?theme=twentyseventeen" "Mozilla/5.0 (Windows NT 10.0; Win64; x64) AppleWebKit/537.36 (KHTML, like Gecko) Chrome/68.0.3440.106 Safari/537.36"
192.168.29.1 - - [17/Sep/2018:02:47:09 -0700] "GET /?customize_changeset_uuid=1b8bc274-11ac-49d7-b521-7bbebaf6373e&customize_theme=twentyseventeen&customize_messenger_channel=preview-0 HTTP/1.1" 200 27707 "http://192.168.29.135/wp-admin/customize.php?return=%2Fwp-admin%2Fthemes.php" "Mozilla/5.0 (Windows NT 10.0; Win64; x64) AppleWebKit/537.36 (KHTML, like Gecko) Chrome/68.0.3440.106 Safari/537.36"
192.168.29.1 - - [17/Sep/2018:02:47:09 -0700] "GET /wp-content/themes/twentyseventeen/assets/js/navigation.js?ver=1.0 HTTP/1.1" 200 1513 "http://192.168.29.135/?customize_changeset_uuid=1b8bc274-11ac-49d7-b521-7bbebaf6373e&customize_theme=twentyseventeen&customize_messenger_channel=preview-0" "Mozilla/5.0 (Windows NT 10.0; Win64; x64) AppleWebKit/537.36 (KHTML, like Gecko) Chrome/68.0.3440.106 Safari/537.36"
192.168.29.1 - - [17/Sep/2018:02:47:17 -0700] "POST /wp-admin/admin-ajax.php HTTP/1.1" 200 1724 "http://192.168.29.135/wp-admin/customize.php?return=%2Fwp-admin%2Fthemes.php" "Mozilla/5.0 (Windows NT 10.0; Win64; x64) AppleWebKit/537.36 (KHTML, like Gecko) Chrome/68.0.3440.106 Safari/537.36"
192.168.29.1 - - [17/Sep/2018:02:47:27 -0700] "POST /?customize_changeset_uuid=1b8bc274-11ac-49d7-b521-7bbebaf6373e&customize_theme=twentyseventeen&customize_messenger_channel=preview-1&customize_autosaved=on HTTP/1.1" 200 27813 "http://192.168.29.135/wp-admin/customize.php?return=%2Fwp-admin%2Fthemes.php" "Mozilla/5.0 (Windows NT 10.0; Win64; x64) AppleWebKit/537.36 (KHTML, like Gecko) Chrome/68.0.3440.106 Safari/537.36"
192.168.29.1 - - [17/Sep/2018:02:47:29 -0700] "POST /wp-admin/admin-ajax.php HTTP/1.1" 200 918 "http://192.168.29.135/wp-admin/customize.php?return=%2Fwp-admin%2Fthemes.php" "Mozilla/5.0 (Windows NT 10.0; Win64; x64) AppleWebKit/537.36 (KHTML, like Gecko) Chrome/68.0.3440.106 Safari/537.36"
192.168.29.1 - - [17/Sep/2018:02:47:51 -0700] "POST /wp-admin/admin-ajax.php HTTP/1.1" 200 560 "http://192.168.29.135/wp-admin/customize.php?return=%2Fwp-admin%2Fthemes.php" "Mozilla/5.0 (Windows NT 10.0; Win64; x64) AppleWebKit/537.36 (KHTML, like Gecko) Chrome/68.0.3440.106 Safari/537.36"
192.168.29.1 - - [17/Sep/2018:02:47:54 -0700] "POST /wp-admin/admin-ajax.php HTTP/1.1" 404 623 "http://192.168.29.135/wp-admin/customize.php?return=%2Fwp-admin%2Fthemes.php" "Mozilla/5.0 (Windows NT 10.0; Win64; x64) AppleWebKit/537.36 (KHTML, like Gecko) Chrome/68.0.3440.106 Safari/537.36"
192.168.29.1 - - [17/Sep/2018:02:47:54 -0700] "GET /wp-admin/themes.php HTTP/1.1" 200 12008 "http://192.168.29.135/wp-admin/customize.php?return=%2Fwp-admin%2Fthemes.php" "Mozilla/5.0 (Windows NT 10.0; Win64; x64) AppleWebKit/537.36 (KHTML, like Gecko) Chrome/68.0.3440.106 Safari/537.36"
192.168.29.1 - - [17/Sep/2018:02:47:58 -0700] "GET /wp-admin/edit.php?post_type=page HTTP/1.1" 200 10836 "http://192.168.29.135/wp-admin/themes.php" "Mozilla/5.0 (Windows NT 10.0; Win64; x64) AppleWebKit/537.36 (KHTML, like Gecko) Chrome/68.0.3440.106 Safari/537.36"
192.168.29.1 - - [17/Sep/2018:02:47:58 -0700] "POST /wp-admin/admin-ajax.php HTTP/1.1" 200 613 "http://192.168.29.135/wp-admin/edit.php?post_type=page" "Mozilla/5.0 (Windows NT 10.0; Win64; x64) AppleWebKit/537.36 (KHTML, like Gecko) Chrome/68.0.3440.106 Safari/537.36"
192.168.29.129 - - [17/Sep/2018:02:48:02 -0700] "GET / HTTP/1.1" 200 19088 "http://192.168.29.135/" "Mozilla/5.0 (Windows NT 10.0; Win64; x64) AppleWebKit/537.36 (KHTML, like Gecko) Chrome/69.0.3497.81 Safari/537.36"
192.168.29.1 - - [17/Sep/2018:02:48:13 -0700] "POST /wp-admin/admin-ajax.php HTTP/1.1" 200 614 "http://192.168.29.135/wp-admin/edit.php?post_type=page" "Mozilla/5.0 (Windows NT 10.0; Win64; x64) AppleWebKit/537.36 (KHTML, like Gecko) Chrome/68.0.3440.106 Safari/537.36"
192.168.29.129 - - [17/Sep/2018:02:48:14 -0700] "GET /index.php/2018/09/14/shop-like-no-other/ HTTP/1.1" 200 20597 "http://192.168.29.135/" "Mozilla/5.0 (Windows NT 10.0; Win64; x64) AppleWebKit/537.36 (KHTML, like Gecko) Chrome/69.0.3497.81 Safari/537.36"
192.168.29.129 - - [17/Sep/2018:02:48:26 -0700] "GET / HTTP/1.1" 200 19089 "http://192.168.29.135/index.php/2018/09/14/shop-like-no-other/" "Mozilla/5.0 (Windows NT 10.0; Win64; x64) AppleWebKit/537.36 (KHTML, like Gecko) Chrome/69.0.3497.81 Safari/537.36"
192.168.29.1 - - [17/Sep/2018:02:48:32 -0700] "POST /wp-admin/admin-ajax.php HTTP/1.1" 200 614 "http://192.168.29.135/wp-admin/edit.php?post_type=page" "Mozilla/5.0 (Windows NT 10.0; Win64; x64) AppleWebKit/537.36 (KHTML, like Gecko) Chrome/68.0.3440.106 Safari/537.36"
192.168.29.1 - - [17/Sep/2018:02:48:47 -0700] "POST /wp-admin/admin-ajax.php HTTP/1.1" 200 614 "http://192.168.29.135/wp-admin/edit.php?post_type=page" "Mozilla/5.0 (Windows NT 10.0; Win64; x64) AppleWebKit/537.36 (KHTML, like Gecko) Chrome/68.0.3440.106 Safari/537.36"
192.168.29.1 - - [17/Sep/2018:02:50:47 -0700] "POST /wp-admin/admin-ajax.php HTTP/1.1" 200 614 "http://192.168.29.135/wp-admin/edit.php?post_type=page" "Mozilla/5.0 (Windows NT 10.0; Win64; x64) AppleWebKit/537.36 (KHTML, like Gecko) Chrome/68.0.3440.106 Safari/537.36"
192.168.29.1 - - [17/Sep/2018:02:52:47 -0700] "POST /wp-admin/admin-ajax.php HTTP/1.1" 200 614 "http://192.168.29.135/wp-admin/edit.php?post_type=page" "Mozilla/5.0 (Windows NT 10.0; Win64; x64) AppleWebKit/537.36 (KHTML, like Gecko) Chrome/68.0.3440.106 Safari/537.36"
192.168.29.129 - - [17/Sep/2018:02:53:58 -0700] "-" 408 0 "-" "-"
192.168.29.1 - - [17/Sep/2018:02:54:43 -0700] "POST /wp-admin/admin-ajax.php HTTP/1.1" 200 614 "http://192.168.29.135/wp-admin/edit.php?post_type=page" "Mozilla/5.0 (Windows NT 10.0; Win64; x64) AppleWebKit/537.36 (KHTML, like Gecko) Chrome/68.0.3440.106 Safari/537.36"
192.168.29.1 - - [17/Sep/2018:02:54:58 -0700] "POST /wp-admin/admin-ajax.php HTTP/1.1" 200 614 "http://192.168.29.135/wp-admin/edit.php?post_type=page" "Mozilla/5.0 (Windows NT 10.0; Win64; x64) AppleWebKit/537.36 (KHTML, like Gecko) Chrome/68.0.3440.106 Safari/537.36"
192.168.29.1 - - [17/Sep/2018:02:55:14 -0700] "POST /wp-admin/admin-ajax.php HTTP/1.1" 200 614 "http://192.168.29.135/wp-admin/edit.php?post_type=page" "Mozilla/5.0 (Windows NT 10.0; Win64; x64) AppleWebKit/537.36 (KHTML, like Gecko) Chrome/68.0.3440.106 Safari/537.36"
192.168.29.1 - - [17/Sep/2018:02:55:16 -0700] "GET /wp-admin/index.php HTTP/1.1" 200 16756 "http://192.168.29.135/wp-admin/edit.php?post_type=page" "Mozilla/5.0 (Windows NT 10.0; Win64; x64) AppleWebKit/537.36 (KHTML, like Gecko) Chrome/68.0.3440.106 Safari/537.36"
192.168.29.1 - - [17/Sep/2018:02:55:18 -0700] "GET /wp-admin/tools.php HTTP/1.1" 200 6674 "http://192.168.29.135/wp-admin/index.php" "Mozilla/5.0 (Windows NT 10.0; Win64; x64) AppleWebKit/537.36 (KHTML, like Gecko) Chrome/68.0.3440.106 Safari/537.36"
192.168.29.1 - - [17/Sep/2018:02:55:20 -0700] "GET /wp-admin/options-general.php HTTP/1.1" 200 14195 "http://192.168.29.135/wp-admin/tools.php" "Mozilla/5.0 (Windows NT 10.0; Win64; x64) AppleWebKit/537.36 (KHTML, like Gecko) Chrome/68.0.3440.106 Safari/537.36"
192.168.29.1 - - [17/Sep/2018:02:56:21 -0700] "POST /wp-admin/admin-ajax.php HTTP/1.1" 200 614 "http://192.168.29.135/wp-admin/options-general.php" "Mozilla/5.0 (Windows NT 10.0; Win64; x64) AppleWebKit/537.36 (KHTML, like Gecko) Chrome/68.0.3440.106 Safari/537.36"
192.168.29.1 - - [17/Sep/2018:02:57:21 -0700] "POST /wp-admin/admin-ajax.php HTTP/1.1" 200 614 "http://192.168.29.135/wp-admin/options-general.php" "Mozilla/5.0 (Windows NT 10.0; Win64; x64) AppleWebKit/537.36 (KHTML, like Gecko) Chrome/68.0.3440.106 Safari/537.36"
192.168.29.1 - - [17/Sep/2018:02:58:21 -0700] "POST /wp-admin/admin-ajax.php HTTP/1.1" 200 614 "http://192.168.29.135/wp-admin/options-general.php" "Mozilla/5.0 (Windows NT 10.0; Win64; x64) AppleWebKit/537.36 (KHTML, like Gecko) Chrome/68.0.3440.106 Safari/537.36"
192.168.29.1 - - [17/Sep/2018:02:59:21 -0700] "POST /wp-admin/admin-ajax.php HTTP/1.1" 200 614 "http://192.168.29.135/wp-admin/options-general.php" "Mozilla/5.0 (Windows NT 10.0; Win64; x64) AppleWebKit/537.36 (KHTML, like Gecko) Chrome/68.0.3440.106 Safari/537.36"
192.168.29.1 - - [17/Sep/2018:03:00:21 -0700] "POST /wp-admin/admin-ajax.php HTTP/1.1" 200 614 "http://192.168.29.135/wp-admin/options-general.php" "Mozilla/5.0 (Windows NT 10.0; Win64; x64) AppleWebKit/537.36 (KHTML, like Gecko) Chrome/68.0.3440.106 Safari/537.36"
192.168.29.1 - - [17/Sep/2018:03:01:21 -0700] "POST /wp-admin/admin-ajax.php HTTP/1.1" 200 614 "http://192.168.29.135/wp-admin/options-general.php" "Mozilla/5.0 (Windows NT 10.0; Win64; x64) AppleWebKit/537.36 (KHTML, like Gecko) Chrome/68.0.3440.106 Safari/537.36"
192.168.29.1 - - [17/Sep/2018:03:02:21 -0700] "POST /wp-admin/admin-ajax.php HTTP/1.1" 200 614 "http://192.168.29.135/wp-admin/options-general.php" "Mozilla/5.0 (Windows NT 10.0; Win64; x64) AppleWebKit/537.36 (KHTML, like Gecko) Chrome/68.0.3440.106 Safari/537.36"
192.168.29.129 - - [17/Sep/2018:03:03:15 -0700] "GET / HTTP/1.1" 200 19089 "http://192.168.29.135/" "Mozilla/5.0 (Windows NT 10.0; Win64; x64) AppleWebKit/537.36 (KHTML, like Gecko) Chrome/69.0.3497.81 Safari/537.36"
192.168.29.129 - - [17/Sep/2018:03:03:18 -0700] "GET / HTTP/1.1" 200 19088 "http://192.168.29.135/" "Mozilla/5.0 (Windows NT 10.0; Win64; x64) AppleWebKit/537.36 (KHTML, like Gecko) Chrome/69.0.3497.81 Safari/537.36"
192.168.29.1 - - [17/Sep/2018:03:03:21 -0700] "POST /wp-admin/admin-ajax.php HTTP/1.1" 200 614 "http://192.168.29.135/wp-admin/options-general.php" "Mozilla/5.0 (Windows NT 10.0; Win64; x64) AppleWebKit/537.36 (KHTML, like Gecko) Chrome/68.0.3440.106 Safari/537.36"
192.168.29.129 - - [17/Sep/2018:03:03:22 -0700] "GET /index.php/2018/09/ HTTP/1.1" 200 19062 "http://192.168.29.135/" "Mozilla/5.0 (Windows NT 10.0; Win64; x64) AppleWebKit/537.36 (KHTML, like Gecko) Chrome/69.0.3497.81 Safari/537.36"
192.168.29.129 - - [17/Sep/2018:03:03:24 -0700] "GET /index.php/category/uncategorised/ HTTP/1.1" 200 19090 "http://192.168.29.135/index.php/2018/09/" "Mozilla/5.0 (Windows NT 10.0; Win64; x64) AppleWebKit/537.36 (KHTML, like Gecko) Chrome/69.0.3497.81 Safari/537.36"
192.168.29.129 - - [17/Sep/2018:03:03:26 -0700] "GET /index.php/2018/09/14/shop-like-no-other/ HTTP/1.1" 200 20595 "http://192.168.29.135/index.php/category/uncategorised/" "Mozilla/5.0 (Windows NT 10.0; Win64; x64) AppleWebKit/537.36 (KHTML, like Gecko) Chrome/69.0.3497.81 Safari/537.36"
192.168.29.129 - - [17/Sep/2018:03:03:29 -0700] "GET /index.php/2018/09/14/shop-like-no-other/ HTTP/1.1" 200 20596 "http://192.168.29.135/index.php/2018/09/14/shop-like-no-other/" "Mozilla/5.0 (Windows NT 10.0; Win64; x64) AppleWebKit/537.36 (KHTML, like Gecko) Chrome/69.0.3497.81 Safari/537.36"
192.168.29.129 - - [17/Sep/2018:03:03:31 -0700] "GET /index.php/2018/09/14/hello-world/ HTTP/1.1" 200 20622 "http://192.168.29.135/index.php/2018/09/14/shop-like-no-other/" "Mozilla/5.0 (Windows NT 10.0; Win64; x64) AppleWebKit/537.36 (KHTML, like Gecko) Chrome/69.0.3497.81 Safari/537.36"
192.168.29.1 - - [17/Sep/2018:03:03:33 -0700] "GET /wp-admin/edit.php?post_type=page HTTP/1.1" 200 10837 "http://192.168.29.135/wp-admin/options-general.php" "Mozilla/5.0 (Windows NT 10.0; Win64; x64) AppleWebKit/537.36 (KHTML, like Gecko) Chrome/68.0.3440.106 Safari/537.36"
192.168.29.1 - - [17/Sep/2018:03:03:34 -0700] "POST /wp-admin/admin-ajax.php HTTP/1.1" 200 613 "http://192.168.29.135/wp-admin/edit.php?post_type=page" "Mozilla/5.0 (Windows NT 10.0; Win64; x64) AppleWebKit/537.36 (KHTML, like Gecko) Chrome/68.0.3440.106 Safari/537.36"
192.168.29.1 - - [17/Sep/2018:03:03:35 -0700] "GET /wp-admin/post.php?post=2&action=edit HTTP/1.1" 200 28600 "http://192.168.29.135/wp-admin/edit.php?post_type=page" "Mozilla/5.0 (Windows NT 10.0; Win64; x64) AppleWebKit/537.36 (KHTML, like Gecko) Chrome/68.0.3440.106 Safari/537.36"
192.168.29.129 - - [17/Sep/2018:03:03:44 -0700] "GET /index.php/sample-page/ HTTP/1.1" 200 18787 "-" "Mozilla/5.0 (Windows NT 10.0; Win64; x64) AppleWebKit/537.36 (KHTML, like Gecko) Chrome/69.0.3497.81 Safari/537.36"
192.168.29.129 - - [17/Sep/2018:03:04:02 -0700] "GET /index.php/feed/ HTTP/1.1" 200 1359 "http://192.168.29.135/index.php/2018/09/14/hello-world/" "Mozilla/5.0 (Windows NT 10.0; Win64; x64) AppleWebKit/537.36 (KHTML, like Gecko) Chrome/69.0.3497.81 Safari/537.36"
192.168.29.129 - - [17/Sep/2018:03:04:06 -0700] "GET /index.php/comments/feed/ HTTP/1.1" 200 1497 "http://192.168.29.135/index.php/2018/09/14/hello-world/" "Mozilla/5.0 (Windows NT 10.0; Win64; x64) AppleWebKit/537.36 (KHTML, like Gecko) Chrome/69.0.3497.81 Safari/537.36"
192.168.29.129 - - [17/Sep/2018:03:04:15 -0700] "GET / HTTP/1.1" 200 19089 "http://192.168.29.135/index.php/2018/09/14/hello-world/" "Mozilla/5.0 (Windows NT 10.0; Win64; x64) AppleWebKit/537.36 (KHTML, like Gecko) Chrome/69.0.3497.81 Safari/537.36"
192.168.29.1 - - [17/Sep/2018:03:04:18 -0700] "GET /wp-admin/themes.php HTTP/1.1" 200 12008 "http://192.168.29.135/wp-admin/post.php?post=2&action=edit" "Mozilla/5.0 (Windows NT 10.0; Win64; x64) AppleWebKit/537.36 (KHTML, like Gecko) Chrome/68.0.3440.106 Safari/537.36"
192.168.29.1 - - [17/Sep/2018:03:04:18 -0700] "POST /wp-admin/admin-ajax.php HTTP/1.1" 200 559 "http://192.168.29.135/wp-admin/post.php?post=2&action=edit" "Mozilla/5.0 (Windows NT 10.0; Win64; x64) AppleWebKit/537.36 (KHTML, like Gecko) Chrome/68.0.3440.106 Safari/537.36"
192.168.29.1 - - [17/Sep/2018:03:04:20 -0700] "GET /wp-admin/customize.php?return=%2Fwp-admin%2Fthemes.php HTTP/1.1" 200 53275 "http://192.168.29.135/wp-admin/themes.php" "Mozilla/5.0 (Windows NT 10.0; Win64; x64) AppleWebKit/537.36 (KHTML, like Gecko) Chrome/68.0.3440.106 Safari/537.36"
192.168.29.1 - - [17/Sep/2018:03:04:21 -0700] "GET /?customize_changeset_uuid=f0892a86-5172-4653-878b-a7be99cde7ab&customize_theme=twentyseventeen&customize_messenger_channel=preview-0 HTTP/1.1" 200 27709 "http://192.168.29.135/wp-admin/customize.php?return=%2Fwp-admin%2Fthemes.php" "Mozilla/5.0 (Windows NT 10.0; Win64; x64) AppleWebKit/537.36 (KHTML, like Gecko) Chrome/68.0.3440.106 Safari/537.36"
192.168.29.1 - - [17/Sep/2018:03:04:29 -0700] "POST /wp-admin/admin-ajax.php HTTP/1.1" 200 725 "http://192.168.29.135/wp-admin/customize.php?return=%2Fwp-admin%2Fthemes.php" "Mozilla/5.0 (Windows NT 10.0; Win64; x64) AppleWebKit/537.36 (KHTML, like Gecko) Chrome/68.0.3440.106 Safari/537.36"
192.168.29.129 - - [17/Sep/2018:03:04:31 -0700] "GET / HTTP/1.1" 200 19101 "http://192.168.29.135/index.php/2018/09/14/hello-world/" "Mozilla/5.0 (Windows NT 10.0; Win64; x64) AppleWebKit/537.36 (KHTML, like Gecko) Chrome/69.0.3497.81 Safari/537.36"
192.168.29.129 - - [17/Sep/2018:03:04:31 -0700] "GET /wp-content/themes/twentyseventeen/assets/css/colors-dark.css?ver=1.0 HTTP/1.1" 200 2671 "http://192.168.29.135/" "Mozilla/5.0 (Windows NT 10.0; Win64; x64) AppleWebKit/537.36 (KHTML, like Gecko) Chrome/69.0.3497.81 Safari/537.36"
192.168.29.1 - - [17/Sep/2018:03:04:44 -0700] "POST /wp-admin/admin-ajax.php HTTP/1.1" 200 1724 "http://192.168.29.135/wp-admin/customize.php?return=%2Fwp-admin%2Fthemes.php" "Mozilla/5.0 (Windows NT 10.0; Win64; x64) AppleWebKit/537.36 (KHTML, like Gecko) Chrome/68.0.3440.106 Safari/537.36"
192.168.29.1 - - [17/Sep/2018:03:04:56 -0700] "POST /?customize_changeset_uuid=1c9be89a-bbeb-48bd-b902-ca4a334ef047&customize_theme=twentyseventeen&customize_messenger_channel=preview-1&customize_autosaved=on HTTP/1.1" 200 28365 "http://192.168.29.135/wp-admin/customize.php?return=%2Fwp-admin%2Fthemes.php" "Mozilla/5.0 (Windows NT 10.0; Win64; x64) AppleWebKit/537.36 (KHTML, like Gecko) Chrome/68.0.3440.106 Safari/537.36"
192.168.29.1 - - [17/Sep/2018:03:04:57 -0700] "POST /?customize_autosaved=on&customize_changeset_uuid=1c9be89a-bbeb-48bd-b902-ca4a334ef047&customize_preview_nonce=882e72b8df HTTP/1.1" 200 5531 "http://192.168.29.135/?customize_changeset_uuid=1c9be89a-bbeb-48bd-b902-ca4a334ef047&customize_theme=twentyseventeen&customize_messenger_channel=preview-1&customize_autosaved=on" "Mozilla/5.0 (Windows NT 10.0; Win64; x64) AppleWebKit/537.36 (KHTML, like Gecko) Chrome/68.0.3440.106 Safari/537.36"
192.168.29.1 - - [17/Sep/2018:03:04:58 -0700] "POST /?customize_autosaved=on&customize_changeset_uuid=1c9be89a-bbeb-48bd-b902-ca4a334ef047&customize_preview_nonce=882e72b8df HTTP/1.1" 200 6165 "http://192.168.29.135/?customize_changeset_uuid=1c9be89a-bbeb-48bd-b902-ca4a334ef047&customize_theme=twentyseventeen&customize_messenger_channel=preview-1&customize_autosaved=on" "Mozilla/5.0 (Windows NT 10.0; Win64; x64) AppleWebKit/537.36 (KHTML, like Gecko) Chrome/68.0.3440.106 Safari/537.36"
192.168.29.1 - - [17/Sep/2018:03:05:03 -0700] "POST /wp-admin/admin-ajax.php HTTP/1.1" 200 1125 "http://192.168.29.135/wp-admin/customize.php?return=%2Fwp-admin%2Fthemes.php" "Mozilla/5.0 (Windows NT 10.0; Win64; x64) AppleWebKit/537.36 (KHTML, like Gecko) Chrome/68.0.3440.106 Safari/537.36"
192.168.29.1 - - [17/Sep/2018:03:05:03 -0700] "POST /?customize_autosaved=on&customize_changeset_uuid=f00ea049-eecc-4d40-924a-1ed004a339df&customize_preview_nonce=882e72b8df HTTP/1.1" 200 6078 "http://192.168.29.135/?customize_changeset_uuid=1c9be89a-bbeb-48bd-b902-ca4a334ef047&customize_theme=twentyseventeen&customize_messenger_channel=preview-1&customize_autosaved=on" "Mozilla/5.0 (Windows NT 10.0; Win64; x64) AppleWebKit/537.36 (KHTML, like Gecko) Chrome/68.0.3440.106 Safari/537.36"
192.168.29.129 - - [17/Sep/2018:03:05:06 -0700] "GET / HTTP/1.1" 200 19312 "http://192.168.29.135/index.php/2018/09/14/hello-world/" "Mozilla/5.0 (Windows NT 10.0; Win64; x64) AppleWebKit/537.36 (KHTML, like Gecko) Chrome/69.0.3497.81 Safari/537.36"
192.168.29.129 - - [17/Sep/2018:03:05:07 -0700] "GET / HTTP/1.1" 200 19312 "http://192.168.29.135/" "Mozilla/5.0 (Windows NT 10.0; Win64; x64) AppleWebKit/537.36 (KHTML, like Gecko) Chrome/69.0.3497.81 Safari/537.36"
192.168.29.129 - - [17/Sep/2018:03:05:10 -0700] "GET /index.php/privacy-policy/ HTTP/1.1" 200 20129 "http://192.168.29.135/" "Mozilla/5.0 (Windows NT 10.0; Win64; x64) AppleWebKit/537.36 (KHTML, like Gecko) Chrome/69.0.3497.81 Safari/537.36"
192.168.29.129 - - [17/Sep/2018:03:05:16 -0700] "GET /index.php/sample-page/ HTTP/1.1" 200 19021 "http://192.168.29.135/index.php/privacy-policy/" "Mozilla/5.0 (Windows NT 10.0; Win64; x64) AppleWebKit/537.36 (KHTML, like Gecko) Chrome/69.0.3497.81 Safari/537.36"
192.168.29.129 - - [17/Sep/2018:03:05:18 -0700] "GET / HTTP/1.1" 200 19311 "http://192.168.29.135/index.php/sample-page/" "Mozilla/5.0 (Windows NT 10.0; Win64; x64) AppleWebKit/537.36 (KHTML, like Gecko) Chrome/69.0.3497.81 Safari/537.36"
192.168.29.1 - - [17/Sep/2018:03:05:20 -0700] "POST /wp-admin/admin-ajax.php HTTP/1.1" 200 614 "http://192.168.29.135/wp-admin/customize.php?return=%2Fwp-admin%2Fthemes.php" "Mozilla/5.0 (Windows NT 10.0; Win64; x64) AppleWebKit/537.36 (KHTML, like Gecko) Chrome/68.0.3440.106 Safari/537.36"
192.168.29.1 - - [17/Sep/2018:03:05:22 -0700] "POST /wp-admin/admin-ajax.php HTTP/1.1" 404 624 "http://192.168.29.135/wp-admin/customize.php?return=%2Fwp-admin%2Fthemes.php" "Mozilla/5.0 (Windows NT 10.0; Win64; x64) AppleWebKit/537.36 (KHTML, like Gecko) Chrome/68.0.3440.106 Safari/537.36"
192.168.29.1 - - [17/Sep/2018:03:05:22 -0700] "GET /wp-admin/themes.php HTTP/1.1" 200 12007 "http://192.168.29.135/wp-admin/customize.php?return=%2Fwp-admin%2Fthemes.php" "Mozilla/5.0 (Windows NT 10.0; Win64; x64) AppleWebKit/537.36 (KHTML, like Gecko) Chrome/68.0.3440.106 Safari/537.36"
192.168.29.1 - - [17/Sep/2018:03:06:23 -0700] "POST /wp-admin/admin-ajax.php HTTP/1.1" 200 614 "http://192.168.29.135/wp-admin/themes.php" "Mozilla/5.0 (Windows NT 10.0; Win64; x64) AppleWebKit/537.36 (KHTML, like Gecko) Chrome/68.0.3440.106 Safari/537.36"
192.168.29.136 - - [17/Sep/2018:03:06:54 -0700] "GET / HTTP/1.1" 200 58685 "-" "Mozilla/4.0 (compatible; MSIE 6.0; Windows NT 5.0;)"
192.168.29.136 - - [17/Sep/2018:03:06:54 -0700] "GET /robots.txt HTTP/1.1" 404 447 "-" "Mozilla/5.0 (Windows NT 6.3; WOW64; rv:39.0) Gecko/20100101 Firefox/39.0"
192.168.29.136 - - [17/Sep/2018:03:06:54 -0700] "GET /sitemap.xml HTTP/1.1" 404 448 "-" "Mozilla/5.0 (Windows NT 6.3; WOW64; rv:39.0) Gecko/20100101 Firefox/39.0"
192.168.29.136 - - [17/Sep/2018:03:06:54 -0700] "GET / HTTP/1.1" 200 58685 "-" "Mozilla/5.0 (Windows NT 6.3; WOW64; rv:39.0) Gecko/20100101 Firefox/39.0"
192.168.29.136 - - [17/Sep/2018:03:06:54 -0700] "GET / HTTP/1.1" 200 58685 "http://192.168.29.135" "Mozilla/5.0 (Windows NT 6.3; WOW64; rv:39.0) Gecko/20100101 Firefox/39.0"
192.168.29.136 - - [17/Sep/2018:03:06:55 -0700] "GET /index.php/sample-page/ HTTP/1.1" 200 55570 "http://192.168.29.135" "Mozilla/5.0 (Windows NT 6.3; WOW64; rv:39.0) Gecko/20100101 Firefox/39.0"
192.168.29.136 - - [17/Sep/2018:03:06:55 -0700] "GET /index.php/privacy-policy/ HTTP/1.1" 200 58617 "http://192.168.29.135" "Mozilla/5.0 (Windows NT 6.3; WOW64; rv:39.0) Gecko/20100101 Firefox/39.0"
192.168.29.136 - - [17/Sep/2018:03:06:55 -0700] "GET /index.php/2018/09/14/shop-like-no-other/ HTTP/1.1" 200 67040 "http://192.168.29.135" "Mozilla/5.0 (Windows NT 6.3; WOW64; rv:39.0) Gecko/20100101 Firefox/39.0"
192.168.29.136 - - [17/Sep/2018:03:06:55 -0700] "GET /index.php/2018/09/14/hello-world/ HTTP/1.1" 200 65883 "http://192.168.29.135" "Mozilla/5.0 (Windows NT 6.3; WOW64; rv:39.0) Gecko/20100101 Firefox/39.0"
192.168.29.136 - - [17/Sep/2018:03:06:55 -0700] "GET /index.php/2018/09/ HTTP/1.1" 200 58391 "http://192.168.29.135" "Mozilla/5.0 (Windows NT 6.3; WOW64; rv:39.0) Gecko/20100101 Firefox/39.0"
192.168.29.136 - - [17/Sep/2018:03:06:55 -0700] "GET /index.php/category/uncategorised/ HTTP/1.1" 200 58623 "http://192.168.29.135" "Mozilla/5.0 (Windows NT 6.3; WOW64; rv:39.0) Gecko/20100101 Firefox/39.0"
192.168.29.136 - - [17/Sep/2018:03:06:55 -0700] "GET /wp-login.php HTTP/1.1" 200 2811 "http://192.168.29.135" "Mozilla/5.0 (Windows NT 6.3; WOW64; rv:39.0) Gecko/20100101 Firefox/39.0"
192.168.29.136 - - [17/Sep/2018:03:06:55 -0700] "GET /index.php/feed/ HTTP/1.1" 200 2971 "http://192.168.29.135" "Mozilla/5.0 (Windows NT 6.3; WOW64; rv:39.0) Gecko/20100101 Firefox/39.0"
192.168.29.136 - - [17/Sep/2018:03:06:55 -0700] "GET /wp-content/themes/twentyseventeen/style.css?ver=4.9.8 HTTP/1.1" 200 83655 "http://192.168.29.135" "Mozilla/5.0 (Windows NT 6.3; WOW64; rv:39.0) Gecko/20100101 Firefox/39.0"
192.168.29.136 - - [17/Sep/2018:03:06:55 -0700] "GET /index.php/comments/feed/ HTTP/1.1" 200 4775 "http://192.168.29.135" "Mozilla/5.0 (Windows NT 6.3; WOW64; rv:39.0) Gecko/20100101 Firefox/39.0"
192.168.29.136 - - [17/Sep/2018:03:06:55 -0700] "GET /wp-content/themes/twentyseventeen/assets/css/colors-dark.css?ver=1.0 HTTP/1.1" 200 18440 "http://192.168.29.135" "Mozilla/5.0 (Windows NT 6.3; WOW64; rv:39.0) Gecko/20100101 Firefox/39.0"
192.168.29.136 - - [17/Sep/2018:03:06:55 -0700] "GET /xmlrpc.php?rsd HTTP/1.1" 200 1035 "http://192.168.29.135" "Mozilla/5.0 (Windows NT 6.3; WOW64; rv:39.0) Gecko/20100101 Firefox/39.0"
192.168.29.136 - - [17/Sep/2018:03:06:55 -0700] "GET /wp-includes/wlwmanifest.xml HTTP/1.1" 200 1303 "http://192.168.29.135" "Mozilla/5.0 (Windows NT 6.3; WOW64; rv:39.0) Gecko/20100101 Firefox/39.0"
192.168.29.136 - - [17/Sep/2018:03:06:55 -0700] "GET /index.php/wp-json/ HTTP/1.1" 200 53563 "http://192.168.29.135" "Mozilla/5.0 (Windows NT 6.3; WOW64; rv:39.0) Gecko/20100101 Firefox/39.0"
192.168.29.136 - - [17/Sep/2018:03:06:55 -0700] "GET /wp-includes/js/jquery/jquery.js?ver=1.12.4 HTTP/1.1" 200 97452 "http://192.168.29.135" "Mozilla/5.0 (Windows NT 6.3; WOW64; rv:39.0) Gecko/20100101 Firefox/39.0"
192.168.29.136 - - [17/Sep/2018:03:06:55 -0700] "GET /wp-includes/js/jquery/jquery-migrate.min.js?ver=1.4.1 HTTP/1.1" 200 10323 "http://192.168.29.135" "Mozilla/5.0 (Windows NT 6.3; WOW64; rv:39.0) Gecko/20100101 Firefox/39.0"
192.168.29.136 - - [17/Sep/2018:03:06:55 -0700] "GET /wp-content/themes/twentyseventeen/assets/js/skip-link-focus-fix.js?ver=1.0 HTTP/1.1" 200 947 "http://192.168.29.135" "Mozilla/5.0 (Windows NT 6.3; WOW64; rv:39.0) Gecko/20100101 Firefox/39.0"
192.168.29.136 - - [17/Sep/2018:03:06:55 -0700] "GET /wp-content/themes/twentyseventeen/assets/js/navigation.js?ver=1.0 HTTP/1.1" 200 4019 "http://192.168.29.135" "Mozilla/5.0 (Windows NT 6.3; WOW64; rv:39.0) Gecko/20100101 Firefox/39.0"
192.168.29.136 - - [17/Sep/2018:03:06:55 -0700] "GET /wp-content/themes/twentyseventeen/assets/js/global.js?ver=1.0 HTTP/1.1" 200 7948 "http://192.168.29.135" "Mozilla/5.0 (Windows NT 6.3; WOW64; rv:39.0) Gecko/20100101 Firefox/39.0"
192.168.29.136 - - [17/Sep/2018:03:06:55 -0700] "GET /wp-content/themes/twentyseventeen/assets/js/jquery.scrollTo.js?ver=2.1.2 HTTP/1.1" 200 6102 "http://192.168.29.135" "Mozilla/5.0 (Windows NT 6.3; WOW64; rv:39.0) Gecko/20100101 Firefox/39.0"
192.168.29.136 - - [17/Sep/2018:03:06:55 -0700] "GET /wp-includes/js/wp-embed.min.js?ver=4.9.8 HTTP/1.1" 200 1663 "http://192.168.29.135" "Mozilla/5.0 (Windows NT 6.3; WOW64; rv:39.0) Gecko/20100101 Firefox/39.0"
192.168.29.136 - - [17/Sep/2018:03:06:55 -0700] "GET /wp-content/themes/twentyseventeen/assets/images/header.jpg HTTP/1.1" 200 115088 "http://192.168.29.135" "Mozilla/5.0 (Windows NT 6.3; WOW64; rv:39.0) Gecko/20100101 Firefox/39.0"
192.168.29.136 - - [17/Sep/2018:03:06:55 -0700] "GET /wp-content/themes/twentyseventeen/assets/css/ie8.css?ver=1.0 HTTP/1.1" 200 3897 "http://192.168.29.135" "Mozilla/5.0 (Windows NT 6.3; WOW64; rv:39.0) Gecko/20100101 Firefox/39.0"
192.168.29.136 - - [17/Sep/2018:03:06:55 -0700] "GET /wp-content/themes/twentyseventeen/assets/js/html5.js?ver=3.7.3 HTTP/1.1" 200 10597 "http://192.168.29.135" "Mozilla/5.0 (Windows NT 6.3; WOW64; rv:39.0) Gecko/20100101 Firefox/39.0"
192.168.29.136 - - [17/Sep/2018:03:06:55 -0700] "GET /wp-admin/ HTTP/1.1" 302 373 "http://192.168.29.135/index.php/sample-page/" "Mozilla/5.0 (Windows NT 6.3; WOW64; rv:39.0) Gecko/20100101 Firefox/39.0"
192.168.29.136 - - [17/Sep/2018:03:06:55 -0700] "GET /?s HTTP/1.1" 200 60362 "http://192.168.29.135/" "Mozilla/5.0 (Windows NT 6.3; WOW64; rv:39.0) Gecko/20100101 Firefox/39.0"
192.168.29.136 - - [17/Sep/2018:03:06:55 -0700] "GET /index.php/sample-page/feed/ HTTP/1.1" 200 1234 "http://192.168.29.135/index.php/sample-page/" "Mozilla/5.0 (Windows NT 6.3; WOW64; rv:39.0) Gecko/20100101 Firefox/39.0"
192.168.29.136 - - [17/Sep/2018:03:06:55 -0700] "GET /index.php/privacy-policy/feed/ HTTP/1.1" 200 1240 "http://192.168.29.135/index.php/privacy-policy/" "Mozilla/5.0 (Windows NT 6.3; WOW64; rv:39.0) Gecko/20100101 Firefox/39.0"
192.168.29.136 - - [17/Sep/2018:03:06:55 -0700] "GET /?p=2 HTTP/1.1" 301 347 "http://192.168.29.135/index.php/sample-page/" "Mozilla/5.0 (Windows NT 6.3; WOW64; rv:39.0) Gecko/20100101 Firefox/39.0"
192.168.29.136 - - [17/Sep/2018:03:06:55 -0700] "GET /?p=3 HTTP/1.1" 301 350 "http://192.168.29.135/index.php/privacy-policy/" "Mozilla/5.0 (Windows NT 6.3; WOW64; rv:39.0) Gecko/20100101 Firefox/39.0"
192.168.29.136 - - [17/Sep/2018:03:06:55 -0700] "GET /index.php/wp-json/oembed/1.0/embed?url=http%3A%2F%2F192.168.29.135%2Findex.php%2Fsample-page%2F HTTP/1.1" 200 2706 "http://192.168.29.135/index.php/sample-page/" "Mozilla/5.0 (Windows NT 6.3; WOW64; rv:39.0) Gecko/20100101 Firefox/39.0"
192.168.29.136 - - [17/Sep/2018:03:06:55 -0700] "GET /index.php/wp-json/oembed/1.0/embed?url=http%3A%2F%2F192.168.29.135%2Findex.php%2Fprivacy-policy%2F HTTP/1.1" 200 2721 "http://192.168.29.135/index.php/privacy-policy/" "Mozilla/5.0 (Windows NT 6.3; WOW64; rv:39.0) Gecko/20100101 Firefox/39.0"
192.168.29.136 - - [17/Sep/2018:03:06:55 -0700] "GET /index.php/wp-json/oembed/1.0/embed?format=xml&url=http%3A%2F%2F192.168.29.135%2Findex.php%2Fprivacy-policy%2F HTTP/1.1" 200 2830 "http://192.168.29.135/index.php/privacy-policy/" "Mozilla/5.0 (Windows NT 6.3; WOW64; rv:39.0) Gecko/20100101 Firefox/39.0"
192.168.29.136 - - [17/Sep/2018:03:06:55 -0700] "GET /xmlrpc.php HTTP/1.1" 405 241 "http://192.168.29.135/index.php/privacy-policy/" "Mozilla/5.0 (Windows NT 6.3; WOW64; rv:39.0) Gecko/20100101 Firefox/39.0"
192.168.29.136 - - [17/Sep/2018:03:06:55 -0700] "GET /index.php/wp-json/oembed/1.0/embed?format=xml&url=http%3A%2F%2F192.168.29.135%2Findex.php%2Fsample-page%2F HTTP/1.1" 200 2815 "http://192.168.29.135/index.php/sample-page/" "Mozilla/5.0 (Windows NT 6.3; WOW64; rv:39.0) Gecko/20100101 Firefox/39.0"
192.168.29.136 - - [17/Sep/2018:03:06:55 -0700] "GET /index.php/author/admin/ HTTP/1.1" 200 58588 "http://192.168.29.135/index.php/2018/09/14/shop-like-no-other/" "Mozilla/5.0 (Windows NT 6.3; WOW64; rv:39.0) Gecko/20100101 Firefox/39.0"
192.168.29.136 - - [17/Sep/2018:03:06:55 -0700] "GET /index.php/2018/09/14/shop-like-no-other/?replytocom=3 HTTP/1.1" 200 67100 "http://192.168.29.135/index.php/2018/09/14/shop-like-no-other/" "Mozilla/5.0 (Windows NT 6.3; WOW64; rv:39.0) Gecko/20100101 Firefox/39.0"
192.168.29.136 - - [17/Sep/2018:03:06:55 -0700] "GET /index.php/2018/09/14/shop-like-no-other/?replytocom=4 HTTP/1.1" 200 67100 "http://192.168.29.135/index.php/2018/09/14/shop-like-no-other/" "Mozilla/5.0 (Windows NT 6.3; WOW64; rv:39.0) Gecko/20100101 Firefox/39.0"
192.168.29.136 - - [17/Sep/2018:03:06:55 -0700] "GET /index.php/2018/09/14/shop-like-no-other/?replytocom=6 HTTP/1.1" 200 67097 "http://192.168.29.135/index.php/2018/09/14/shop-like-no-other/" "Mozilla/5.0 (Windows NT 6.3; WOW64; rv:39.0) Gecko/20100101 Firefox/39.0"
192.168.29.136 - - [17/Sep/2018:03:06:56 -0700] "GET /index.php/2018/09/14/shop-like-no-other/feed/ HTTP/1.1" 200 3060 "http://192.168.29.135/index.php/2018/09/14/shop-like-no-other/" "Mozilla/5.0 (Windows NT 6.3; WOW64; rv:39.0) Gecko/20100101 Firefox/39.0"
192.168.29.136 - - [17/Sep/2018:03:06:56 -0700] "GET /index.php/2018/09/14/shop-like-no-other/?replytocom=7 HTTP/1.1" 200 67100 "http://192.168.29.135/index.php/2018/09/14/shop-like-no-other/" "Mozilla/5.0 (Windows NT 6.3; WOW64; rv:39.0) Gecko/20100101 Firefox/39.0"
192.168.29.136 - - [17/Sep/2018:03:06:56 -0700] "GET /index.php/2018/09/14/hello-world/?replytocom=1 HTTP/1.1" 200 65959 "http://192.168.29.135/index.php/2018/09/14/hello-world/" "Mozilla/5.0 (Windows NT 6.3; WOW64; rv:39.0) Gecko/20100101 Firefox/39.0"
192.168.29.136 - - [17/Sep/2018:03:06:56 -0700] "GET /index.php/2018/09/14/hello-world/?replytocom=2 HTTP/1.1" 200 65943 "http://192.168.29.135/index.php/2018/09/14/hello-world/" "Mozilla/5.0 (Windows NT 6.3; WOW64; rv:39.0) Gecko/20100101 Firefox/39.0"
192.168.29.136 - - [17/Sep/2018:03:06:56 -0700] "GET /index.php/2018/09/14/hello-world/feed/ HTTP/1.1" 200 2972 "http://192.168.29.135/index.php/2018/09/14/hello-world/" "Mozilla/5.0 (Windows NT 6.3; WOW64; rv:39.0) Gecko/20100101 Firefox/39.0"
